[1/1] Compiling plugin GRPCSwiftPlugin
[2/2] Compiling plugin SwiftProtobufPlugin
[3/3] Compiling plugin OpenAPIGeneratorCommand
[4/4] Compiling plugin OpenAPIGenerator
[5/5] Compiling plugin GenerateManual
[6/6] Compiling plugin GenerateDoccReference
Building for debugging...
[6/10] Write swift-version--58304C5D6DBC2206.txt
Build complete! (0.42s)
Test Suite 'Selected tests' started at 2026-06-11 11:26:45.534.
Test Suite 'ObsidianClaudeBrainServerPackageTests.xctest' started at 2026-06-11 11:26:45.540.
Test Suite 'RankStringTests' started at 2026-06-11 11:26:45.540.
Test Case '-[AppTests.RankStringTests testAdjacentKeysGetMidpoint]' started.
Test Case '-[AppTests.RankStringTests testAdjacentKeysGetMidpoint]' passed (0.001 seconds).
Test Case '-[AppTests.RankStringTests testBetweenNilNilIsMidpoint]' started.
Test Case '-[AppTests.RankStringTests testBetweenNilNilIsMidpoint]' passed (0.000 seconds).
Test Case '-[AppTests.RankStringTests testBetweenOrdersCorrectly]' started.
Test Case '-[AppTests.RankStringTests testBetweenOrdersCorrectly]' passed (0.000 seconds).
Test Case '-[AppTests.RankStringTests testRepeatedInsertAtEndStaysOrdered]' started.
Test Case '-[AppTests.RankStringTests testRepeatedInsertAtEndStaysOrdered]' passed (0.001 seconds).
Test Case '-[AppTests.RankStringTests testRepeatedInsertAtFrontStaysOrdered]' started.
Test Case '-[AppTests.RankStringTests testRepeatedInsertAtFrontStaysOrdered]' passed (0.000 seconds).
Test Suite 'RankStringTests' passed at 2026-06-11 11:26:45.542.
	 Executed 5 tests, with 0 failures (0 unexpected) in 0.002 (0.002) seconds
Test Suite 'SOULComposerTests' started at 2026-06-11 11:26:45.542.
Test Case '-[AppTests.SOULComposerTests testAgentNameInIdentity]' started.
Test Case '-[AppTests.SOULComposerTests testAgentNameInIdentity]' passed (0.000 seconds).
Test Case '-[AppTests.SOULComposerTests testAutonomyRendersOperations]' started.
Test Case '-[AppTests.SOULComposerTests testAutonomyRendersOperations]' passed (0.000 seconds).
Test Case '-[AppTests.SOULComposerTests testEmptyNameDefaultsToHermes]' started.
Test Case '-[AppTests.SOULComposerTests testEmptyNameDefaultsToHermes]' passed (0.000 seconds).
Test Case '-[AppTests.SOULComposerTests testFrontmatterCreatedAtISO]' started.
Test Case '-[AppTests.SOULComposerTests testFrontmatterCreatedAtISO]' passed (0.000 seconds).
Test Case '-[AppTests.SOULComposerTests testFrontmatterPresent]' started.
Test Case '-[AppTests.SOULComposerTests testFrontmatterPresent]' passed (0.000 seconds).
Test Case '-[AppTests.SOULComposerTests testNoPlaceholderCommentsRemain]' started.
Test Case '-[AppTests.SOULComposerTests testNoPlaceholderCommentsRemain]' passed (0.000 seconds).
Test Case '-[AppTests.SOULComposerTests testRoleRendersDistinctIdentity]' started.
Test Case '-[AppTests.SOULComposerTests testRoleRendersDistinctIdentity]' passed (0.000 seconds).
Test Case '-[AppTests.SOULComposerTests testToneRendersDistinctVoice]' started.
Test Case '-[AppTests.SOULComposerTests testToneRendersDistinctVoice]' passed (0.000 seconds).
Test Case '-[AppTests.SOULComposerTests testUnderSizeCap]' started.
Test Case '-[AppTests.SOULComposerTests testUnderSizeCap]' passed (0.000 seconds).
Test Suite 'SOULComposerTests' passed at 2026-06-11 11:26:45.545.
	 Executed 9 tests, with 0 failures (0 unexpected) in 0.002 (0.003) seconds
Test Suite 'ObsidianClaudeBrainServerPackageTests.xctest' passed at 2026-06-11 11:26:45.545.
	 Executed 14 tests, with 0 failures (0 unexpected) in 0.004 (0.005) seconds
Test Suite 'Selected tests' passed at 2026-06-11 11:26:45.545.
	 Executed 14 tests, with 0 failures (0 unexpected) in 0.004 (0.011) seconds
2026-06-11T11:26:45+0100 error test.db.isolation: database-id=psql error=PSQLError(code: server, serverInfo: [sqlState: 28000, file: miscinit.c, line: 799, message: role "luminavault" does not exist, routine: InitializeSessionUserId, localizedSeverity: FATAL, severity: FATAL]) [AsyncKit] Opening new connection for pool failed
2026-06-11T11:26:45+0100 error test.db.isolation: database-id=psql error=PSQLError(code: server, serverInfo: [sqlState: 28000, file: miscinit.c, line: 799, message: role "luminavault" does not exist, routine: InitializeSessionUserId, localizedSeverity: FATAL, severity: FATAL]) [AsyncKit] Opening new connection for pool failed
2026-06-11T11:26:45+0100 error test.db.isolation: database-id=psql error=PSQLError(code: server, serverInfo: [sqlState: 28000, file: miscinit.c, line: 799, message: role "luminavault" does not exist, routine: InitializeSessionUserId, localizedSeverity: FATAL, severity: FATAL]) [AsyncKit] Opening new connection for pool failed
2026-06-11T11:26:45+0100 error test.db.isolation: database-id=psql error=PSQLError(code: server, serverInfo: [sqlState: 28000, file: miscinit.c, line: 799, message: role "luminavault" does not exist, routine: InitializeSessionUserId, localizedSeverity: FATAL, severity: FATAL]) [AsyncKit] Opening new connection for pool failed
2026-06-11T11:26:45+0100 error test.db.isolation: database-id=psql error=PSQLError(code: server, serverInfo: [sqlState: 28000, file: miscinit.c, line: 799, message: role "luminavault" does not exist, routine: InitializeSessionUserId, localizedSeverity: FATAL, severity: FATAL]) [AsyncKit] Opening new connection for pool failed
2026-06-11T11:26:45+0100 error test.db.isolation: database-id=psql error=PSQLError(code: server, serverInfo: [sqlState: 28000, file: miscinit.c, line: 799, message: role "luminavault" does not exist, routine: InitializeSessionUserId, localizedSeverity: FATAL, severity: FATAL]) [AsyncKit] Opening new connection for pool failed
2026-06-11T11:26:45+0100 error test.db.isolation: database-id=psql error=PSQLError(code: server, serverInfo: [sqlState: 28000, file: miscinit.c, line: 799, message: role "luminavault" does not exist, routine: InitializeSessionUserId, localizedSeverity: FATAL, severity: FATAL]) [AsyncKit] Opening new connection for pool failed
2026-06-11T11:26:45+0100 error test.db.isolation: database-id=psql error=PSQLError(code: server, serverInfo: [sqlState: 28000, file: miscinit.c, line: 799, message: role "luminavault" does not exist, routine: InitializeSessionUserId, localizedSeverity: FATAL, severity: FATAL]) [AsyncKit] Opening new connection for pool failed
2026-06-11T11:26:45+0100 error test.db.isolation: database-id=psql error=PSQLError(code: server, serverInfo: [sqlState: 28000, file: miscinit.c, line: 799, message: role "luminavault" does not exist, routine: InitializeSessionUserId, localizedSeverity: FATAL, severity: FATAL]) [AsyncKit] Opening new connection for pool failed
2026-06-11T11:26:45+0100 error test.db.isolation: database-id=psql error=PSQLError(code: server, serverInfo: [sqlState: 28000, file: miscinit.c, line: 799, message: role "luminavault" does not exist, routine: InitializeSessionUserId, localizedSeverity: FATAL, severity: FATAL]) [AsyncKit] Opening new connection for pool failed
2026-06-11T11:26:45+0100 error test.db.isolation: database-id=psql error=PSQLError(code: server, serverInfo: [sqlState: 28000, file: miscinit.c, line: 799, message: role "luminavault" does not exist, routine: InitializeSessionUserId, localizedSeverity: FATAL, severity: FATAL]) [AsyncKit] Opening new connection for pool failed
2026-06-11T11:26:45+0100 error test.db.isolation: database-id=psql error=PSQLError(code: server, serverInfo: [sqlState: 28000, file: miscinit.c, line: 799, message: role "luminavault" does not exist, routine: InitializeSessionUserId, localizedSeverity: FATAL, severity: FATAL]) [AsyncKit] Opening new connection for pool failed
2026-06-11T11:26:45+0100 error test.db.isolation: database-id=psql error=PSQLError(code: server, serverInfo: [sqlState: 28000, file: miscinit.c, line: 799, message: role "luminavault" does not exist, routine: InitializeSessionUserId, localizedSeverity: FATAL, severity: FATAL]) [AsyncKit] Opening new connection for pool failed
2026-06-11T11:26:45+0100 error test.db.isolation: database-id=psql error=PSQLError(code: server, serverInfo: [sqlState: 28000, file: miscinit.c, line: 799, message: role "luminavault" does not exist, routine: InitializeSessionUserId, localizedSeverity: FATAL, severity: FATAL]) [AsyncKit] Opening new connection for pool failed
2026-06-11T11:26:45+0100 error test.db.isolation: database-id=psql error=PSQLError(code: server, serverInfo: [sqlState: 28000, file: miscinit.c, line: 799, message: role "luminavault" does not exist, routine: InitializeSessionUserId, localizedSeverity: FATAL, severity: FATAL]) [AsyncKit] Opening new connection for pool failed
2026-06-11T11:26:45+0100 error test.db.isolation: database-id=psql error=PSQLError(code: server, serverInfo: [sqlState: 28000, file: miscinit.c, line: 799, message: role "luminavault" does not exist, routine: InitializeSessionUserId, localizedSeverity: FATAL, severity: FATAL]) [AsyncKit] Opening new connection for pool failed
2026-06-11T11:26:45+0100 error test.db.isolation: database-id=psql error=PSQLError(code: server, serverInfo: [sqlState: 28000, file: miscinit.c, line: 799, message: role "luminavault" does not exist, routine: InitializeSessionUserId, localizedSeverity: FATAL, severity: FATAL]) [AsyncKit] Opening new connection for pool failed
2026-06-11T11:26:45+0100 error test.db.isolation: database-id=psql error=PSQLError(code: server, serverInfo: [sqlState: 28000, file: miscinit.c, line: 799, message: role "luminavault" does not exist, routine: InitializeSessionUserId, localizedSeverity: FATAL, severity: FATAL]) [AsyncKit] Opening new connection for pool failed
2026-06-11T11:26:45+0100 error test.db.isolation: database-id=psql error=PSQLError(code: server, serverInfo: [sqlState: 28000, file: miscinit.c, line: 799, message: role "luminavault" does not exist, routine: InitializeSessionUserId, localizedSeverity: FATAL, severity: FATAL]) [AsyncKit] Opening new connection for pool failed
2026-06-11T11:26:45+0100 error test.db.isolation: database-id=psql error=PSQLError(code: server, serverInfo: [sqlState: 28000, file: miscinit.c, line: 799, message: role "luminavault" does not exist, routine: InitializeSessionUserId, localizedSeverity: FATAL, severity: FATAL]) [AsyncKit] Opening new connection for pool failed
2026-06-11T11:26:45+0100 error test.db.isolation: database-id=psql error=PSQLError(code: server, serverInfo: [sqlState: 28000, file: miscinit.c, line: 799, message: role "luminavault" does not exist, routine: InitializeSessionUserId, localizedSeverity: FATAL, severity: FATAL]) [AsyncKit] Opening new connection for pool failed
2026-06-11T11:26:45+0100 error test.db.isolation: database-id=psql error=PSQLError(code: server, serverInfo: [sqlState: 28000, file: miscinit.c, line: 799, message: role "luminavault" does not exist, routine: InitializeSessionUserId, localizedSeverity: FATAL, severity: FATAL]) [AsyncKit] Opening new connection for pool failed
2026-06-11T11:26:45+0100 error test.db.isolation: database-id=psql error=PSQLError(code: server, serverInfo: [sqlState: 28000, file: miscinit.c, line: 799, message: role "luminavault" does not exist, routine: InitializeSessionUserId, localizedSeverity: FATAL, severity: FATAL]) [AsyncKit] Opening new connection for pool failed
2026-06-11T11:26:45+0100 error test.db.isolation: database-id=psql error=PSQLError(code: server, serverInfo: [sqlState: 28000, file: miscinit.c, line: 799, message: role "luminavault" does not exist, routine: InitializeSessionUserId, localizedSeverity: FATAL, severity: FATAL]) [AsyncKit] Opening new connection for pool failed
2026-06-11T11:26:45+0100 error test.db.isolation: database-id=psql error=PSQLError(code: server, serverInfo: [sqlState: 28000, file: miscinit.c, line: 799, message: role "luminavault" does not exist, routine: InitializeSessionUserId, localizedSeverity: FATAL, severity: FATAL]) [AsyncKit] Opening new connection for pool failed
2026-06-11T11:26:45+0100 error test.db.isolation: database-id=psql error=PSQLError(code: server, serverInfo: [sqlState: 28000, file: miscinit.c, line: 799, message: role "luminavault" does not exist, routine: InitializeSessionUserId, localizedSeverity: FATAL, severity: FATAL]) [AsyncKit] Opening new connection for pool failed
2026-06-11T11:26:45+0100 error test.db.isolation: database-id=psql error=PSQLError(code: server, serverInfo: [sqlState: 28000, file: miscinit.c, line: 799, message: role "luminavault" does not exist, routine: InitializeSessionUserId, localizedSeverity: FATAL, severity: FATAL]) [AsyncKit] Opening new connection for pool failed
2026-06-11T11:26:45+0100 error test.db.isolation: database-id=psql error=PSQLError(code: server, serverInfo: [sqlState: 28000, file: miscinit.c, line: 799, message: role "luminavault" does not exist, routine: InitializeSessionUserId, localizedSeverity: FATAL, severity: FATAL]) [AsyncKit] Opening new connection for pool failed
2026-06-11T11:26:45+0100 error test.db.isolation: database-id=psql error=PSQLError(code: server, serverInfo: [sqlState: 28000, file: miscinit.c, line: 799, message: role "luminavault" does not exist, routine: InitializeSessionUserId, localizedSeverity: FATAL, severity: FATAL]) [AsyncKit] Opening new connection for pool failed
2026-06-11T11:26:45+0100 error test.db.isolation: database-id=psql error=PSQLError(code: server, serverInfo: [sqlState: 28000, file: miscinit.c, line: 799, message: role "luminavault" does not exist, routine: InitializeSessionUserId, localizedSeverity: FATAL, severity: FATAL]) [AsyncKit] Opening new connection for pool failed
2026-06-11T11:26:45+0100 error test.db.isolation: database-id=psql error=PSQLError(code: server, serverInfo: [sqlState: 28000, file: miscinit.c, line: 799, message: role "luminavault" does not exist, routine: InitializeSessionUserId, localizedSeverity: FATAL, severity: FATAL]) [AsyncKit] Opening new connection for pool failed
2026-06-11T11:26:45+0100 error test.db.isolation: database-id=psql error=PSQLError(code: server, serverInfo: [sqlState: 28000, file: miscinit.c, line: 799, message: role "luminavault" does not exist, routine: InitializeSessionUserId, localizedSeverity: FATAL, severity: FATAL]) [AsyncKit] Opening new connection for pool failed
2026-06-11T11:26:45+0100 error test.db.isolation: database-id=psql error=PSQLError(code: server, serverInfo: [sqlState: 28000, file: miscinit.c, line: 799, message: role "luminavault" does not exist, routine: InitializeSessionUserId, localizedSeverity: FATAL, severity: FATAL]) [AsyncKit] Opening new connection for pool failed
2026-06-11T11:26:45+0100 error test.db.isolation: database-id=psql error=PSQLError(code: server, serverInfo: [sqlState: 28000, file: miscinit.c, line: 799, message: role "luminavault" does not exist, routine: InitializeSessionUserId, localizedSeverity: FATAL, severity: FATAL]) [AsyncKit] Opening new connection for pool failed
2026-06-11T11:26:45+0100 error test.db.isolation: database-id=psql error=PSQLError(code: server, serverInfo: [sqlState: 28000, file: miscinit.c, line: 799, message: role "luminavault" does not exist, routine: InitializeSessionUserId, localizedSeverity: FATAL, severity: FATAL]) [AsyncKit] Opening new connection for pool failed
2026-06-11T11:26:45+0100 error test.db.isolation: database-id=psql error=PSQLError(code: server, serverInfo: [sqlState: 28000, file: miscinit.c, line: 799, message: role "luminavault" does not exist, routine: InitializeSessionUserId, localizedSeverity: FATAL, severity: FATAL]) [AsyncKit] Opening new connection for pool failed
2026-06-11T11:26:45+0100 error test.db.isolation: database-id=psql error=PSQLError(code: server, serverInfo: [sqlState: 28000, file: miscinit.c, line: 799, message: role "luminavault" does not exist, routine: InitializeSessionUserId, localizedSeverity: FATAL, severity: FATAL]) [AsyncKit] Opening new connection for pool failed
2026-06-11T11:26:45+0100 error test.db.isolation: database-id=psql error=PSQLError(code: server, serverInfo: [sqlState: 28000, file: miscinit.c, line: 799, message: role "luminavault" does not exist, routine: InitializeSessionUserId, localizedSeverity: FATAL, severity: FATAL]) [AsyncKit] Opening new connection for pool failed
2026-06-11T11:26:45+0100 error test.db.isolation: database-id=psql error=PSQLError(code: server, serverInfo: [sqlState: 28000, file: miscinit.c, line: 799, message: role "luminavault" does not exist, routine: InitializeSessionUserId, localizedSeverity: FATAL, severity: FATAL]) [AsyncKit] Opening new connection for pool failed
2026-06-11T11:26:45+0100 error test.db.isolation: database-id=psql error=PSQLError(code: server, serverInfo: [sqlState: 28000, file: miscinit.c, line: 799, message: role "luminavault" does not exist, routine: InitializeSessionUserId, localizedSeverity: FATAL, severity: FATAL]) [AsyncKit] Opening new connection for pool failed
2026-06-11T11:26:45+0100 error test.db.isolation: database-id=psql error=PSQLError(code: server, serverInfo: [sqlState: 28000, file: miscinit.c, line: 799, message: role "luminavault" does not exist, routine: InitializeSessionUserId, localizedSeverity: FATAL, severity: FATAL]) [AsyncKit] Opening new connection for pool failed
2026-06-11T11:26:45+0100 error test.db.isolation: database-id=psql error=PSQLError(code: server, serverInfo: [sqlState: 28000, file: miscinit.c, line: 799, message: role "luminavault" does not exist, routine: InitializeSessionUserId, localizedSeverity: FATAL, severity: FATAL]) [AsyncKit] Opening new connection for pool failed
2026-06-11T11:26:45+0100 error test.db.isolation: database-id=psql error=PSQLError(code: server, serverInfo: [sqlState: 28000, file: miscinit.c, line: 799, message: role "luminavault" does not exist, routine: InitializeSessionUserId, localizedSeverity: FATAL, severity: FATAL]) [AsyncKit] Opening new connection for pool failed
2026-06-11T11:26:45+0100 error test.db.isolation: database-id=psql error=PSQLError(code: server, serverInfo: [sqlState: 28000, file: miscinit.c, line: 799, message: role "luminavault" does not exist, routine: InitializeSessionUserId, localizedSeverity: FATAL, severity: FATAL]) [AsyncKit] Opening new connection for pool failed
2026-06-11T11:26:45+0100 error test.db.isolation: database-id=psql error=PSQLError(code: server, serverInfo: [sqlState: 28000, file: miscinit.c, line: 799, message: role "luminavault" does not exist, routine: InitializeSessionUserId, localizedSeverity: FATAL, severity: FATAL]) [AsyncKit] Opening new connection for pool failed
2026-06-11T11:26:45+0100 error test.db.isolation: database-id=psql error=PSQLError(code: server, serverInfo: [sqlState: 28000, file: miscinit.c, line: 799, message: role "luminavault" does not exist, routine: InitializeSessionUserId, localizedSeverity: FATAL, severity: FATAL]) [AsyncKit] Opening new connection for pool failed
2026-06-11T11:26:45+0100 error test.db.isolation: database-id=psql error=PSQLError(code: server, serverInfo: [sqlState: 28000, file: miscinit.c, line: 799, message: role "luminavault" does not exist, routine: InitializeSessionUserId, localizedSeverity: FATAL, severity: FATAL]) [AsyncKit] Opening new connection for pool failed
2026-06-11T11:26:45+0100 error test.db.isolation: database-id=psql error=PSQLError(code: server, serverInfo: [sqlState: 28000, file: miscinit.c, line: 799, message: role "luminavault" does not exist, routine: InitializeSessionUserId, localizedSeverity: FATAL, severity: FATAL]) [AsyncKit] Opening new connection for pool failed
2026-06-11T11:26:45+0100 error test.db.isolation: database-id=psql error=PSQLError(code: server, serverInfo: [sqlState: 28000, file: miscinit.c, line: 799, message: role "luminavault" does not exist, routine: InitializeSessionUserId, localizedSeverity: FATAL, severity: FATAL]) [AsyncKit] Opening new connection for pool failed
2026-06-11T11:26:45+0100 error test.db.isolation: database-id=psql error=PSQLError(code: server, serverInfo: [sqlState: 28000, file: miscinit.c, line: 799, message: role "luminavault" does not exist, routine: InitializeSessionUserId, localizedSeverity: FATAL, severity: FATAL]) [AsyncKit] Opening new connection for pool failed
2026-06-11T11:26:45+0100 error test.db.isolation: database-id=psql error=PSQLError(code: server, serverInfo: [sqlState: 28000, file: miscinit.c, line: 799, message: role "luminavault" does not exist, routine: InitializeSessionUserId, localizedSeverity: FATAL, severity: FATAL]) [AsyncKit] Opening new connection for pool failed
2026-06-11T11:26:45+0100 error test.db.isolation: database-id=psql error=PSQLError(code: server, serverInfo: [sqlState: 28000, file: miscinit.c, line: 799, message: role "luminavault" does not exist, routine: InitializeSessionUserId, localizedSeverity: FATAL, severity: FATAL]) [AsyncKit] Opening new connection for pool failed
2026-06-11T11:26:45+0100 error test.db.isolation: database-id=psql error=PSQLError(code: server, serverInfo: [sqlState: 28000, file: miscinit.c, line: 799, message: role "luminavault" does not exist, routine: InitializeSessionUserId, localizedSeverity: FATAL, severity: FATAL]) [AsyncKit] Opening new connection for pool failed
2026-06-11T11:26:45+0100 error test.db.isolation: database-id=psql error=PSQLError(code: server, serverInfo: [sqlState: 28000, file: miscinit.c, line: 799, message: role "luminavault" does not exist, routine: InitializeSessionUserId, localizedSeverity: FATAL, severity: FATAL]) [AsyncKit] Opening new connection for pool failed
2026-06-11T11:26:45+0100 error test.db.isolation: database-id=psql error=PSQLError(code: server, serverInfo: [sqlState: 28000, file: miscinit.c, line: 799, message: role "luminavault" does not exist, routine: InitializeSessionUserId, localizedSeverity: FATAL, severity: FATAL]) [AsyncKit] Opening new connection for pool failed
2026-06-11T11:26:45+0100 error test.db.isolation: database-id=psql error=PSQLError(code: server, serverInfo: [sqlState: 28000, file: miscinit.c, line: 799, message: role "luminavault" does not exist, routine: InitializeSessionUserId, localizedSeverity: FATAL, severity: FATAL]) [AsyncKit] Opening new connection for pool failed
2026-06-11T11:26:45+0100 error test.db.isolation: database-id=psql error=PSQLError(code: server, serverInfo: [sqlState: 28000, file: miscinit.c, line: 799, message: role "luminavault" does not exist, routine: InitializeSessionUserId, localizedSeverity: FATAL, severity: FATAL]) [AsyncKit] Opening new connection for pool failed
2026-06-11T11:26:45+0100 error test.db.isolation: database-id=psql error=PSQLError(code: server, serverInfo: [sqlState: 28000, file: miscinit.c, line: 799, message: role "luminavault" does not exist, routine: InitializeSessionUserId, localizedSeverity: FATAL, severity: FATAL]) [AsyncKit] Opening new connection for pool failed
2026-06-11T11:26:45+0100 error test.db.isolation: database-id=psql error=PSQLError(code: server, serverInfo: [sqlState: 28000, file: miscinit.c, line: 799, message: role "luminavault" does not exist, routine: InitializeSessionUserId, localizedSeverity: FATAL, severity: FATAL]) [AsyncKit] Opening new connection for pool failed
2026-06-11T11:26:45+0100 error test.db.isolation: database-id=psql error=PSQLError(code: server, serverInfo: [sqlState: 28000, file: miscinit.c, line: 799, message: role "luminavault" does not exist, routine: InitializeSessionUserId, localizedSeverity: FATAL, severity: FATAL]) [AsyncKit] Opening new connection for pool failed
2026-06-11T11:26:45+0100 error test.db.isolation: database-id=psql error=PSQLError(code: server, serverInfo: [sqlState: 28000, file: miscinit.c, line: 799, message: role "luminavault" does not exist, routine: InitializeSessionUserId, localizedSeverity: FATAL, severity: FATAL]) [AsyncKit] Opening new connection for pool failed
2026-06-11T11:26:45+0100 error test.db.isolation: database-id=psql error=PSQLError(code: server, serverInfo: [sqlState: 28000, file: miscinit.c, line: 799, message: role "luminavault" does not exist, routine: InitializeSessionUserId, localizedSeverity: FATAL, severity: FATAL]) [AsyncKit] Opening new connection for pool failed
2026-06-11T11:26:45+0100 error test.db.isolation: database-id=psql error=PSQLError(code: server, serverInfo: [sqlState: 28000, file: miscinit.c, line: 799, message: role "luminavault" does not exist, routine: InitializeSessionUserId, localizedSeverity: FATAL, severity: FATAL]) [AsyncKit] Opening new connection for pool failed
2026-06-11T11:26:45+0100 error test.db.isolation: database-id=psql error=PSQLError(code: server, serverInfo: [sqlState: 28000, file: miscinit.c, line: 799, message: role "luminavault" does not exist, routine: InitializeSessionUserId, localizedSeverity: FATAL, severity: FATAL]) [AsyncKit] Opening new connection for pool failed
2026-06-11T11:26:45+0100 error test.db.isolation: database-id=psql error=PSQLError(code: server, serverInfo: [sqlState: 28000, file: miscinit.c, line: 799, message: role "luminavault" does not exist, routine: InitializeSessionUserId, localizedSeverity: FATAL, severity: FATAL]) [AsyncKit] Opening new connection for pool failed
2026-06-11T11:26:45+0100 error test.db.isolation: database-id=psql error=PSQLError(code: server, serverInfo: [sqlState: 28000, file: miscinit.c, line: 799, message: role "luminavault" does not exist, routine: InitializeSessionUserId, localizedSeverity: FATAL, severity: FATAL]) [AsyncKit] Opening new connection for pool failed
2026-06-11T11:26:45+0100 error test.db.isolation: database-id=psql error=PSQLError(code: server, serverInfo: [sqlState: 28000, file: miscinit.c, line: 799, message: role "luminavault" does not exist, routine: InitializeSessionUserId, localizedSeverity: FATAL, severity: FATAL]) [AsyncKit] Opening new connection for pool failed
2026-06-11T11:26:45+0100 error test.db.isolation: database-id=psql error=PSQLError(code: server, serverInfo: [sqlState: 28000, file: miscinit.c, line: 799, message: role "luminavault" does not exist, routine: InitializeSessionUserId, localizedSeverity: FATAL, severity: FATAL]) [AsyncKit] Opening new connection for pool failed
2026-06-11T11:26:45+0100 error test.db.isolation: database-id=psql error=PSQLError(code: server, serverInfo: [sqlState: 28000, file: miscinit.c, line: 799, message: role "luminavault" does not exist, routine: InitializeSessionUserId, localizedSeverity: FATAL, severity: FATAL]) [AsyncKit] Opening new connection for pool failed
2026-06-11T11:26:45+0100 error test.db.isolation: database-id=psql error=PSQLError(code: server, serverInfo: [sqlState: 28000, file: miscinit.c, line: 799, message: role "luminavault" does not exist, routine: InitializeSessionUserId, localizedSeverity: FATAL, severity: FATAL]) [AsyncKit] Opening new connection for pool failed
2026-06-11T11:26:45+0100 error test.db.isolation: database-id=psql error=PSQLError(code: server, serverInfo: [sqlState: 28000, file: miscinit.c, line: 799, message: role "luminavault" does not exist, routine: InitializeSessionUserId, localizedSeverity: FATAL, severity: FATAL]) [AsyncKit] Opening new connection for pool failed
2026-06-11T11:26:45+0100 error test.db.isolation: database-id=psql error=PSQLError(code: server, serverInfo: [sqlState: 28000, file: miscinit.c, line: 799, message: role "luminavault" does not exist, routine: InitializeSessionUserId, localizedSeverity: FATAL, severity: FATAL]) [AsyncKit] Opening new connection for pool failed
2026-06-11T11:26:45+0100 error test.db.isolation: database-id=psql error=PSQLError(code: server, serverInfo: [sqlState: 28000, file: miscinit.c, line: 799, message: role "luminavault" does not exist, routine: InitializeSessionUserId, localizedSeverity: FATAL, severity: FATAL]) [AsyncKit] Opening new connection for pool failed
2026-06-11T11:26:45+0100 error test.db.isolation: database-id=psql error=PSQLError(code: server, serverInfo: [sqlState: 28000, file: miscinit.c, line: 799, message: role "luminavault" does not exist, routine: InitializeSessionUserId, localizedSeverity: FATAL, severity: FATAL]) [AsyncKit] Opening new connection for pool failed
2026-06-11T11:26:45+0100 error test.db.isolation: database-id=psql error=PSQLError(code: server, serverInfo: [sqlState: 28000, file: miscinit.c, line: 799, message: role "luminavault" does not exist, routine: InitializeSessionUserId, localizedSeverity: FATAL, severity: FATAL]) [AsyncKit] Opening new connection for pool failed
2026-06-11T11:26:45+0100 error test.db.isolation: database-id=psql error=PSQLError(code: server, serverInfo: [sqlState: 28000, file: miscinit.c, line: 799, message: role "luminavault" does not exist, routine: InitializeSessionUserId, localizedSeverity: FATAL, severity: FATAL]) [AsyncKit] Opening new connection for pool failed
2026-06-11T11:26:45+0100 error test.db.isolation: database-id=psql error=PSQLError(code: server, serverInfo: [sqlState: 28000, file: miscinit.c, line: 799, message: role "luminavault" does not exist, routine: InitializeSessionUserId, localizedSeverity: FATAL, severity: FATAL]) [AsyncKit] Opening new connection for pool failed
2026-06-11T11:26:45+0100 error test.db.isolation: database-id=psql error=PSQLError(code: server, serverInfo: [sqlState: 28000, file: miscinit.c, line: 799, message: role "luminavault" does not exist, routine: InitializeSessionUserId, localizedSeverity: FATAL, severity: FATAL]) [AsyncKit] Opening new connection for pool failed
2026-06-11T11:26:45+0100 error test.db.isolation: database-id=psql error=PSQLError(code: server, serverInfo: [sqlState: 28000, file: miscinit.c, line: 799, message: role "luminavault" does not exist, routine: InitializeSessionUserId, localizedSeverity: FATAL, severity: FATAL]) [AsyncKit] Opening new connection for pool failed
2026-06-11T11:26:45+0100 error test.db.isolation: database-id=psql error=PSQLError(code: server, serverInfo: [sqlState: 28000, file: miscinit.c, line: 799, message: role "luminavault" does not exist, routine: InitializeSessionUserId, localizedSeverity: FATAL, severity: FATAL]) [AsyncKit] Opening new connection for pool failed
2026-06-11T11:26:45+0100 error test.db.isolation: database-id=psql error=PSQLError(code: server, serverInfo: [sqlState: 28000, file: miscinit.c, line: 799, message: role "luminavault" does not exist, routine: InitializeSessionUserId, localizedSeverity: FATAL, severity: FATAL]) [AsyncKit] Opening new connection for pool failed
2026-06-11T11:26:45+0100 error test.db.isolation: database-id=psql error=PSQLError(code: server, serverInfo: [sqlState: 28000, file: miscinit.c, line: 799, message: role "luminavault" does not exist, routine: InitializeSessionUserId, localizedSeverity: FATAL, severity: FATAL]) [AsyncKit] Opening new connection for pool failed
◇ Test run started.
↳ Testing Library Version: 1743
↳ Target Platform: arm64e-apple-macos14.0
◇ Suite JobsTests started.
◇ Suite AchievementsFlowTests started.
◇ Suite SkillManifestTests started.
◇ Suite HermesDataPathServiceTests started.
◇ Suite "Import logic" started.
◇ Suite "EmbeddingProviderKind + Error" started.
◇ Suite "Capture hook dispatcher" started.
◇ Suite HermesToolErrorClassifierTests started.
◇ Suite UpstreamErrorResponseTests started.
◇ Suite JWTKeyLoaderTests started.
✘ Suite MemoryCompileHappyPathTests recorded an issue: Caught error: PSQLError – Generic description to prevent accidental leakage of sensitive data. For debugging details, use `String(reflecting: error)`.
◇ Suite MemoryScoringTests started.
◇ Suite ProviderErrorReasonCodeTests started.
✘ Suite NousOAuthServiceTests recorded an issue: Caught error: PSQLError – Generic description to prevent accidental leakage of sensitive data. For debugging details, use `String(reflecting: error)`.
✘ Suite MemoryGraphServiceTests recorded an issue: Caught error: PSQLError – Generic description to prevent accidental leakage of sensitive data. For debugging details, use `String(reflecting: error)`.
✘ Suite HermesGatewaysControllerTests recorded an issue: Caught error: PSQLError – Generic description to prevent accidental leakage of sensitive data. For debugging details, use `String(reflecting: error)`.
✘ Suite EmailMagicLinkFlowTests recorded an issue: Caught error: PSQLError – Generic description to prevent accidental leakage of sensitive data. For debugging details, use `String(reflecting: error)`.
✘ Suite ProfilesControllerTests recorded an issue: Caught error: PSQLError – Generic description to prevent accidental leakage of sensitive data. For debugging details, use `String(reflecting: error)`.
✘ Suite MemoryPruningServiceTests recorded an issue: Caught error: PSQLError – Generic description to prevent accidental leakage of sensitive data. For debugging details, use `String(reflecting: error)`.
◇ Suite ProviderErrorSurfaceTests started.
✘ Suite InsightTests recorded an issue: Caught error: PSQLError – Generic description to prevent accidental leakage of sensitive data. For debugging details, use `String(reflecting: error)`.
◇ Suite FollowUpGeneratorTests started.
✘ Suite ConversationTests recorded an issue: Caught error: PSQLError – Generic description to prevent accidental leakage of sensitive data. For debugging details, use `String(reflecting: error)`.
✘ Suite CronPushTests recorded an issue: Caught error: PSQLError – Generic description to prevent accidental leakage of sensitive data. For debugging details, use `String(reflecting: error)`.
✘ Suite ConversationE2ETests recorded an issue: Caught error: PSQLError – Generic description to prevent accidental leakage of sensitive data. For debugging details, use `String(reflecting: error)`.
✘ Suite WebAuthnAntiEnumerationTests recorded an issue: Caught error: PSQLError – Generic description to prevent accidental leakage of sensitive data. For debugging details, use `String(reflecting: error)`.
✘ Suite EmailVerificationTests recorded an issue: Caught error: PSQLError – Generic description to prevent accidental leakage of sensitive data. For debugging details, use `String(reflecting: error)`.
◇ Suite SuggestionsControllerTests started.
◇ Suite JinaEnricherTests started.
✘ Suite M00EnableExtensionsTests recorded an issue: Caught error: PSQLError – Generic description to prevent accidental leakage of sensitive data. For debugging details, use `String(reflecting: error)`.
◇ Suite EntitlementCheckerTests started.
✘ Suite VaultExportTests recorded an issue: Caught error: PSQLError – Generic description to prevent accidental leakage of sensitive data. For debugging details, use `String(reflecting: error)`.
◇ Suite CardExtraTests started.
◇ Suite UsernamePolicyTests started.
◇ Suite "NomicEmbeddingService" started.
◇ Suite CostLedgerServiceTests started.
✘ Suite VaultInitTests recorded an issue: Caught error: PSQLError – Generic description to prevent accidental leakage of sensitive data. For debugging details, use `String(reflecting: error)`.
✘ Suite KanbanControllerTests recorded an issue: Caught error: PSQLError – Generic description to prevent accidental leakage of sensitive data. For debugging details, use `String(reflecting: error)`.
◇ Suite "Compile extraction parse" started.
◇ Suite BeliefEvolutionTests started.
✘ Suite UsageMetricsTests recorded an issue: Caught error: PSQLError – Generic description to prevent accidental leakage of sensitive data. For debugging details, use `String(reflecting: error)`.
✘ Suite MemoryCompileMemoryUpsertTests recorded an issue: Caught error: PSQLError – Generic description to prevent accidental leakage of sensitive data. For debugging details, use `String(reflecting: error)`.
◇ Suite SOULServiceTests started.
✘ Suite SkillRunnerLifecycleTests recorded an issue: Caught error: PSQLError – Generic description to prevent accidental leakage of sensitive data. For debugging details, use `String(reflecting: error)`.
◇ Suite UpstreamErrorTelemetryTests started.
✘ Suite PhoneAuthFlowTests recorded an issue: Caught error: PSQLError – Generic description to prevent accidental leakage of sensitive data. For debugging details, use `String(reflecting: error)`.
✘ Suite UsageSummaryAggregationTests recorded an issue: Caught error: PSQLError – Generic description to prevent accidental leakage of sensitive data. For debugging details, use `String(reflecting: error)`.
◇ Suite "RSS connector" started.
✘ Suite HermesProfileReconcilerTests recorded an issue: Caught error: PSQLError – Generic description to prevent accidental leakage of sensitive data. For debugging details, use `String(reflecting: error)`.
◇ Suite DailyRunCapTests started.
◇ Suite "WebSocketMemoryCompileProgressPublisher" started.
◇ Suite ModelRouterTests started.
✘ Suite IdempotencyMiddlewareTests recorded an issue: Caught error: PSQLError – Generic description to prevent accidental leakage of sensitive data. For debugging details, use `String(reflecting: error)`.
◇ Suite RateLimitMiddlewareTests started.
✘ Suite HermesUpdateServiceTests recorded an issue: Caught error: PSQLError – Generic description to prevent accidental leakage of sensitive data. For debugging details, use `String(reflecting: error)`.
✘ Suite HermesConfigControllerTests recorded an issue: Caught error: PSQLError – Generic description to prevent accidental leakage of sensitive data. For debugging details, use `String(reflecting: error)`.
✘ Suite XaiOAuthServiceTests recorded an issue: Caught error: PSQLError – Generic description to prevent accidental leakage of sensitive data. For debugging details, use `String(reflecting: error)`.
✘ Suite VaultUploadSpaceTests recorded an issue: Caught error: PSQLError – Generic description to prevent accidental leakage of sensitive data. For debugging details, use `String(reflecting: error)`.
◇ Suite URLEnricherGuardTests started.
◇ Suite PowerLevelTests started.
✘ Suite KBCompileControllerTests recorded an issue: Caught error: PSQLError – Generic description to prevent accidental leakage of sensitive data. For debugging details, use `String(reflecting: error)`.
✘ Suite ReminderSchedulerTests recorded an issue: Caught error: PSQLError – Generic description to prevent accidental leakage of sensitive data. For debugging details, use `String(reflecting: error)`.
◇ Suite OTLPHTTPLogExporterTests started.
✘ Suite HealthCorrelationServiceTests recorded an issue: Caught error: PSQLError – Generic description to prevent accidental leakage of sensitive data. For debugging details, use `String(reflecting: error)`.
✘ Suite BootstrapAdminCommandTests recorded an issue: Caught error: PSQLError – Generic description to prevent accidental leakage of sensitive data. For debugging details, use `String(reflecting: error)`.
✘ Suite "MemoryCompileService progress ordering" recorded an issue: Caught error: PSQLError – Generic description to prevent accidental leakage of sensitive data. For debugging details, use `String(reflecting: error)`.
◇ Suite CronExpressionTests started.
◇ Suite "Memory provider plugin (BYO embeddings)" started.
◇ Suite LocalHermesEmbeddingServiceTests started.
◇ Suite "Plugin marketplace curation" started.
◇ Suite NvidiaNIMLiveTests started.
✘ Suite M39HnswAndTsvectorTests recorded an issue: Caught error: PSQLError – Generic description to prevent accidental leakage of sensitive data. For debugging details, use `String(reflecting: error)`.
◇ Suite URLExtractionServiceTests started.
✘ Suite HermesProfileServiceTests recorded an issue: Caught error: PSQLError – Generic description to prevent accidental leakage of sensitive data. For debugging details, use `String(reflecting: error)`.
✘ Suite SkillRunCapGuardTests recorded an issue: Caught error: PSQLError – Generic description to prevent accidental leakage of sensitive data. For debugging details, use `String(reflecting: error)`.
✘ Suite PhotoIndexControllerTests recorded an issue: Caught error: PSQLError – Generic description to prevent accidental leakage of sensitive data. For debugging details, use `String(reflecting: error)`.
✘ Suite AppleCalendarControllerTests recorded an issue: Caught error: PSQLError – Generic description to prevent accidental leakage of sensitive data. For debugging details, use `String(reflecting: error)`.
◇ Suite URLExtractorTests started.
✘ Suite KBCompilePendingTests recorded an issue: Caught error: PSQLError – Generic description to prevent accidental leakage of sensitive data. For debugging details, use `String(reflecting: error)`.
◇ Suite PhoneE164ValidatorTests started.
◇ Suite AppTests started.
✘ Suite MemoryGraphControllerTests recorded an issue: Caught error: PSQLError – Generic description to prevent accidental leakage of sensitive data. For debugging details, use `String(reflecting: error)`.
◇ Suite "Readwise connector" started.
✘ Suite PremiumGuardMiddlewareTests recorded an issue: Caught error: PSQLError – Generic description to prevent accidental leakage of sensitive data. For debugging details, use `String(reflecting: error)`.
✘ Suite ProjectModelTests recorded an issue: Caught error: PSQLError – Generic description to prevent accidental leakage of sensitive data. For debugging details, use `String(reflecting: error)`.
◇ Suite FilesystemHermesGatewayTests started.
◇ Suite ResendEmailOTPSenderTests started.
✘ Suite EnforcementTests recorded an issue: Caught error: PSQLError – Generic description to prevent accidental leakage of sensitive data. For debugging details, use `String(reflecting: error)`.
◇ Suite "Plugin catalog slice 2" started.
◇ Suite "RoutingModelRouterTests" started.
◇ Suite HermesGatewayAdapterTests started.
◇ Suite "Hermes hub skill ref validation" started.
◇ Suite MemorySavedIDTests started.
✘ Suite JWTAuthenticatorE2ETests recorded an issue: Caught error: PSQLError – Generic description to prevent accidental leakage of sensitive data. For debugging details, use `String(reflecting: error)`.
✘ Suite RevenueCatWebhookTests recorded an issue: Caught error: PSQLError – Generic description to prevent accidental leakage of sensitive data. For debugging details, use `String(reflecting: error)`.
◇ Suite SessionTokenTests started.
◇ Suite PreAuthChallengeStoreTests started.
✘ Suite VaultCRUDTests recorded an issue: Caught error: PSQLError – Generic description to prevent accidental leakage of sensitive data. For debugging details, use `String(reflecting: error)`.
✘ Suite MemoryCompileControllerTests recorded an issue: Caught error: PSQLError – Generic description to prevent accidental leakage of sensitive data. For debugging details, use `String(reflecting: error)`.
✘ Suite HermesContainerManagerTests recorded an issue: Caught error: PSQLError – Generic description to prevent accidental leakage of sensitive data. For debugging details, use `String(reflecting: error)`.
◇ Suite RoutedLLMTransportTests started.
◇ Suite URLSessionHermesChatTransportTests started.
◇ Suite "EmbeddingFallbackService" started.
◇ Suite WebSocketBroadcastGuardTests started.
✘ Suite XOAuthTests recorded an issue: Caught error: PSQLError – Generic description to prevent accidental leakage of sensitive data. For debugging details, use `String(reflecting: error)`.
◇ Suite "Skill plugin catalog bridge" started.
✘ Suite APNSNotificationServiceTests recorded an issue: Caught error: PSQLError – Generic description to prevent accidental leakage of sensitive data. For debugging details, use `String(reflecting: error)`.
✘ Suite HermesProvisioningLifecycleTests recorded an issue: Caught error: PSQLError – Generic description to prevent accidental leakage of sensitive data. For debugging details, use `String(reflecting: error)`.
◇ Suite HermesTenantConfigSeedTests started.
✘ Suite HermesEndpointResolverTests recorded an issue: Caught error: PSQLError – Generic description to prevent accidental leakage of sensitive data. For debugging details, use `String(reflecting: error)`.
✘ Suite SoulControllerComposeTests recorded an issue: Caught error: PSQLError – Generic description to prevent accidental leakage of sensitive data. For debugging details, use `String(reflecting: error)`.
✘ Suite GrokControllerTests recorded an issue: Caught error: PSQLError – Generic description to prevent accidental leakage of sensitive data. For debugging details, use `String(reflecting: error)`.
✘ Suite SOULInitTests recorded an issue: Caught error: PSQLError – Generic description to prevent accidental leakage of sensitive data. For debugging details, use `String(reflecting: error)`.
✘ Suite AccountDeletionTests recorded an issue: Caught error: PSQLError – Generic description to prevent accidental leakage of sensitive data. For debugging details, use `String(reflecting: error)`.
✘ Suite SkillRunnerTests recorded an issue: Caught error: PSQLError – Generic description to prevent accidental leakage of sensitive data. For debugging details, use `String(reflecting: error)`.
◇ Suite OpenAITTSAdapterTests started.
✘ Suite AchievementsServiceTests recorded an issue: Caught error: PSQLError – Generic description to prevent accidental leakage of sensitive data. For debugging details, use `String(reflecting: error)`.
✘ Suite MigrateCommandTests recorded an issue: Caught error: PSQLError – Generic description to prevent accidental leakage of sensitive data. For debugging details, use `String(reflecting: error)`.
◇ Suite RateLimitStorageFactoryTests started.
◇ Suite EventBusTests started.
◇ Suite HermesLLMStreamServiceTests started.
✘ Suite MemoryCRUDTests recorded an issue: Caught error: PSQLError – Generic description to prevent accidental leakage of sensitive data. For debugging details, use `String(reflecting: error)`.
◇ Suite OpenAIEmbeddingServiceTests started.
◇ Suite MemoControllerTitleTests started.
◇ Suite ProviderErrorClassifierTests started.
◇ Suite GoogleOAuthProviderTests started.
✘ Suite TenantIsolationTests recorded an issue: Caught error: PSQLError – Generic description to prevent accidental leakage of sensitive data. For debugging details, use `String(reflecting: error)`.
✘ Suite KanbanServiceTests recorded an issue: Caught error: PSQLError – Generic description to prevent accidental leakage of sensitive data. For debugging details, use `String(reflecting: error)`.
◇ Suite SkillsControllerTests started.
✘ Suite LLMPreferencesControllerTests recorded an issue: Caught error: PSQLError – Generic description to prevent accidental leakage of sensitive data. For debugging details, use `String(reflecting: error)`.
✘ Suite MemoryCompileSpaceCountersTests recorded an issue: Caught error: PSQLError – Generic description to prevent accidental leakage of sensitive data. For debugging details, use `String(reflecting: error)`.
✘ Suite HermesMemoryServiceTests recorded an issue: Caught error: PSQLError – Generic description to prevent accidental leakage of sensitive data. For debugging details, use `String(reflecting: error)`.
◇ Suite WhatsAppPairParserTests started.
◇ Suite SecretBoxTests started.
◇ Suite RoutedLLMTransportTimeoutEnvelopeTests started.
✘ Suite MemoGeneratorTests recorded an issue: Caught error: PSQLError – Generic description to prevent accidental leakage of sensitive data. For debugging details, use `String(reflecting: error)`.
◇ Suite "Raindrop connector" started.
◇ Suite UserHermesConfigTests started.
✘ Suite AuthFlowTests recorded an issue: Caught error: PSQLError – Generic description to prevent accidental leakage of sensitive data. For debugging details, use `String(reflecting: error)`.
✘ Suite PrivacyToggleTests recorded an issue: Caught error: PSQLError – Generic description to prevent accidental leakage of sensitive data. For debugging details, use `String(reflecting: error)`.
✘ Suite HealthDailyAggregateTests recorded an issue: Caught error: PSQLError – Generic description to prevent accidental leakage of sensitive data. For debugging details, use `String(reflecting: error)`.
✘ Suite LapseArchiverTests recorded an issue: Caught error: PSQLError – Generic description to prevent accidental leakage of sensitive data. For debugging details, use `String(reflecting: error)`.
✘ Suite MemoryGeoTests recorded an issue: Caught error: PSQLError – Generic description to prevent accidental leakage of sensitive data. For debugging details, use `String(reflecting: error)`.
◇ Suite DeviceCommandBrokerTests started.
◇ Suite ContextRouterTests started.
✘ Suite SpacesCategoryTests recorded an issue: Caught error: PSQLError – Generic description to prevent accidental leakage of sensitive data. For debugging details, use `String(reflecting: error)`.
◇ Suite PasswordHasherTests started.
◇ Suite SSRFGuardTests started.
✘ Suite XaiOAuthControllerTests recorded an issue: Caught error: PSQLError – Generic description to prevent accidental leakage of sensitive data. For debugging details, use `String(reflecting: error)`.
✘ Suite LLMPreferencesChatE2ETests recorded an issue: Caught error: PSQLError – Generic description to prevent accidental leakage of sensitive data. For debugging details, use `String(reflecting: error)`.
✘ Suite LLMControllerPushSideEffectTests recorded an issue: Caught error: PSQLError – Generic description to prevent accidental leakage of sensitive data. For debugging details, use `String(reflecting: error)`.
✘ Suite HealthReadTests recorded an issue: Caught error: PSQLError – Generic description to prevent accidental leakage of sensitive data. For debugging details, use `String(reflecting: error)`.
◇ Suite LiveXaiOAuthBackendTests started.
◇ Suite RoutedLLMTransportFallbackTests started.
◇ Suite "Plugin catalog validation" started.
✘ Suite OnboardingTests recorded an issue: Caught error: PSQLError – Generic description to prevent accidental leakage of sensitive data. For debugging details, use `String(reflecting: error)`.
✘ Suite M41HermesTenantContainersTests recorded an issue: Caught error: PSQLError – Generic description to prevent accidental leakage of sensitive data. For debugging details, use `String(reflecting: error)`.
◇ Suite QueryStreamTests started.
◇ Suite ModelOriginTests started.
✘ Suite MemoryLineageTests recorded an issue: Caught error: PSQLError – Generic description to prevent accidental leakage of sensitive data. For debugging details, use `String(reflecting: error)`.
◇ Suite HermesGatewayTimeoutTests started.
◇ Suite SlashCommandParserTests started.
◇ Suite ProviderRegistryTests started.
✘ Suite DashboardEndpointsTests recorded an issue: Caught error: PSQLError – Generic description to prevent accidental leakage of sensitive data. For debugging details, use `String(reflecting: error)`.
✘ Suite TenantVectorIndexServiceTests recorded an issue: Caught error: PSQLError – Generic description to prevent accidental leakage of sensitive data. For debugging details, use `String(reflecting: error)`.
✘ Suite AppleRemindersControllerTests recorded an issue: Caught error: PSQLError – Generic description to prevent accidental leakage of sensitive data. For debugging details, use `String(reflecting: error)`.
◇ Suite "Tenant-aware embedding routing" started.
◇ Suite SMSSenderTests started.
◇ Test "authored SKILL.md parses as a valid scheduled vault skill" started.
◇ Test "slug is namespaced and filesystem-safe" started.
◇ Test "classifier tolerates a json fence, rejects non-jobs and garbage" started.
◇ Test "list endpoint rejects unauthenticated request" started.
◇ Test "builtin resources are present and non empty" started.
◇ Test "one-shot SKILL.md omits the schedule (run_at lives on skills_state)" started.
◇ Test "outputs and daily run cap decode correctly" started.
◇ Test "missing required name is rejected" started.
◇ Test "parser succeeds on every builtin manifest" started.
◇ Test "missing required capability is rejected" started.
◇ Test "parseMappings reads the canonical object" started.
◇ Test "allowed-tools accepts yaml array" started.
◇ Test "body strips frontmatter and trims surrounding whitespace" started.
◇ Test "unclosed frontmatter is rejected with descriptive error" started.
◇ Test "parseMappings tolerates code fences and surrounding prose" started.
◇ Test "recent endpoint rejects unauthenticated request" started.
◇ Test "error recoverability matrix" started.
◇ Test "missing required description is rejected" started.
◇ Test "invalid output kind is rejected" started.
◇ Test "parseBookmarksHTML extracts http(s) links, dedupes, drops non-http" started.
◇ Test "ensure creates profiles and accepts writes" started.
◇ Test "reading-time is a captureHook entry in the catalog" started.
◇ Test "kind init accepts canonical + aliased + case-insensitive inputs" started.
◇ Test "classifier parses a recurring job" started.
◇ Test "allowed-tools accepts space separated string" started.
◇ Test "parseBookmarksHTML returns empty for no links" started.
◇ Test "permission denied maps to permissionDenied" started.
◇ Test "reading-time hook installed transforms metadata at postEnrich" started.
◇ Test "not installed leaves metadata unchanged" started.
◇ Test "throwing hook is isolated and capture is unaffected" started.
◇ Test "parseMappings returns empty on garbage" started.
◇ Test "sanitize message keeps role and tool_calls" started.
◇ Test "bash stderr line is stripped" started.
◇ Test "multiple stderr lines all stripped" started.
◇ Test "invalid capability value is rejected" started.
◇ Test "timeout error maps to timeout category" started.
◇ Test "python no module named line is stripped" started.
◇ Test "non-captureHook install is ignored" started.
◇ Test "missing frontmatter is rejected" started.
◇ Test "same_tool_failure_warning parses loop exhausted" started.
◇ Test "clean assistant content returns empty array" started.
◇ Test "youtube-transcript-api missing maps to notInstalled" started.
◇ Test "tool returned error parses tool name and message" started.
◇ Test "sanitize collapses to nil when content was only noise" started.
◇ Test "generic network code maps to 502 Bad Gateway" started.
◇ Test "sanitize preserves nil and empty inputs" started.
◇ Test "body serializes to error envelope JSON" started.
◇ Test "empty input yields empty list" started.
◇ Test "upstream_rejected maps to 502 Bad Gateway" started.
◇ Test "empty content returns empty array" started.
◇ Test "sanitize message collapses empty content to empty string" started.
◇ Test "hook for a different point does not run" started.
◇ Test "rejects empty kid" started.
◇ Test "retry_after_ms omitted when nil" started.
◇ Test "rejects short secret" started.
◇ Test "tirith spawn error maps to notInstalled" started.
◇ Test "slugify produces a valid Space slug" started.
◇ Test "parses csv into ordered kid/secret pairs" started.
◇ Test "loaded collection verifies token signed by active kid" started.
◇ Test "tokens signed by retired kid still verify after rotation" started.
◇ Test "timeout code maps to 504 Gateway Timeout" started.
◇ Test "tokens signed by fully removed kid fail verification" started.
✘ Test "happy-path compile flips processedAt + onboarding flag, idempotent on second tap" recorded an issue: Caught error: PSQLError – Generic description to prevent accidental leakage of sensitive data. For debugging details, use `String(reflecting: error)`.
◇ Test "zero age never negative" started.
◇ Test "fresh untouched memory scores one" started.
◇ Test "recency decays at halflife" started.
◇ Test "access and query hits dominate old row" started.
◇ Test "nil created at treated as now" started.
✘ Test "complete with unknown session throws sessionNotFound" recorded an issue: Caught error: PSQLError – Generic description to prevent accidental leakage of sensitive data. For debugging details, use `String(reflecting: error)`.
◇ Test "rejects duplicate kids" started.
✘ Test "semantic similarity edge respects threshold" recorded an issue: Caught error: PSQLError – Generic description to prevent accidental leakage of sensitive data. For debugging details, use `String(reflecting: error)`.
✘ Test "complete fails cleanly when backend rejects" recorded an issue: Caught error: PSQLError – Generic description to prevent accidental leakage of sensitive data. For debugging details, use `String(reflecting: error)`.
◇ Test "rejects entry without colon" started.
✘ Test "shared tag produces a tag edge" recorded an issue: Caught error: PSQLError – Generic description to prevent accidental leakage of sensitive data. For debugging details, use `String(reflecting: error)`.
✘ Test "tenant isolation excludes other tenants' memories" recorded an issue: Caught error: PSQLError – Generic description to prevent accidental leakage of sensitive data. For debugging details, use `String(reflecting: error)`.
✘ Test "lineage edges link a memory to its source page only when the page is in the node set" recorded an issue: Caught error: PSQLError – Generic description to prevent accidental leakage of sensitive data. For debugging details, use `String(reflecting: error)`.
✘ Test "revoke clears nous connection" recorded an issue: Caught error: PSQLError – Generic description to prevent accidental leakage of sensitive data. For debugging details, use `String(reflecting: error)`.
✘ Test "empty graph returned for tenant with no memories" recorded an issue: Caught error: PSQLError – Generic description to prevent accidental leakage of sensitive data. For debugging details, use `String(reflecting: error)`.
✘ Test "start returns verify URL and session" recorded an issue: Caught error: PSQLError – Generic description to prevent accidental leakage of sensitive data. For debugging details, use `String(reflecting: error)`.
◇ Test "tolerates whitespace around entries" started.
✘ Test "per-node edge cap prunes excess edges" recorded an issue: Caught error: PSQLError – Generic description to prevent accidental leakage of sensitive data. For debugging details, use `String(reflecting: error)`.
✘ Test "merge precedence keeps the explicit wikilink over a weaker inferred edge on the same pair" recorded an issue: Caught error: PSQLError – Generic description to prevent accidental leakage of sensitive data. For debugging details, use `String(reflecting: error)`.
✘ Test "complete stamps nousConnectedAt without changing tier" recorded an issue: Caught error: PSQLError – Generic description to prevent accidental leakage of sensitive data. For debugging details, use `String(reflecting: error)`.
✘ Test "PUT then GET round-trips and never echoes secret config" recorded an issue: Caught error: PSQLError – Generic description to prevent accidental leakage of sensitive data. For debugging details, use `String(reflecting: error)`.
◇ Test "timeout URLError maps to upstream_timeout reason code" started.
✘ Test "tenant A's gateway invisible to tenant B" recorded an issue: Caught error: PSQLError – Generic description to prevent accidental leakage of sensitive data. For debugging details, use `String(reflecting: error)`.
✘ Test "PUT rejects missing required field with stable code" recorded an issue: Caught error: PSQLError – Generic description to prevent accidental leakage of sensitive data. For debugging details, use `String(reflecting: error)`.
✘ Test "PUT to unsupported gateway returns 404 with stable code" recorded an issue: Caught error: PSQLError – Generic description to prevent accidental leakage of sensitive data. For debugging details, use `String(reflecting: error)`.
✘ Test "second start issues fresh challenge and burns old code" recorded an issue: Caught error: PSQLError – Generic description to prevent accidental leakage of sensitive data. For debugging details, use `String(reflecting: error)`.
✘ Test "PATCH updates label and system prompt" recorded an issue: Caught error: PSQLError – Generic description to prevent accidental leakage of sensitive data. For debugging details, use `String(reflecting: error)`.
◇ Test "cannotFindHost URLError maps to upstream_unreachable" started.
✘ Test "DELETE clears stored config and returns 204" recorded an issue: Caught error: PSQLError – Generic description to prevent accidental leakage of sensitive data. For debugging details, use `String(reflecting: error)`.
✘ Test "verify without start returns 401" recorded an issue: Caught error: PSQLError – Generic description to prevent accidental leakage of sensitive data. For debugging details, use `String(reflecting: error)`.
✘ Test "verify with bad code returns 401" recorded an issue: Caught error: PSQLError – Generic description to prevent accidental leakage of sensitive data. For debugging details, use `String(reflecting: error)`.
✘ Test "chain edges connect consecutive nodes within a group" recorded an issue: Caught error: PSQLError – Generic description to prevent accidental leakage of sensitive data. For debugging details, use `String(reflecting: error)`.
✘ Test "start rejects invalid email" recorded an issue: Caught error: PSQLError – Generic description to prevent accidental leakage of sensitive data. For debugging details, use `String(reflecting: error)`.
◇ Test "cannotConnectToHost URLError maps to upstream_unreachable" started.
✘ Test "POST first profile becomes default, second does not" recorded an issue: Caught error: PSQLError – Generic description to prevent accidental leakage of sensitive data. For debugging details, use `String(reflecting: error)`.
◇ Test "unreachable code maps to 502 Bad Gateway" started.
✘ Test "GET list returns all four MVP gateways with notConfigured default" recorded an issue: Caught error: PSQLError – Generic description to prevent accidental leakage of sensitive data. For debugging details, use `String(reflecting: error)`.
◇ Test "notConnectedToInternet URLError maps to upstream_unreachable" started.
◇ Test "dnsLookupFailed URLError maps to upstream_unreachable" started.
◇ Test "networkConnectionLost URLError maps to upstream_unreachable" started.
✘ Test "start then verify creates user with email magic link identity" recorded an issue: Caught error: PSQLError – Generic description to prevent accidental leakage of sensitive data. For debugging details, use `String(reflecting: error)`.
✘ Test "DELETE non-default returns 204" recorded an issue: Caught error: PSQLError – Generic description to prevent accidental leakage of sensitive data. For debugging details, use `String(reflecting: error)`.
✘ Test "prune archives low score old rows only" recorded an issue: Caught error: PSQLError – Generic description to prevent accidental leakage of sensitive data. For debugging details, use `String(reflecting: error)`.
◇ Test "non-URLError underlying falls through to generic network code" started.
✘ Test "POST duplicate slug returns 409 slug_already_exists" recorded an issue: Caught error: PSQLError – Generic description to prevent accidental leakage of sensitive data. For debugging details, use `String(reflecting: error)`.
✘ Test "GET list on a fresh tenant returns empty items + nil activeSlug" recorded an issue: Caught error: PSQLError – Generic description to prevent accidental leakage of sensitive data. For debugging details, use `String(reflecting: error)`.
✘ Test "prune is idempotent" recorded an issue: Caught error: PSQLError – Generic description to prevent accidental leakage of sensitive data. For debugging details, use `String(reflecting: error)`.
◇ Test "unknown URLError falls through to generic network code" started.
✘ Test "parseSynthesis returns nil on missing fields" recorded an issue: Caught error: PSQLError – Generic description to prevent accidental leakage of sensitive data. For debugging details, use `String(reflecting: error)`.
✘ Test "hourComponent and weekdayComponent read in UTC" recorded an issue: Caught error: PSQLError – Generic description to prevent accidental leakage of sensitive data. For debugging details, use `String(reflecting: error)`.
✘ Test "DELETE default returns 409 cannot_delete_default" recorded an issue: Caught error: PSQLError – Generic description to prevent accidental leakage of sensitive data. For debugging details, use `String(reflecting: error)`.
✘ Test "POST invalid slug returns 400 invalid_slug" recorded an issue: Caught error: PSQLError – Generic description to prevent accidental leakage of sensitive data. For debugging details, use `String(reflecting: error)`.
✘ Test "Insight stores period boundaries for synthesis rows" recorded an issue: Caught error: PSQLError – Generic description to prevent accidental leakage of sensitive data. For debugging details, use `String(reflecting: error)`.
◇ Test "creditExhausted carries provider name" started.
✘ Test "notifyCron delivers with cron category and skill subtitle" recorded an issue: Caught error: PSQLError – Generic description to prevent accidental leakage of sensitive data. For debugging details, use `String(reflecting: error)`.
✘ Test "runWeeklyJob returns false when no memories exist" recorded an issue: Caught error: PSQLError – Generic description to prevent accidental leakage of sensitive data. For debugging details, use `String(reflecting: error)`.
✘ Test "buildPrompt with no hits surfaces fallback context" recorded an issue: Caught error: PSQLError – Generic description to prevent accidental leakage of sensitive data. For debugging details, use `String(reflecting: error)`.
✘ Test "runPatternJob inserts up to maxPatternsPerRun" recorded an issue: Caught error: PSQLError – Generic description to prevent accidental leakage of sensitive data. For debugging details, use `String(reflecting: error)`.
✘ Test "recompute updates score to formula" recorded an issue: Caught error: PSQLError – Generic description to prevent accidental leakage of sensitive data. For debugging details, use `String(reflecting: error)`.
◇ Test "network error mentions provider" started.
✘ Test "GET unknown slug returns 404 profile_not_found" recorded an issue: Caught error: PSQLError – Generic description to prevent accidental leakage of sensitive data. For debugging details, use `String(reflecting: error)`.
✘ Test "tenant isolation during prune" recorded an issue: Caught error: PSQLError – Generic description to prevent accidental leakage of sensitive data. For debugging details, use `String(reflecting: error)`.
◇ Test "caps output at maxFollowUps soft ceiling" started.
✘ Test "buildPrompt replays history with system context prepended" recorded an issue: Caught error: PSQLError – Generic description to prevent accidental leakage of sensitive data. For debugging details, use `String(reflecting: error)`.
✘ Test "Insight query is tenant scoped" recorded an issue: Caught error: PSQLError – Generic description to prevent accidental leakage of sensitive data. For debugging details, use `String(reflecting: error)`.
◇ Test "buildPrompt truncates long source contents to keep tokens bounded" started.
✘ Test "runWeeklyJob is a no-op when row already exists for the period" recorded an issue: Caught error: PSQLError – Generic description to prevent accidental leakage of sensitive data. For debugging details, use `String(reflecting: error)`.
✘ Test "begin authentication returns 200 for unknown username" recorded an issue: Caught error: PSQLError – Generic description to prevent accidental leakage of sensitive data. For debugging details, use `String(reflecting: error)`.
✘ Test "begin registration returns 200 for known username" recorded an issue: Caught error: PSQLError – Generic description to prevent accidental leakage of sensitive data. For debugging details, use `String(reflecting: error)`.
◇ Test "parses JSON follow-up array from upstream assistant message" started.
✘ Test "POST activate switches the default flag atomically" recorded an issue: Caught error: PSQLError – Generic description to prevent accidental leakage of sensitive data. For debugging details, use `String(reflecting: error)`.
✘ Test "deleting a conversation cascades its messages" recorded an issue: Caught error: PSQLError – Generic description to prevent accidental leakage of sensitive data. For debugging details, use `String(reflecting: error)`.
✘ Test "begin registration returns 200 for unknown username" recorded an issue: Caught error: PSQLError – Generic description to prevent accidental leakage of sensitive data. For debugging details, use `String(reflecting: error)`.
◇ Test "returns empty array on transport failure" started.
✘ Test "runContradictionJob inserts contradiction rows up to the cap" recorded an issue: Caught error: PSQLError – Generic description to prevent accidental leakage of sensitive data. For debugging details, use `String(reflecting: error)`.
✘ Test "parseSynthesis extracts headline and summary" recorded an issue: Caught error: PSQLError – Generic description to prevent accidental leakage of sensitive data. For debugging details, use `String(reflecting: error)`.
◇ Test "returns empty array on malformed assistant JSON" started.
✘ Test "parsePatterns drops empty entries and trims whitespace" recorded an issue: Caught error: PSQLError – Generic description to prevent accidental leakage of sensitive data. For debugging details, use `String(reflecting: error)`.
✘ Test "Conversation query is tenant scoped" recorded an issue: Caught error: PSQLError – Generic description to prevent accidental leakage of sensitive data. For debugging details, use `String(reflecting: error)`.
✘ Test "unauthenticated request to conversations returns 401" recorded an issue: Caught error: PSQLError – Generic description to prevent accidental leakage of sensitive data. For debugging details, use `String(reflecting: error)`.
✘ Test "POST messages-stream on unknown id returns 404" recorded an issue: Caught error: PSQLError – Generic description to prevent accidental leakage of sensitive data. For debugging details, use `String(reflecting: error)`.
✘ Test "Conversation save + retrieve round trips" recorded an issue: Caught error: PSQLError – Generic description to prevent accidental leakage of sensitive data. For debugging details, use `String(reflecting: error)`.
✘ Test "ConversationMessage persists role content and source memory ids" recorded an issue: Caught error: PSQLError – Generic description to prevent accidental leakage of sensitive data. For debugging details, use `String(reflecting: error)`.
✘ Test "Insight save + retrieve round trips" recorded an issue: Caught error: PSQLError – Generic description to prevent accidental leakage of sensitive data. For debugging details, use `String(reflecting: error)`.
✘ Test "parseContradictions drops empty entries and trims whitespace" recorded an issue: Caught error: PSQLError – Generic description to prevent accidental leakage of sensitive data. For debugging details, use `String(reflecting: error)`.
✘ Test "POST conversations creates a row owned by the caller" recorded an issue: Caught error: PSQLError – Generic description to prevent accidental leakage of sensitive data. For debugging details, use `String(reflecting: error)`.
◇ Test "short-circuits without an upstream call when summary and sources are empty" started.
✘ Test "send verification delivers code to email" recorded an issue: Caught error: PSQLError – Generic description to prevent accidental leakage of sensitive data. For debugging details, use `String(reflecting: error)`.
◇ Test "returns empty array on empty assistant content" started.
✘ Test "confirm email locks after repeated failures" recorded an issue: Caught error: PSQLError – Generic description to prevent accidental leakage of sensitive data. For debugging details, use `String(reflecting: error)`.
◇ Test "trims whitespace and drops empty entries" started.
✘ Test "DELETE conversation removes it" recorded an issue: Caught error: PSQLError – Generic description to prevent accidental leakage of sensitive data. For debugging details, use `String(reflecting: error)`.
✘ Test "POST conversations falls back to a default title on blank input" recorded an issue: Caught error: PSQLError – Generic description to prevent accidental leakage of sensitive data. For debugging details, use `String(reflecting: error)`.
◇ Test "defaults are all non blank" started.
✘ Test "POST messages-stream with empty content returns 400" recorded an issue: Caught error: PSQLError – Generic description to prevent accidental leakage of sensitive data. For debugging details, use `String(reflecting: error)`.
✘ Test "runPatternJob skips when recent pattern row exists" recorded an issue: Caught error: PSQLError – Generic description to prevent accidental leakage of sensitive data. For debugging details, use `String(reflecting: error)`.
✘ Test "weeklyWindow ends at start-of-day and spans 7 days" recorded an issue: Caught error: PSQLError – Generic description to prevent accidental leakage of sensitive data. For debugging details, use `String(reflecting: error)`.
✘ Test "confirm email rejects wrong code" recorded an issue: Caught error: PSQLError – Generic description to prevent accidental leakage of sensitive data. For debugging details, use `String(reflecting: error)`.
✘ Test "cross-tenant conversation access returns 404" recorded an issue: Caught error: PSQLError – Generic description to prevent accidental leakage of sensitive data. For debugging details, use `String(reflecting: error)`.
✘ Test "confirm email flips is verified and is idempotent" recorded an issue: Caught error: PSQLError – Generic description to prevent accidental leakage of sensitive data. For debugging details, use `String(reflecting: error)`.
✘ Test "send verification is silent on unknown email" recorded an issue: Caught error: PSQLError – Generic description to prevent accidental leakage of sensitive data. For debugging details, use `String(reflecting: error)`.
✘ Test "GET conversations lists newest first" recorded an issue: Caught error: PSQLError – Generic description to prevent accidental leakage of sensitive data. For debugging details, use `String(reflecting: error)`.
✘ Test "runContradictionJob skips when recent contradiction row exists" recorded an issue: Caught error: PSQLError – Generic description to prevent accidental leakage of sensitive data. For debugging details, use `String(reflecting: error)`.
✘ Test "confirm email rejects when no token issued" recorded an issue: Caught error: PSQLError – Generic description to prevent accidental leakage of sensitive data. For debugging details, use `String(reflecting: error)`.
◇ Test "defaults are non empty" started.
◇ Test "buildPrompt with no sources still produces a valid prompt" started.
◇ Test "user extension post init defaults are trial" started.
◇ Test "canHandle returns true for any url" started.
◇ Test "chat allowed for active tiers" started.
◇ Test "override none is passthrough" started.
◇ Test "user extension decodes unrecognized override as none" started.
✘ Test "list returns conversations ordered by updatedAt desc" recorded an issue: Caught error: PSQLError – Generic description to prevent accidental leakage of sensitive data. For debugging details, use `String(reflecting: error)`.
◇ Test "memory compile allowed for active tiers" started.
✘ Test "GET conversation by id returns DTO and empty transcript" recorded an issue: Caught error: PSQLError – Generic description to prevent accidental leakage of sensitive data. For debugging details, use `String(reflecting: error)`.
◇ Test "override pro raises lapsed to pro" started.
◇ Test "vault skill run ultimate only" started.
◇ Test "lapsed gets only vault read and export" started.
◇ Test "override ultimate unlocks everything" started.
◇ Test "vault export allowed everywhere except archived" started.
✘ Test "prepare is safe under concurrent invocation" recorded an issue: Caught error: PSQLError – Generic description to prevent accidental leakage of sensitive data. For debugging details, use `String(reflecting: error)`.
◇ Test "skill builtin run allowed for active tiers" started.
◇ Test "byo key ultimate only" started.
◇ Test "context router ultimate only" started.
◇ Test "effective tier ultimate always wins" started.
◇ Test "kb compile allowed for active tiers" started.
◇ Test "effective tier pro raises floor" started.
◇ Test "effective tier none is passthrough" started.
◇ Test "job config round-trips through JSON" started.
◇ Test "archived gets nothing" started.
◇ Test "mlx on device ultimate only" started.
✘ Test "new user starts unverified" recorded an issue: Caught error: PSQLError – Generic description to prevent accidental leakage of sensitive data. For debugging details, use `String(reflecting: error)`.
◇ Test "validates good slug" started.
◇ Test "vault read allowed everywhere except archived" started.
◇ Test "rejects invalid chars" started.
✘ Test "since filter excludes older files" recorded an issue: Caught error: PSQLError – Generic description to prevent accidental leakage of sensitive data. For debugging details, use `String(reflecting: error)`.
◇ Test "padToTarget zero-pads short vectors to 1536" started.
◇ Test "rejects reserved" started.
◇ Test "placeholder matches pattern" started.
◇ Test "rejects too short" started.
◇ Test "user extension decodes unrecognized tier as lapsed" started.
◇ Test "rejects too long" started.
✘ Test "empty vault still includes soul and memories snapshots" recorded an issue: Caught error: PSQLError – Generic description to prevent accidental leakage of sensitive data. For debugging details, use `String(reflecting: error)`.
◇ Test "padToTarget truncates oversize vectors (defensive)" started.
✘ Test "export contains uploaded files" recorded an issue: Caught error: PSQLError – Generic description to prevent accidental leakage of sensitive data. For debugging details, use `String(reflecting: error)`.
◇ Test "cost is per-million-token rate applied to in and out" started.
◇ Test "zero and negative tokens clamp to zero cost" started.
◇ Test "retry hint is positive and within a day" started.
◇ Test "padToTarget passes through exact-length vectors unchanged" started.
◇ Test "override pro does not downgrade ultimate" started.
◇ Test "small token counts round down (integer micro-USD)" started.
◇ Test "parses canonical {memories:[...]}" started.
✘ Test "GET boards returns 200 with auto-created board" recorded an issue: Caught error: PSQLError – Generic description to prevent accidental leakage of sensitive data. For debugging details, use `String(reflecting: error)`.
◇ Test "builtin SKILL md is bundled and declares belief-evolution" started.
◇ Test "strips code fences and prose" started.
◇ Test "parses an array of {content} objects" started.
✘ Test "vault create flips flag, seeds defaults, idempotent on rerun" recorded an issue: Caught error: PSQLError – Generic description to prevent accidental leakage of sensitive data. For debugging details, use `String(reflecting: error)`.
✘ Test "auth response carries vaultInitialized for legacy and post-create users" recorded an issue: Caught error: PSQLError – Generic description to prevent accidental leakage of sensitive data. For debugging details, use `String(reflecting: error)`.
◇ Test "fixture memories are chronologically ordered and span 3 months" started.
◇ Test "wikiSlug sanitizes a path basename" started.
◇ Test "retry hint from a known instant points at next UTC midnight" started.
✘ Test "me usage reports current month storage and token totals" recorded an issue: Caught error: PSQLError – Generic description to prevent accidental leakage of sensitive data. For debugging details, use `String(reflecting: error)`.
✘ Test "me usage reports current month compile events" recorded an issue: Caught error: PSQLError – Generic description to prevent accidental leakage of sensitive data. For debugging details, use `String(reflecting: error)`.
✘ Test "registration leaves vault uninitialized" recorded an issue: Caught error: PSQLError – Generic description to prevent accidental leakage of sensitive data. For debugging details, use `String(reflecting: error)`.
✘ Test "startEventSubscriptions registers one subscriber per event type" recorded an issue: Caught error: PSQLError – Generic description to prevent accidental leakage of sensitive data. For debugging details, use `String(reflecting: error)`.
✘ Test "stopEventSubscriptions drains all subscribers" recorded an issue: Caught error: PSQLError – Generic description to prevent accidental leakage of sensitive data. For debugging details, use `String(reflecting: error)`.
✘ Test "memory_upsert tool calls persist memories and roll up into response" recorded an issue: Caught error: PSQLError – Generic description to prevent accidental leakage of sensitive data. For debugging details, use `String(reflecting: error)`.
◇ Test "prompt body documents required structural contract" started.
✘ Test "events published before stop reach the runner" recorded an issue: Caught error: PSQLError – Generic description to prevent accidental leakage of sensitive data. For debugging details, use `String(reflecting: error)`.
◇ Test "empty memories yields empty" started.
◇ Test "read returns default template when file absent" started.
✘ Test "start then verify creates user with phone identity" recorded an issue: Caught error: PSQLError – Generic description to prevent accidental leakage of sensitive data. For debugging details, use `String(reflecting: error)`.
✘ Test "repeated startEventSubscriptions is idempotent" recorded an issue: Caught error: PSQLError – Generic description to prevent accidental leakage of sensitive data. For debugging details, use `String(reflecting: error)`.
◇ Test "parses a bare array" started.
✘ Test "same destination reissue burns old code" recorded an issue: Caught error: PSQLError – Generic description to prevent accidental leakage of sensitive data. For debugging details, use `String(reflecting: error)`.
✘ Test "verify with bad code returns 401" recorded an issue: Caught error: PSQLError – Generic description to prevent accidental leakage of sensitive data. For debugging details, use `String(reflecting: error)`.
✘ Test "start rejects non E 164" recorded an issue: Caught error: PSQLError – Generic description to prevent accidental leakage of sensitive data. For debugging details, use `String(reflecting: error)`.
✘ Test "reconcile creates missing profiles for existing users" recorded an issue: Caught error: PSQLError – Generic description to prevent accidental leakage of sensitive data. For debugging details, use `String(reflecting: error)`.
◇ Test "fetchURLs returns links for a public feed" started.
◇ Test "extractLinks parses RSS <link> + Atom href, dedupes, drops non-http" started.
◇ Test "non-public feed_url is rejected as invalidConfig (SSRF guard)" started.
◇ Test "unknown tier defaults to trial cap" started.
◇ Test "record increments counter with reason_code dimension" started.
✘ Test "month-to-date llm + embedding tokens aggregate per tenant" recorded an issue: Caught error: PSQLError – Generic description to prevent accidental leakage of sensitive data. For debugging details, use `String(reflecting: error)`.
◇ Test "zero ultimate cap encodes the unlimited contract" started.
✘ Test "reap orphans soft deletes unknown dirs" recorded an issue: Caught error: PSQLError – Generic description to prevent accidental leakage of sensitive data. For debugging details, use `String(reflecting: error)`.
◇ Test "missing feed_url throws missingConfig" started.
✘ Test "health is zero orphans after reap" recorded an issue: Caught error: PSQLError – Generic description to prevent accidental leakage of sensitive data. For debugging details, use `String(reflecting: error)`.
✘ Test "body change with same key returns 409" recorded an issue: Caught error: PSQLError – Generic description to prevent accidental leakage of sensitive data. For debugging details, use `String(reflecting: error)`.
✘ Test "health reports accurate counts" recorded an issue: Caught error: PSQLError – Generic description to prevent accidental leakage of sensitive data. For debugging details, use `String(reflecting: error)`.
◇ Test "publish encodes envelope and broadcasts" started.
◇ Test "encoded shape is tagged envelope" started.
✘ Test "verify without start returns 401" recorded an issue: Caught error: PSQLError – Generic description to prevent accidental leakage of sensitive data. For debugging details, use `String(reflecting: error)`.
✘ Test "missing idempotency key is a no op" recorded an issue: Caught error: PSQLError – Generic description to prevent accidental leakage of sensitive data. For debugging details, use `String(reflecting: error)`.
✘ Test "second update while one is running is rejected" recorded an issue: Caught error: PSQLError – Generic description to prevent accidental leakage of sensitive data. For debugging details, use `String(reflecting: error)`.
✘ Test "happy path runs full pipeline and promotes new image" recorded an issue: Caught error: PSQLError – Generic description to prevent accidental leakage of sensitive data. For debugging details, use `String(reflecting: error)`.
◇ Test "pro high routes sonnet then opus then gpt5" started.
◇ Test "tier strings are case insensitive" started.
◇ Test "tier strings map to their declared caps" started.
✘ Test "PUT without authHeader reports hasAuthHeader false" recorded an issue: Caught error: PSQLError – Generic description to prevent accidental leakage of sensitive data. For debugging details, use `String(reflecting: error)`.
✘ Test "PUT then GET round-trips and reports hasAuthHeader" recorded an issue: Caught error: PSQLError – Generic description to prevent accidental leakage of sensitive data. For debugging details, use `String(reflecting: error)`.
✘ Test "replay returns cached response without re-executing handler" recorded an issue: Caught error: PSQLError – Generic description to prevent accidental leakage of sensitive data. For debugging details, use `String(reflecting: error)`.
✘ Test "GET response never echoes plaintext auth header" recorded an issue: Caught error: PSQLError – Generic description to prevent accidental leakage of sensitive data. For debugging details, use `String(reflecting: error)`.
◇ Test "per user buckets are isolated behind shared IP" started.
✘ Test "PUT resets verifiedAt" recorded an issue: Caught error: PSQLError – Generic description to prevent accidental leakage of sensitive data. For debugging details, use `String(reflecting: error)`.
✘ Test "unhealthy new version keeps current and reports rolled back" recorded an issue: Caught error: PSQLError – Generic description to prevent accidental leakage of sensitive data. For debugging details, use `String(reflecting: error)`.
✘ Test "5xx responses are not cached" recorded an issue: Caught error: PSQLError – Generic description to prevent accidental leakage of sensitive data. For debugging details, use `String(reflecting: error)`.
✘ Test "revoke clears xai connection and demotes tier to free" recorded an issue: Caught error: PSQLError – Generic description to prevent accidental leakage of sensitive data. For debugging details, use `String(reflecting: error)`.
✘ Test "PUT rejects loopback when allowPrivate disabled by SSRFGuard" recorded an issue: Caught error: PSQLError – Generic description to prevent accidental leakage of sensitive data. For debugging details, use `String(reflecting: error)`.
✘ Test "GET 404 when no row exists" recorded an issue: Caught error: PSQLError – Generic description to prevent accidental leakage of sensitive data. For debugging details, use `String(reflecting: error)`.
✘ Test "start returns authorize URL and session" recorded an issue: Caught error: PSQLError – Generic description to prevent accidental leakage of sensitive data. For debugging details, use `String(reflecting: error)`.
✘ Test "same key across different tenants are isolated" recorded an issue: Caught error: PSQLError – Generic description to prevent accidental leakage of sensitive data. For debugging details, use `String(reflecting: error)`.
✘ Test "unauthenticated request returns 401" recorded an issue: Caught error: PSQLError – Generic description to prevent accidental leakage of sensitive data. For debugging details, use `String(reflecting: error)`.
◇ Test "youtube enricher routes only youtube hosts" started.
✘ Test "complete with unknown session throws sessionNotFound" recorded an issue: Caught error: PSQLError – Generic description to prevent accidental leakage of sensitive data. For debugging details, use `String(reflecting: error)`.
✘ Test "complete forwards callback and promotes user to premium" recorded an issue: Caught error: PSQLError – Generic description to prevent accidental leakage of sensitive data. For debugging details, use `String(reflecting: error)`.
✘ Test "upload with cross-tenant space_id returns 400" recorded an issue: Caught error: PSQLError – Generic description to prevent accidental leakage of sensitive data. For debugging details, use `String(reflecting: error)`.
✘ Test "upload with malformed space_id returns 400" recorded an issue: Caught error: PSQLError – Generic description to prevent accidental leakage of sensitive data. For debugging details, use `String(reflecting: error)`.
✘ Test "complete fails cleanly when backend rejects" recorded an issue: Caught error: PSQLError – Generic description to prevent accidental leakage of sensitive data. For debugging details, use `String(reflecting: error)`.
✘ Test "upload without space_id leaves spaceId nil" recorded an issue: Caught error: PSQLError – Generic description to prevent accidental leakage of sensitive data. For debugging details, use `String(reflecting: error)`.
◇ Test "falls back to per IP when identity missing" started.
◇ Test "streak is zero with no activity and one for a single day" started.
◇ Test "level follows floor sqrt plus one" started.
◇ Test "generic og enricher is the catch all" started.
✘ Test "upload with valid space_id sets spaceId on the row" recorded an issue: Caught error: PSQLError – Generic description to prevent accidental leakage of sensitive data. For debugging details, use `String(reflecting: error)`.
✘ Test "DELETE drops the row and GET returns 404" recorded an issue: Caught error: PSQLError – Generic description to prevent accidental leakage of sensitive data. For debugging details, use `String(reflecting: error)`.
◇ Test "x enricher routes twitter and x hosts" started.
◇ Test "private and non-http urls are rejected" started.
✘ Test "re-upload omitting space_id preserves the existing link" recorded an issue: Caught error: PSQLError – Generic description to prevent accidental leakage of sensitive data. For debugging details, use `String(reflecting: error)`.
◇ Test "streak spans month boundaries" started.
◇ Test "streak is order-independent and dedupes" started.
✘ Test "re-upload with new space_id overwrites previous link" recorded an issue: Caught error: PSQLError – Generic description to prevent accidental leakage of sensitive data. For debugging details, use `String(reflecting: error)`.
✘ Test "vaultFileIds from another tenant are filtered out" recorded an issue: Caught error: PSQLError – Generic description to prevent accidental leakage of sensitive data. For debugging details, use `String(reflecting: error)`.
✘ Test "already-fired and future reminders are skipped" recorded an issue: Caught error: PSQLError – Generic description to prevent accidental leakage of sensitive data. For debugging details, use `String(reflecting: error)`.
◇ Test "xp adds connections, spaces, and streak" started.
✘ Test "unauthenticated kb-compile returns 401" recorded an issue: Caught error: PSQLError – Generic description to prevent accidental leakage of sensitive data. For debugging details, use `String(reflecting: error)`.
◇ Test "encodes OTLP logs request matching collector schema" started.
◇ Test "streak counts the most recent unbroken run" started.
◇ Test "level is at least one for zero xp" started.
◇ Test "severity number mapping covers swift-log levels" started.
◇ Test "new xp terms default to zero for the legacy call shape" started.
✘ Test "saves on happy path" recorded an issue: Caught error: PSQLError – Generic description to prevent accidental leakage of sensitive data. For debugging details, use `String(reflecting: error)`.
✘ Test "recurring reminder advances fireAt and stays armed" recorded an issue: Caught error: PSQLError – Generic description to prevent accidental leakage of sensitive data. For debugging details, use `String(reflecting: error)`.
✘ Test "compile with no pending vault files returns memoriesIngested 0" recorded an issue: Caught error: PSQLError – Generic description to prevent accidental leakage of sensitive data. For debugging details, use `String(reflecting: error)`.
✘ Test "forceFullRecompile with no rows also returns 0" recorded an issue: Caught error: PSQLError – Generic description to prevent accidental leakage of sensitive data. For debugging details, use `String(reflecting: error)`.
✘ Test "skips when synthesis empty" recorded an issue: Caught error: PSQLError – Generic description to prevent accidental leakage of sensitive data. For debugging details, use `String(reflecting: error)`.
✘ Test "due one-shot reminder fires and is stamped" recorded an issue: Caught error: PSQLError – Generic description to prevent accidental leakage of sensitive data. For debugging details, use `String(reflecting: error)`.
✘ Test "bootstrap-admin creates a verified admin user" recorded an issue: Caught error: PSQLError – Generic description to prevent accidental leakage of sensitive data. For debugging details, use `String(reflecting: error)`.
◇ Test "source defaults to vault" started.
✘ Test "skips when insufficient history" recorded an issue: Caught error: PSQLError – Generic description to prevent accidental leakage of sensitive data. For debugging details, use `String(reflecting: error)`.
◇ Test "xp weights memories, sessions, jobs, and badges" started.
◇ Test "out of range integer rejected" started.
✘ Test "skips when no events in window" recorded an issue: Caught error: PSQLError – Generic description to prevent accidental leakage of sensitive data. For debugging details, use `String(reflecting: error)`.
✘ Test "error path bubbles up and service emits no completion" recorded an issue: Caught error: PSQLError – Generic description to prevent accidental leakage of sensitive data. For debugging details, use `String(reflecting: error)`.
◇ Test "int AnyValue is encoded as JSON string per OTLP spec" started.
✘ Test "prompt includes health and memory sections" recorded an issue: Caught error: PSQLError – Generic description to prevent accidental leakage of sensitive data. For debugging details, use `String(reflecting: error)`.
◇ Test "daily 7am Lisbon matches 0700 local" started.
◇ Test "dom or dow semantics" started.
◇ Test "dow only weekly memo monday 9am" started.
◇ Test "tz aware 0700 lisbon does not match 0700 utc when offset differs" started.
◇ Test "rejects wrong field count" started.
◇ Test "byok-embeddings is a memory plugin with a required secret key" started.
✘ Test "bootstrap-admin throws when credentials are missing" recorded an issue: Caught error: PSQLError – Generic description to prevent accidental leakage of sensitive data. For debugging details, use `String(reflecting: error)`.
◇ Test "range expression office hours" started.
◇ Test "nil resolver → permanent endpointMissing" started.
✘ Test "bootstrap-admin is idempotent" recorded an issue: Caught error: PSQLError – Generic description to prevent accidental leakage of sensitive data. For debugging details, use `String(reflecting: error)`.
✘ Test "second run same week is skipped" recorded an issue: Caught error: PSQLError – Generic description to prevent accidental leakage of sensitive data. For debugging details, use `String(reflecting: error)`.
◇ Test "comma list of minutes" started.
◇ Test "memory entry surfaces under .memory and does not change connector slugs" started.
◇ Test "dedupes the same URL repeated" started.
✘ Test "firstKBCompileCompleted stays false after a no-op compile" recorded an issue: Caught error: PSQLError – Generic description to prevent accidental leakage of sensitive data. For debugging details, use `String(reflecting: error)`.
◇ Test "public hosts pass" started.
◇ Test "readwise is featured, byok-embeddings is premium" started.
◇ Test "capture allowed for active tiers" started.
◇ Test "respects max URL cap" started.
◇ Test "returns empty for empty text" started.
✘ Test "ensure recovers an error row to ready" recorded an issue: Caught error: PSQLError – Generic description to prevent accidental leakage of sensitive data. For debugging details, use `String(reflecting: error)`.
✘ Test "find returns nil for user without profile" recorded an issue: Caught error: PSQLError – Generic description to prevent accidental leakage of sensitive data. For debugging details, use `String(reflecting: error)`.
✘ Test "migration produces hnsw + tsv schema" recorded an issue: Caught error: PSQLError – Generic description to prevent accidental leakage of sensitive data. For debugging details, use `String(reflecting: error)`.
✘ Test "happy path emits preparing then thinking then memory saved" recorded an issue: Caught error: PSQLError – Generic description to prevent accidental leakage of sensitive data. For debugging details, use `String(reflecting: error)`.
◇ Test "parses 5 fields" started.
◇ Test "lowercases scheme and host during normalization" started.
◇ Test "nvidia NIM adapter returns a completion" started.
◇ Test "extracts multiple distinct URLs in order" started.
✘ Test "migrations are idempotent" recorded an issue: Caught error: PSQLError – Generic description to prevent accidental leakage of sensitive data. For debugging details, use `String(reflecting: error)`.
✘ Test "ensure twice returns the same ready row" recorded an issue: Caught error: PSQLError – Generic description to prevent accidental leakage of sensitive data. For debugging details, use `String(reflecting: error)`.
◇ Test "featured and premium filters select the right entries" started.
◇ Test "drops non-public hosts via URLEnricherGuard" started.
◇ Test "drops non-HTTP schemes" started.
✘ Test "ensure transitions provisioning row to ready" recorded an issue: Caught error: PSQLError – Generic description to prevent accidental leakage of sensitive data. For debugging details, use `String(reflecting: error)`.
✘ Test "gateway failure leaves an error row and user untouched" recorded an issue: Caught error: PSQLError – Generic description to prevent accidental leakage of sensitive data. For debugging details, use `String(reflecting: error)`.
◇ Test "step expression every 15 minutes" started.
◇ Test "extracts a single bare URL" started.
◇ Test "keeps URLs that differ in query string" started.
◇ Test "dedupes URLs that differ only in fragment" started.
✘ Test "403 when photos consent not granted" recorded an issue: Caught error: PSQLError – Generic description to prevent accidental leakage of sensitive data. For debugging details, use `String(reflecting: error)`.
✘ Test "embedSource uses ocr text when present" recorded an issue: Caught error: PSQLError – Generic description to prevent accidental leakage of sensitive data. For debugging details, use `String(reflecting: error)`.
✘ Test "stale reset stamp rolls forward and resets counter" recorded an issue: Caught error: PSQLError – Generic description to prevent accidental leakage of sensitive data. For debugging details, use `String(reflecting: error)`.
✘ Test "pro tier allows three then denies fourth with retry after" recorded an issue: Caught error: PSQLError – Generic description to prevent accidental leakage of sensitive data. For debugging details, use `String(reflecting: error)`.
◇ Test "empty extra round-trips with nil job" started.
◇ Test "strips default ports during normalization" started.
✘ Test "ultimate tier with cap zero short circuits without DB hit" recorded an issue: Caught error: PSQLError – Generic description to prevent accidental leakage of sensitive data. For debugging details, use `String(reflecting: error)`.
✘ Test "embedSource combines ocr then scene tags" recorded an issue: Caught error: PSQLError – Generic description to prevent accidental leakage of sensitive data. For debugging details, use `String(reflecting: error)`.
✘ Test "idempotent re-sync updates existing rows" recorded an issue: Caught error: PSQLError – Generic description to prevent accidental leakage of sensitive data. For debugging details, use `String(reflecting: error)`.
◇ Test "strips trailing punctuation" started.
✘ Test "happy path inserts two items" recorded an issue: Caught error: PSQLError – Generic description to prevent accidental leakage of sensitive data. For debugging details, use `String(reflecting: error)`.
✘ Test "tenant isolation keeps each user's photo rows independent" recorded an issue: Caught error: PSQLError – Generic description to prevent accidental leakage of sensitive data. For debugging details, use `String(reflecting: error)`.
✘ Test "skips items with empty assetLocalID" recorded an issue: Caught error: PSQLError – Generic description to prevent accidental leakage of sensitive data. For debugging details, use `String(reflecting: error)`.
✘ Test "recordFailure refunds a slot so failed runs don't burn cap" recorded an issue: Caught error: PSQLError – Generic description to prevent accidental leakage of sensitive data. For debugging details, use `String(reflecting: error)`.
✘ Test "happy path inserts two events" recorded an issue: Caught error: PSQLError – Generic description to prevent accidental leakage of sensitive data. For debugging details, use `String(reflecting: error)`.
✘ Test "embedSource is nil when ocr and tags are both empty" recorded an issue: Caught error: PSQLError – Generic description to prevent accidental leakage of sensitive data. For debugging details, use `String(reflecting: error)`.
✘ Test "embedSource prefixes scene tags" recorded an issue: Caught error: PSQLError – Generic description to prevent accidental leakage of sensitive data. For debugging details, use `String(reflecting: error)`.
◇ Test "empty input returns empty array" started.
✘ Test "tenant isolation keeps each user's rows independent" recorded an issue: Caught error: PSQLError – Generic description to prevent accidental leakage of sensitive data. For debugging details, use `String(reflecting: error)`.
◇ Test "ignores non-http schemes" started.
✘ Test "idempotent re-index updates by assetLocalID" recorded an issue: Caught error: PSQLError – Generic description to prevent accidental leakage of sensitive data. For debugging details, use `String(reflecting: error)`.
✘ Test "403 when calendar consent not granted" recorded an issue: Caught error: PSQLError – Generic description to prevent accidental leakage of sensitive data. For debugging details, use `String(reflecting: error)`.
✘ Test "fresh tenant with no vault rows returns 0" recorded an issue: Caught error: PSQLError – Generic description to prevent accidental leakage of sensitive data. For debugging details, use `String(reflecting: error)`.
◇ Test "extracts multiple distinct urls preserving order" started.
✘ Test "counts only rows with processedAt nil" recorded an issue: Caught error: PSQLError – Generic description to prevent accidental leakage of sensitive data. For debugging details, use `String(reflecting: error)`.
✘ Test "cancelled event is tombstoned not rejected" recorded an issue: Caught error: PSQLError – Generic description to prevent accidental leakage of sensitive data. For debugging details, use `String(reflecting: error)`.
✘ Test "last writer wins on remoteUpdatedAt" recorded an issue: Caught error: PSQLError – Generic description to prevent accidental leakage of sensitive data. For debugging details, use `String(reflecting: error)`.
◇ Test "extracts single url" started.
✘ Test "another tenants pending rows are invisible" recorded an issue: Caught error: PSQLError – Generic description to prevent accidental leakage of sensitive data. For debugging details, use `String(reflecting: error)`.
◇ Test "caps at 5 urls per message" started.
◇ Test "accepts valid E 164" started.
◇ Test "health route returns OK" started.
✘ Test "graph returns 401 without auth header" recorded an issue: Caught error: PSQLError – Generic description to prevent accidental leakage of sensitive data. For debugging details, use `String(reflecting: error)`.
✘ Test "graph returns nodes and edges for authed tenant" recorded an issue: Caught error: PSQLError – Generic description to prevent accidental leakage of sensitive data. For debugging details, use `String(reflecting: error)`.
◇ Test "dedupes identical urls" started.
✘ Test "eventkit rows do not collide with other sources" recorded an issue: Caught error: PSQLError – Generic description to prevent accidental leakage of sensitive data. For debugging details, use `String(reflecting: error)`.
◇ Test "hello route serves" started.
◇ Test "401 maps to unauthorized" started.
✘ Test "unauthenticated pending returns 401" recorded an issue: Caught error: PSQLError – Generic description to prevent accidental leakage of sensitive data. For debugging details, use `String(reflecting: error)`.
✘ Test "graph clamps out-of-range query params" recorded an issue: Caught error: PSQLError – Generic description to prevent accidental leakage of sensitive data. For debugging details, use `String(reflecting: error)`.
✘ Test "trial user hits 402 on grok routes" recorded an issue: Caught error: PSQLError – Generic description to prevent accidental leakage of sensitive data. For debugging details, use `String(reflecting: error)`.
✘ Test "unauthenticated request returns 401 before reaching premium guard" recorded an issue: Caught error: PSQLError – Generic description to prevent accidental leakage of sensitive data. For debugging details, use `String(reflecting: error)`.
◇ Test "missing token throws missingConfig before any request" started.
◇ Test "same tenant same username is idempotent" started.
✘ Test "admin can set tier override" recorded an issue: Caught error: PSQLError – Generic description to prevent accidental leakage of sensitive data. For debugging details, use `String(reflecting: error)`.
◇ Test "500 maps to upstreamFailure" started.
◇ Test "maps source_url, dedupes, drops non-http and null sources" started.
◇ Test "strips trailing right-paren and bracket" started.
◇ Test "posts JSON body with code, from, to, subject" started.
✘ Test "projects are tenant-scoped" recorded an issue: Caught error: PSQLError – Generic description to prevent accidental leakage of sensitive data. For debugging details, use `String(reflecting: error)`.
◇ Test "rss + raindrop are in the catalog with the right field kinds" started.
◇ Test "provisions profile directory and config" started.
✘ Test "enforcement disabled is middleware no op for lapsed user" recorded an issue: Caught error: PSQLError – Generic description to prevent accidental leakage of sensitive data. For debugging details, use `String(reflecting: error)`.
✘ Test "ultimate override wins even when stored tier is lapsed" recorded an issue: Caught error: PSQLError – Generic description to prevent accidental leakage of sensitive data. For debugging details, use `String(reflecting: error)`.
◇ Test "rejects invalid" started.
✘ Test "vault export remains available to lapsed user" recorded an issue: Caught error: PSQLError – Generic description to prevent accidental leakage of sensitive data. For debugging details, use `String(reflecting: error)`.
◇ Test "nil model defaults to hermesGateway" started.
◇ Test "different tenant same username throws" started.
◇ Test "gemini-2.5-pro routes to gemini" started.
◇ Test "delete renames dir" started.
◇ Test "non-gemini model goes to hermesGateway" started.
◇ Test "rejects empty, whitespace-internal, control chars, leading dash, and overlong" started.
✘ Test "ultimate only capability returns upsell paywall hint" recorded an issue: Caught error: PSQLError – Generic description to prevent accidental leakage of sensitive data. For debugging details, use `String(reflecting: error)`.
◇ Test "empty model defaults to hermesGateway" started.
✘ Test "enforcement enabled returns default paywall for insufficient pro gate" recorded an issue: Caught error: PSQLError – Generic description to prevent accidental leakage of sensitive data. For debugging details, use `String(reflecting: error)`.
◇ Test "claude model goes to hermesGateway" started.
◇ Test "fromMemory builds DTO non-throwing on hydrated model" started.
◇ Test "custom fallbacks are appended" started.
✘ Test "project round-trips and maps to DTO" recorded an issue: Caught error: PSQLError – Generic description to prevent accidental leakage of sensitive data. For debugging details, use `String(reflecting: error)`.
✘ Test "expired token returns 401" recorded an issue: Caught error: PSQLError – Generic description to prevent accidental leakage of sensitive data. For debugging details, use `String(reflecting: error)`.
◇ Test "gemini-2.5-flash routes to gemini" started.
◇ Test "fromMemory normalizes nil tags to empty array" started.
✘ Test "missing authorization header returns 401" recorded an issue: Caught error: PSQLError – Generic description to prevent accidental leakage of sensitive data. For debugging details, use `String(reflecting: error)`.
✘ Test "wrong signature returns 401" recorded an issue: Caught error: PSQLError – Generic description to prevent accidental leakage of sensitive data. For debugging details, use `String(reflecting: error)`.
◇ Test "savedID returns id when memory was fetched (id set)" started.
◇ Test "no resolution dispatches to managed baseURL without authorization" started.
◇ Test "case insensitive gemini routing" started.
◇ Test "fromMemory preserves createdAt when populated" started.
✘ Test "valid bearer authorizes protected route" recorded an issue: Caught error: PSQLError – Generic description to prevent accidental leakage of sensitive data. For debugging details, use `String(reflecting: error)`.
✘ Test "token for unknown user returns 401" recorded an issue: Caught error: PSQLError – Generic description to prevent accidental leakage of sensitive data. For debugging details, use `String(reflecting: error)`.
✘ Test "malformed authorization header returns 401" recorded an issue: Caught error: PSQLError – Generic description to prevent accidental leakage of sensitive data. For debugging details, use `String(reflecting: error)`.
✘ Test "expiration drops tier to lapsed" recorded an issue: Caught error: PSQLError – Generic description to prevent accidental leakage of sensitive data. For debugging details, use `String(reflecting: error)`.
✘ Test "initial purchase ultimate sets ultimate tier" recorded an issue: Caught error: PSQLError – Generic description to prevent accidental leakage of sensitive data. For debugging details, use `String(reflecting: error)`.
✘ Test "issued token carries hpid claim" recorded an issue: Caught error: PSQLError – Generic description to prevent accidental leakage of sensitive data. For debugging details, use `String(reflecting: error)`.
✘ Test "initial purchase upgrades tier to pro and sets expiry" recorded an issue: Caught error: PSQLError – Generic description to prevent accidental leakage of sensitive data. For debugging details, use `String(reflecting: error)`.
◇ Test "bare gemini keyword routes to gemini" started.
◇ Test "hpid claim round trips" started.
◇ Test "different destinations are independent" started.
✘ Test "admin tier override rejects invalid enum" recorded an issue: Caught error: PSQLError – Generic description to prevent accidental leakage of sensitive data. For debugging details, use `String(reflecting: error)`.
◇ Test "wrong code fails and counts" started.
✘ Test "bearer auth header accepted as alternative to hmac signature" recorded an issue: Caught error: PSQLError – Generic description to prevent accidental leakage of sensitive data. For debugging details, use `String(reflecting: error)`.
◇ Test "rejects expired token" started.
◇ Test "consume typed returns wrong code then locked out" started.
✘ Test "unknown rc user id returns 200 (sub-before-signup race)" recorded an issue: Caught error: PSQLError – Generic description to prevent accidental leakage of sensitive data. For debugging details, use `String(reflecting: error)`.
◇ Test "consume typed returns not found for unknown destination" started.
✘ Test "bad signature returns 401" recorded an issue: Caught error: PSQLError – Generic description to prevent accidental leakage of sensitive data. For debugging details, use `String(reflecting: error)`.
✘ Test "upload rejects image_jpeg content type for .heic path" recorded an issue: Caught error: PSQLError – Generic description to prevent accidental leakage of sensitive data. For debugging details, use `String(reflecting: error)`.
✘ Test "move rejects traversal" recorded an issue: Caught error: PSQLError – Generic description to prevent accidental leakage of sensitive data. For debugging details, use `String(reflecting: error)`.
✘ Test "replayed event id is idempotent (200 plus no duplicate row)" recorded an issue: Caught error: PSQLError – Generic description to prevent accidental leakage of sensitive data. For debugging details, use `String(reflecting: error)`.
◇ Test "consume typed returns ok on happy path" started.
◇ Test "reissue burns prior challenge" started.
◇ Test "issued code consumes once" started.
◇ Test "round trips through HMAC" started.
✘ Test "tenant isolation list does not leak" recorded an issue: Caught error: PSQLError – Generic description to prevent accidental leakage of sensitive data. For debugging details, use `String(reflecting: error)`.
✘ Test "move rejects conflict" recorded an issue: Caught error: PSQLError – Generic description to prevent accidental leakage of sensitive data. For debugging details, use `String(reflecting: error)`.
✘ Test "unauthenticated returns 401" recorded an issue: Caught error: PSQLError – Generic description to prevent accidental leakage of sensitive data. For debugging details, use `String(reflecting: error)`.
✘ Test "upload accepts image_heif content type for .heic path" recorded an issue: Caught error: PSQLError – Generic description to prevent accidental leakage of sensitive data. For debugging details, use `String(reflecting: error)`.
✘ Test "move renames file and updates row" recorded an issue: Caught error: PSQLError – Generic description to prevent accidental leakage of sensitive data. For debugging details, use `String(reflecting: error)`.
✘ Test "firstKBCompileCompleted stays false after a no-op compile" recorded an issue: Caught error: PSQLError – Generic description to prevent accidental leakage of sensitive data. For debugging details, use `String(reflecting: error)`.
✘ Test "delete removes row and is tenant scoped" recorded an issue: Caught error: PSQLError – Generic description to prevent accidental leakage of sensitive data. For debugging details, use `String(reflecting: error)`.
✘ Test "upload accepts image_heic content type for .heic path" recorded an issue: Caught error: PSQLError – Generic description to prevent accidental leakage of sensitive data. For debugging details, use `String(reflecting: error)`.
✘ Test "list filter by unknown space returns 404" recorded an issue: Caught error: PSQLError – Generic description to prevent accidental leakage of sensitive data. For debugging details, use `String(reflecting: error)`.
✘ Test "list limit clamps and paginates" recorded an issue: Caught error: PSQLError – Generic description to prevent accidental leakage of sensitive data. For debugging details, use `String(reflecting: error)`.
✘ Test "evictIdle removes only stale containers without xai connection" recorded an issue: Caught error: PSQLError – Generic description to prevent accidental leakage of sensitive data. For debugging details, use `String(reflecting: error)`.
◇ Test "consume typed returns expired" started.
✘ Test "port range exhaustion throws" recorded an issue: Caught error: PSQLError – Generic description to prevent accidental leakage of sensitive data. For debugging details, use `String(reflecting: error)`.
✘ Test "ensureRunning restarts stopped container without reallocating port" recorded an issue: Caught error: PSQLError – Generic description to prevent accidental leakage of sensitive data. For debugging details, use `String(reflecting: error)`.
✘ Test "unauthenticated kb-compile returns 401" recorded an issue: Caught error: PSQLError – Generic description to prevent accidental leakage of sensitive data. For debugging details, use `String(reflecting: error)`.
✘ Test "forceFullRecompile with no rows also returns 0" recorded an issue: Caught error: PSQLError – Generic description to prevent accidental leakage of sensitive data. For debugging details, use `String(reflecting: error)`.
◇ Test "primary success returns data" started.
◇ Test "bearer header is sent when apiKey is non-empty" started.
✘ Test "each compile response carries a unique runId" recorded an issue: Caught error: PSQLError – Generic description to prevent accidental leakage of sensitive data. For debugging details, use `String(reflecting: error)`.
✘ Test "ensureRunning spawns on first call and is idempotent on second" recorded an issue: Caught error: PSQLError – Generic description to prevent accidental leakage of sensitive data. For debugging details, use `String(reflecting: error)`.
✘ Test "vaultFileIds from another tenant are filtered out" recorded an issue: Caught error: PSQLError – Generic description to prevent accidental leakage of sensitive data. For debugging details, use `String(reflecting: error)`.
◇ Test "all-recoverable chain rethrows last error" started.
◇ Test "JSON object with non-string type is rejected" started.
◇ Test "permanent error from primary rethrows immediately — no fallback" started.
◇ Test "JSON object missing type field is rejected" started.
◇ Test "transient primary advances to fallback" started.
◇ Test "empty string is rejected" started.
✘ Test "list returns uploaded files" recorded an issue: Caught error: PSQLError – Generic description to prevent accidental leakage of sensitive data. For debugging details, use `String(reflecting: error)`.
◇ Test "oversize message is rejected" started.
✘ Test "compile with no pending vault files returns memoriesIngested 0" recorded an issue: Caught error: PSQLError – Generic description to prevent accidental leakage of sensitive data. For debugging details, use `String(reflecting: error)`.
✘ Test "decodes users me envelope with explicit email" recorded an issue: Caught error: PSQLError – Generic description to prevent accidental leakage of sensitive data. For debugging details, use `String(reflecting: error)`.
✘ Test "upsert returns same user on second call" recorded an issue: Caught error: PSQLError – Generic description to prevent accidental leakage of sensitive data. For debugging details, use `String(reflecting: error)`.
◇ Test "message at exact size cap is allowed if JSON is valid" started.
◇ Test "plain text is rejected as invalid JSON" started.
◇ Test "extra fields are tolerated" started.
◇ Test "JSON array at top level is rejected" started.
✘ Test "decodes users me envelope with email" recorded an issue: Caught error: PSQLError – Generic description to prevent accidental leakage of sensitive data. For debugging details, use `String(reflecting: error)`.
◇ Test "parseHermesSkills accepts object, array, and string forms; dedupes" started.
◇ Test "lv skill slug round-trips and rejects non-skill slugs" started.
✘ Test "move rejects identical path" recorded an issue: Caught error: PSQLError – Generic description to prevent accidental leakage of sensitive data. For debugging details, use `String(reflecting: error)`.
✘ Test "stub XAPI client returns scripted user" recorded an issue: Caught error: PSQLError – Generic description to prevent accidental leakage of sensitive data. For debugging details, use `String(reflecting: error)`.
✘ Test "evictIdle never reaps a stale Nous-connected container" recorded an issue: Caught error: PSQLError – Generic description to prevent accidental leakage of sensitive data. For debugging details, use `String(reflecting: error)`.
✘ Test "email fallback uses X provided email when present" recorded an issue: Caught error: PSQLError – Generic description to prevent accidental leakage of sensitive data. For debugging details, use `String(reflecting: error)`.
✘ Test "email fallback produces placeholder for missing X" recorded an issue: Caught error: PSQLError – Generic description to prevent accidental leakage of sensitive data. For debugging details, use `String(reflecting: error)`.
✘ Test "notify LLM reply fans out to every registered token" recorded an issue: Caught error: PSQLError – Generic description to prevent accidental leakage of sensitive data. For debugging details, use `String(reflecting: error)`.
✘ Test "upsert links to existing user by email" recorded an issue: Caught error: PSQLError – Generic description to prevent accidental leakage of sensitive data. For debugging details, use `String(reflecting: error)`.
✘ Test "disabled service is no op" recorded an issue: Caught error: PSQLError – Generic description to prevent accidental leakage of sensitive data. For debugging details, use `String(reflecting: error)`.
✘ Test "should reap classifies every dead reason" recorded an issue: Caught error: PSQLError – Generic description to prevent accidental leakage of sensitive data. For debugging details, use `String(reflecting: error)`.
✘ Test "rejects missing data envelope" recorded an issue: Caught error: PSQLError – Generic description to prevent accidental leakage of sensitive data. For debugging details, use `String(reflecting: error)`.
◇ Test "seed writes config and env at volume root" started.
✘ Test "throws decryptFailed when ciphertext is corrupt" recorded an issue: Caught error: PSQLError – Generic description to prevent accidental leakage of sensitive data. For debugging details, use `String(reflecting: error)`.
✘ Test "stub XAPI client can throw" recorded an issue: Caught error: PSQLError – Generic description to prevent accidental leakage of sensitive data. For debugging details, use `String(reflecting: error)`.
◇ Test "valid JSON with type field is allowed" started.
✘ Test "returns managed default when no row exists" recorded an issue: Caught error: PSQLError – Generic description to prevent accidental leakage of sensitive data. For debugging details, use `String(reflecting: error)`.
✘ Test "transient errors do not reap the token" recorded an issue: Caught error: PSQLError – Generic description to prevent accidental leakage of sensitive data. For debugging details, use `String(reflecting: error)`.
✘ Test "returns override when row exists and decrypts auth header" recorded an issue: Caught error: PSQLError – Generic description to prevent accidental leakage of sensitive data. For debugging details, use `String(reflecting: error)`.
✘ Test "register succeeds with a failing hermes gateway and records an error row" recorded an issue: Caught error: PSQLError – Generic description to prevent accidental leakage of sensitive data. For debugging details, use `String(reflecting: error)`.
◇ Test "titleize and summarize format display fields" started.
✘ Test "tts returns 501 while upstream provider is disabled" recorded an issue: Caught error: PSQLError – Generic description to prevent accidental leakage of sensitive data. For debugging details, use `String(reflecting: error)`.
✘ Test "delete with stale JWT and no password returns 401" recorded an issue: Caught error: PSQLError – Generic description to prevent accidental leakage of sensitive data. For debugging details, use `String(reflecting: error)`.
✘ Test "delete with fresh JWT and no password succeeds" recorded an issue: Caught error: PSQLError – Generic description to prevent accidental leakage of sensitive data. For debugging details, use `String(reflecting: error)`.
✘ Test "vision rejects empty imageURLs with 400" recorded an issue: Caught error: PSQLError – Generic description to prevent accidental leakage of sensitive data. For debugging details, use `String(reflecting: error)`.
✘ Test "throws ssrfRejected when stored URL fails revalidation" recorded an issue: Caught error: PSQLError – Generic description to prevent accidental leakage of sensitive data. For debugging details, use `String(reflecting: error)`.
✘ Test "delete with wrong password returns 401" recorded an issue: Caught error: PSQLError – Generic description to prevent accidental leakage of sensitive data. For debugging details, use `String(reflecting: error)`.
✘ Test "upsert creates user with placeholder email" recorded an issue: Caught error: PSQLError – Generic description to prevent accidental leakage of sensitive data. For debugging details, use `String(reflecting: error)`.
✘ Test "dead tokens are reaped on bad device token error" recorded an issue: Caught error: PSQLError – Generic description to prevent accidental leakage of sensitive data. For debugging details, use `String(reflecting: error)`.
✘ Test "unauthenticated returns 401" recorded an issue: Caught error: PSQLError – Generic description to prevent accidental leakage of sensitive data. For debugging details, use `String(reflecting: error)`.
✘ Test "soul service writes valid UTF 8 markdown" recorded an issue: Caught error: PSQLError – Generic description to prevent accidental leakage of sensitive data. For debugging details, use `String(reflecting: error)`.
✘ Test "compose renders deterministic SOUL and persists it" recorded an issue: Caught error: PSQLError – Generic description to prevent accidental leakage of sensitive data. For debugging details, use `String(reflecting: error)`.
✘ Test "register writes default SOUL to vault" recorded an issue: Caught error: PSQLError – Generic description to prevent accidental leakage of sensitive data. For debugging details, use `String(reflecting: error)`.
✘ Test "delete cascades across all child tables" recorded an issue: Caught error: PSQLError – Generic description to prevent accidental leakage of sensitive data. For debugging details, use `String(reflecting: error)`.
✘ Test "tenant isolation cannot delete another user" recorded an issue: Caught error: PSQLError – Generic description to prevent accidental leakage of sensitive data. For debugging details, use `String(reflecting: error)`.
✘ Test "record returns multi-step unlocks when crossing several thresholds" recorded an issue: Caught error: PSQLError – Generic description to prevent accidental leakage of sensitive data. For debugging details, use `String(reflecting: error)`.
◇ Test "200 response returns audio data with correct content type" started.
✘ Test "dispatches every output kind" recorded an issue: Caught error: PSQLError – Generic description to prevent accidental leakage of sensitive data. For debugging details, use `String(reflecting: error)`.
✘ Test "x-search rejects empty query with 400" recorded an issue: Caught error: PSQLError – Generic description to prevent accidental leakage of sensitive data. For debugging details, use `String(reflecting: error)`.
✘ Test "delete with correct password returns 204" recorded an issue: Caught error: PSQLError – Generic description to prevent accidental leakage of sensitive data. For debugging details, use `String(reflecting: error)`.
✘ Test "premium user with no xai container hits 409 conflict" recorded an issue: Caught error: PSQLError – Generic description to prevent accidental leakage of sensitive data. For debugging details, use `String(reflecting: error)`.
✘ Test "register is idempotent does not overwrite existing SOUL" recorded an issue: Caught error: PSQLError – Generic description to prevent accidental leakage of sensitive data. For debugging details, use `String(reflecting: error)`.
✘ Test "disallowed tool returns tool error and does not write memory" recorded an issue: Caught error: PSQLError – Generic description to prevent accidental leakage of sensitive data. For debugging details, use `String(reflecting: error)`.
◇ Test "memory kind returns MemoryPersistDriver" started.
◇ Test "kind matching is case insensitive" started.
✘ Test "records usage counters from provider metadata" recorded an issue: Caught error: PSQLError – Generic description to prevent accidental leakage of sensitive data. For debugging details, use `String(reflecting: error)`.
✘ Test "migrate runs without throwing" recorded an issue: Caught error: PSQLError – Generic description to prevent accidental leakage of sensitive data. For debugging details, use `String(reflecting: error)`.
◇ Test "subscriber removed on stream termination" started.
◇ Test "redis kind falls back to memory until driver lands" started.
✘ Test "catalog renders deterministic JSON across runs" recorded an issue: Caught error: PSQLError – Generic description to prevent accidental leakage of sensitive data. For debugging details, use `String(reflecting: error)`.
✘ Test "record is idempotent on unlocked_at after threshold" recorded an issue: Caught error: PSQLError – Generic description to prevent accidental leakage of sensitive data. For debugging details, use `String(reflecting: error)`.
◇ Test "unknown kind defaults to memory" started.
◇ Test "subscriber ignores events of different type" started.
◇ Test "subscriber receives published event of matching type" started.
◇ Test "empty kind defaults to memory" started.
◇ Test "HER-200 H1 concurrent subscribe and publish does not deadlock" started.
◇ Test "HER-200 H1 dropped stream before any publish unregisters cleanly" started.
◇ Test "non-empty assistant completion does not map to stream error event" started.
◇ Test "HER-200 H1 subscribe registers synchronously without Task hop" started.
✘ Test "migrate is idempotent" recorded an issue: Caught error: PSQLError – Generic description to prevent accidental leakage of sensitive data. For debugging details, use `String(reflecting: error)`.
◇ Test "session id header is omitted when sessionID is empty string" started.
◇ Test "bounded buffer drops oldest when consumer lags" started.
◇ Test "RateLimitStorageKind enum maps known values" started.
✘ Test "list returns all memories for tenant" recorded an issue: Caught error: PSQLError – Generic description to prevent accidental leakage of sensitive data. For debugging details, use `String(reflecting: error)`.
◇ Test "bearer + session headers are sent when apiKey and sessionID are non-empty" started.
✘ Test "is_admin column exists after migrate" recorded an issue: Caught error: PSQLError – Generic description to prevent accidental leakage of sensitive data. For debugging details, use `String(reflecting: error)`.
◇ Test "empty assistant completion maps to stream error event" started.
✘ Test "tenant isolation delete is scoped" recorded an issue: Caught error: PSQLError – Generic description to prevent accidental leakage of sensitive data. For debugging details, use `String(reflecting: error)`.
✘ Test "unauthenticated returns 401" recorded an issue: Caught error: PSQLError – Generic description to prevent accidental leakage of sensitive data. For debugging details, use `String(reflecting: error)`.
◇ Test "bearer header is omitted when apiKey is empty" started.
✘ Test "record partitions counters by tenant" recorded an issue: Caught error: PSQLError – Generic description to prevent accidental leakage of sensitive data. For debugging details, use `String(reflecting: error)`.
◇ Test "stream parser throws when upstream sends error payload" started.
◇ Test "publish with no subscribers is noop" started.
◇ Test "drops markdown extension" started.
◇ Test "multiple subscribers all receive event" started.
◇ Test "titlecases slug segments" started.
◇ Test "nil body never matches credit marker" started.
◇ Test "request shape: POST /v1/embeddings, model + dimensions, Bearer auth" started.
✘ Test "list supports limit and offset" recorded an issue: Caught error: PSQLError – Generic description to prevent accidental leakage of sensitive data. For debugging details, use `String(reflecting: error)`.
◇ Test "single word slug stays single word" started.
✘ Test "patch tags round trips" recorded an issue: Caught error: PSQLError – Generic description to prevent accidental leakage of sensitive data. For debugging details, use `String(reflecting: error)`.
✘ Test "patch empty body returns 400" recorded an issue: Caught error: PSQLError – Generic description to prevent accidental leakage of sensitive data. For debugging details, use `String(reflecting: error)`.
✘ Test "patch updates content and reembeds" recorded an issue: Caught error: PSQLError – Generic description to prevent accidental leakage of sensitive data. For debugging details, use `String(reflecting: error)`.
◇ Test "402 maps to creditExhausted" started.
◇ Test "404 maps to permanent" started.
◇ Test "5xx maps to transient" started.
◇ Test "403 plain maps to permanent" started.
✘ Test "delete removes memory and is idempotent" recorded an issue: Caught error: PSQLError – Generic description to prevent accidental leakage of sensitive data. For debugging details, use `String(reflecting: error)`.
✘ Test "memory query filters by tenant" recorded an issue: Caught error: PSQLError – Generic description to prevent accidental leakage of sensitive data. For debugging details, use `String(reflecting: error)`.
◇ Test "transient retry codes" started.
◇ Test "unknown 4xx maps to permanent" started.
◇ Test "403 with credit marker maps to creditExhausted" started.
✘ Test "cross tenant delete only affects owner" recorded an issue: Caught error: PSQLError – Generic description to prevent accidental leakage of sensitive data. For debugging details, use `String(reflecting: error)`.
◇ Test "handles paths without date segment" started.
◇ Test "5xx reasonCode is upstream_error" started.
✘ Test "oauth identity query filters by tenant" recorded an issue: Caught error: PSQLError – Generic description to prevent accidental leakage of sensitive data. For debugging details, use `String(reflecting: error)`.
✘ Test "list rejects space filter until HER 105" recorded an issue: Caught error: PSQLError – Generic description to prevent accidental leakage of sensitive data. For debugging details, use `String(reflecting: error)`.
✘ Test "snapshot returns columns and cards sorted by rank" recorded an issue: Caught error: PSQLError – Generic description to prevent accidental leakage of sensitive data. For debugging details, use `String(reflecting: error)`.
◇ Test "429 reasonCode is rate_limit not upstream_error" started.
✘ Test "hermes profile service ensure scopes by tenant" recorded an issue: Caught error: PSQLError – Generic description to prevent accidental leakage of sensitive data. For debugging details, use `String(reflecting: error)`.
✘ Test "promote rejects a card without job config" recorded an issue: Caught error: PSQLError – Generic description to prevent accidental leakage of sensitive data. For debugging details, use `String(reflecting: error)`.
✘ Test "mfa challenge query filters by tenant" recorded an issue: Caught error: PSQLError – Generic description to prevent accidental leakage of sensitive data. For debugging details, use `String(reflecting: error)`.
✘ Test "promote rejects an invalid cron" recorded an issue: Caught error: PSQLError – Generic description to prevent accidental leakage of sensitive data. For debugging details, use `String(reflecting: error)`.
◇ Test "valid token returns identity" started.
✘ Test "get returns managed default when no row exists" recorded an issue: Caught error: PSQLError – Generic description to prevent accidental leakage of sensitive data. For debugging details, use `String(reflecting: error)`.
◇ Test "unauthenticated request is rejected" started.
✘ Test "promote authors a one-shot job from run_at" recorded an issue: Caught error: PSQLError – Generic description to prevent accidental leakage of sensitive data. For debugging details, use `String(reflecting: error)`.
✘ Test "promote applies inline request config in one call" recorded an issue: Caught error: PSQLError – Generic description to prevent accidental leakage of sensitive data. For debugging details, use `String(reflecting: error)`.
✘ Test "promote falls back to card body when prompt is absent" recorded an issue: Caught error: PSQLError – Generic description to prevent accidental leakage of sensitive data. For debugging details, use `String(reflecting: error)`.
✘ Test "promote is idempotent" recorded an issue: Caught error: PSQLError – Generic description to prevent accidental leakage of sensitive data. For debugging details, use `String(reflecting: error)`.
✘ Test "refresh token query filters by tenant" recorded an issue: Caught error: PSQLError – Generic description to prevent accidental leakage of sensitive data. For debugging details, use `String(reflecting: error)`.
◇ Test "401 maps to permanent" started.
✘ Test "refreshSpaceCounters is no-op for empty spaceIDs" recorded an issue: Caught error: PSQLError – Generic description to prevent accidental leakage of sensitive data. For debugging details, use `String(reflecting: error)`.
✘ Test "put persists managed mode" recorded an issue: Caught error: PSQLError – Generic description to prevent accidental leakage of sensitive data. For debugging details, use `String(reflecting: error)`.
✘ Test "refreshSpaceCounters writes note_count and last_compiled_at per space" recorded an issue: Caught error: PSQLError – Generic description to prevent accidental leakage of sensitive data. For debugging details, use `String(reflecting: error)`.
✘ Test "put without mode defaults to managed" recorded an issue: Caught error: PSQLError – Generic description to prevent accidental leakage of sensitive data. For debugging details, use `String(reflecting: error)`.
✘ Test "promote rejects ambiguous schedule (neither or both)" recorded an issue: Caught error: PSQLError – Generic description to prevent accidental leakage of sensitive data. For debugging details, use `String(reflecting: error)`.
✘ Test "refreshSpaceCounters resets note_count to live count" recorded an issue: Caught error: PSQLError – Generic description to prevent accidental leakage of sensitive data. For debugging details, use `String(reflecting: error)`.
✘ Test "plain assistant content skips tool dispatch" recorded an issue: Caught error: PSQLError – Generic description to prevent accidental leakage of sensitive data. For debugging details, use `String(reflecting: error)`.
✘ Test "unauthenticated returns 401" recorded an issue: Caught error: PSQLError – Generic description to prevent accidental leakage of sensitive data. For debugging details, use `String(reflecting: error)`.
✘ Test "upsert writes tags after tag extract tool call" recorded an issue: Caught error: PSQLError – Generic description to prevent accidental leakage of sensitive data. For debugging details, use `String(reflecting: error)`.
✘ Test "promote authors a job and back-fills the card" recorded an issue: Caught error: PSQLError – Generic description to prevent accidental leakage of sensitive data. For debugging details, use `String(reflecting: error)`.
✘ Test "upsert dispatches memory upsert and persists" recorded an issue: Caught error: PSQLError – Generic description to prevent accidental leakage of sensitive data. For debugging details, use `String(reflecting: error)`.
✘ Test "upsert succeeds even if tag extract is skipped" recorded an issue: Caught error: PSQLError – Generic description to prevent accidental leakage of sensitive data. For debugging details, use `String(reflecting: error)`.
◇ Test "emits QR frame once block ends" started.
✘ Test "tag extract normalizes and caps at five" recorded an issue: Caught error: PSQLError – Generic description to prevent accidental leakage of sensitive data. For debugging details, use `String(reflecting: error)`.
✘ Test "normalize tags helper" recorded an issue: Caught error: PSQLError – Generic description to prevent accidental leakage of sensitive data. For debugging details, use `String(reflecting: error)`.
✘ Test "search dispatches session search and returns hits" recorded an issue: Caught error: PSQLError – Generic description to prevent accidental leakage of sensitive data. For debugging details, use `String(reflecting: error)`.
◇ Test "init rejects empty master key" started.
◇ Test "emits fresh QR frame after refresh" started.
◇ Test "ansi only and blank lines are inert" started.
◇ Test "detects expiry" started.
◇ Test "strips ANSI before classifying" started.
◇ Test "detects error" started.
◇ Test "ignores short block noise" started.
◇ Test "detects linked success" started.
✘ Test "put persists byok mode with explicit primary and fallback" recorded an issue: Caught error: PSQLError – Generic description to prevent accidental leakage of sensitive data. For debugging details, use `String(reflecting: error)`.
◇ Test "401 maps to unauthorized" started.
◇ Test "maps items.link, dedupes, drops non-http; short page stops pagination" started.
✘ Test "refreshSpaceCounters is tenant-scoped" recorded an issue: Caught error: PSQLError – Generic description to prevent accidental leakage of sensitive data. For debugging details, use `String(reflecting: error)`.
◇ Test "init rejects malformed base64" started.
✘ Test "loop max iterations throws" recorded an issue: Caught error: PSQLError – Generic description to prevent accidental leakage of sensitive data. For debugging details, use `String(reflecting: error)`.
◇ Test "missing token throws missingConfig" started.
✘ Test "dry run does not persist" recorded an issue: Caught error: PSQLError – Generic description to prevent accidental leakage of sensitive data. For debugging details, use `String(reflecting: error)`.
✘ Test "memo loop terminates and persists to vault" recorded an issue: Caught error: PSQLError – Generic description to prevent accidental leakage of sensitive data. For debugging details, use `String(reflecting: error)`.
✘ Test "register stamps trial for 14 days" recorded an issue: Caught error: PSQLError – Generic description to prevent accidental leakage of sensitive data. For debugging details, use `String(reflecting: error)`.
✘ Test "login rejects wrong password" recorded an issue: Caught error: PSQLError – Generic description to prevent accidental leakage of sensitive data. For debugging details, use `String(reflecting: error)`.
◇ Test "exhausted timeout throws UpstreamErrorResponse with upstream_timeout" started.
◇ Test "model conforms to TenantModel" started.
✘ Test "agent loop respects max iterations" recorded an issue: Caught error: PSQLError – Generic description to prevent accidental leakage of sensitive data. For debugging details, use `String(reflecting: error)`.
✘ Test "slug sanitizes topic" recorded an issue: Caught error: PSQLError – Generic description to prevent accidental leakage of sensitive data. For debugging details, use `String(reflecting: error)`.
✘ Test "login with MFA returns challenge not tokens" recorded an issue: Caught error: PSQLError – Generic description to prevent accidental leakage of sensitive data. For debugging details, use `String(reflecting: error)`.
✘ Test "refresh rotates token and revokes old" recorded an issue: Caught error: PSQLError – Generic description to prevent accidental leakage of sensitive data. For debugging details, use `String(reflecting: error)`.
◇ Test "model uses expected schema name" started.
✘ Test "register rejects weak password" recorded an issue: Caught error: PSQLError – Generic description to prevent accidental leakage of sensitive data. For debugging details, use `String(reflecting: error)`.
✘ Test "register rejects reserved username" recorded an issue: Caught error: PSQLError – Generic description to prevent accidental leakage of sensitive data. For debugging details, use `String(reflecting: error)`.
✘ Test "reset password end to end" recorded an issue: Caught error: PSQLError – Generic description to prevent accidental leakage of sensitive data. For debugging details, use `String(reflecting: error)`.
✘ Test "mfa verify issues tokens" recorded an issue: Caught error: PSQLError – Generic description to prevent accidental leakage of sensitive data. For debugging details, use `String(reflecting: error)`.
✘ Test "logout revokes refresh token" recorded an issue: Caught error: PSQLError – Generic description to prevent accidental leakage of sensitive data. For debugging details, use `String(reflecting: error)`.
✘ Test "new user defaults to privacy off" recorded an issue: Caught error: PSQLError – Generic description to prevent accidental leakage of sensitive data. For debugging details, use `String(reflecting: error)`.
✘ Test "gap days return zero value and zero sample count" recorded an issue: Caught error: PSQLError – Generic description to prevent accidental leakage of sensitive data. For debugging details, use `String(reflecting: error)`.
✘ Test "tenant isolation other-user samples not returned" recorded an issue: Caught error: PSQLError – Generic description to prevent accidental leakage of sensitive data. For debugging details, use `String(reflecting: error)`.
✘ Test "put me privacy requires bearer" recorded an issue: Caught error: PSQLError – Generic description to prevent accidental leakage of sensitive data. For debugging details, use `String(reflecting: error)`.
✘ Test "hr aggregation averages daily values" recorded an issue: Caught error: PSQLError – Generic description to prevent accidental leakage of sensitive data. For debugging details, use `String(reflecting: error)`.
✘ Test "days out of range returns 400" recorded an issue: Caught error: PSQLError – Generic description to prevent accidental leakage of sensitive data. For debugging details, use `String(reflecting: error)`.
✘ Test "steps aggregation sums daily values" recorded an issue: Caught error: PSQLError – Generic description to prevent accidental leakage of sensitive data. For debugging details, use `String(reflecting: error)`.
✘ Test "missing type query parameter returns 400" recorded an issue: Caught error: PSQLError – Generic description to prevent accidental leakage of sensitive data. For debugging details, use `String(reflecting: error)`.
✘ Test "register rejects duplicate email" recorded an issue: Caught error: PSQLError – Generic description to prevent accidental leakage of sensitive data. For debugging details, use `String(reflecting: error)`.
✘ Test "login happy path" recorded an issue: Caught error: PSQLError – Generic description to prevent accidental leakage of sensitive data. For debugging details, use `String(reflecting: error)`.
✘ Test "put me privacy flips toggle and persists" recorded an issue: Caught error: PSQLError – Generic description to prevent accidental leakage of sensitive data. For debugging details, use `String(reflecting: error)`.
✘ Test "partial geo persists supplied fields only" recorded an issue: Caught error: PSQLError – Generic description to prevent accidental leakage of sensitive data. For debugging details, use `String(reflecting: error)`.
✘ Test "upsert with full geo persists all four columns" recorded an issue: Caught error: PSQLError – Generic description to prevent accidental leakage of sensitive data. For debugging details, use `String(reflecting: error)`.
✘ Test "expired trial becomes lapsed" recorded an issue: Caught error: PSQLError – Generic description to prevent accidental leakage of sensitive data. For debugging details, use `String(reflecting: error)`.
✘ Test "override users are skipped" recorded an issue: Caught error: PSQLError – Generic description to prevent accidental leakage of sensitive data. For debugging details, use `String(reflecting: error)`.
✘ Test "archived after full retention hard deletes row and cold vault" recorded an issue: Caught error: PSQLError – Generic description to prevent accidental leakage of sensitive data. For debugging details, use `String(reflecting: error)`.
✘ Test "custom days parameter returns matching window length" recorded an issue: Caught error: PSQLError – Generic description to prevent accidental leakage of sensitive data. For debugging details, use `String(reflecting: error)`.
✘ Test "register rejects duplicate username" recorded an issue: Caught error: PSQLError – Generic description to prevent accidental leakage of sensitive data. For debugging details, use `String(reflecting: error)`.
✘ Test "create space accepts and persists category" recorded an issue: Caught error: PSQLError – Generic description to prevent accidental leakage of sensitive data. For debugging details, use `String(reflecting: error)`.
✘ Test "seeded defaults expose slug as category" recorded an issue: Caught error: PSQLError – Generic description to prevent accidental leakage of sensitive data. For debugging details, use `String(reflecting: error)`.
◇ Test "resolve completes a pending request" started.
◇ Test "different inputs produce different hashes" started.
◇ Test "re-resolves on every call (DNS rebinding defense)" started.
◇ Test "rejects host resolving to RFC1918 10dot8" started.
✘ Test "lapsed ninety days archives and moves vault" recorded an issue: Caught error: PSQLError – Generic description to prevent accidental leakage of sensitive data. For debugging details, use `String(reflecting: error)`.
✘ Test "update space changes category and clears via empty string" recorded an issue: Caught error: PSQLError – Generic description to prevent accidental leakage of sensitive data. For debugging details, use `String(reflecting: error)`.
✘ Test "register happy path creates user and hermes profile" recorded an issue: Caught error: PSQLError – Generic description to prevent accidental leakage of sensitive data. For debugging details, use `String(reflecting: error)`.
◇ Test "rejects host resolving to IPv6 unique-local" started.
◇ Test "rejects host resolving to RFC1918 192dot168" started.
◇ Test "rejects host resolving to IPv6 loopback" started.
◇ Test "unresolvable host throws unresolvable" started.
◇ Test "allows bare public IP over http when not requiring https" started.
◇ Test "hash and verify round trip" started.
✘ Test "archive storage error does not advance tier" recorded an issue: Caught error: PSQLError – Generic description to prevent accidental leakage of sensitive data. For debugging details, use `String(reflecting: error)`.
◇ Test "rejects 0dot0dot0dot0" started.
◇ Test "parseIPv4 rejects out-of-range octet" started.
◇ Test "request times out without a result" started.
◇ Test "allowPrivateRanges opens loopback" started.
◇ Test "parseIPv4 rejects non-numeric" started.
◇ Test "rejects EC2 metadata 169dot254dot169dot254" started.
◇ Test "rejects ftp scheme" started.
◇ Test "prepends system when no system present" started.
◇ Test "rejects http when requireHTTPS" started.
◇ Test "rejects host resolving to RFC1918 172dot16to31" started.
◇ Test "accepts public host" started.
✘ Test "upsert without geo leaves columns null" recorded an issue: Caught error: PSQLError – Generic description to prevent accidental leakage of sensitive data. For debugging details, use `String(reflecting: error)`.
◇ Test "rejects literal localhost" started.
◇ Test "parseIPv4 accepts dotted quad" started.
✘ Test "select nous stepfun free model, then chat gets a reply" recorded an issue: Caught error: PSQLError – Generic description to prevent accidental leakage of sensitive data. For debugging details, use `String(reflecting: error)`.
◇ Test "still rejects private IP over http when not requiring https" started.
◇ Test "accepts hub ids and urls, trimming whitespace" started.
◇ Test "rejects literal 127dot0dot0dot1" started.
✘ Test "GET status without bearer token returns 401" recorded an issue: Caught error: PSQLError – Generic description to prevent accidental leakage of sensitive data. For debugging details, use `String(reflecting: error)`.
✘ Test "POST complete with empty body returns 400" recorded an issue: Caught error: PSQLError – Generic description to prevent accidental leakage of sensitive data. For debugging details, use `String(reflecting: error)`.
✘ Test "GET status returns disconnected default for fresh user" recorded an issue: Caught error: PSQLError – Generic description to prevent accidental leakage of sensitive data. For debugging details, use `String(reflecting: error)`.
✘ Test "signup, signin, set managed brain, then chat gets a reply" recorded an issue: Caught error: PSQLError – Generic description to prevent accidental leakage of sensitive data. For debugging details, use `String(reflecting: error)`.
✘ Test "byok preference with a non-empty fallback chain persists and round-trips" recorded an issue: Caught error: PSQLError – Generic description to prevent accidental leakage of sensitive data. For debugging details, use `String(reflecting: error)`.
◇ Test "validate accepts a complete config" started.
✘ Test "lists most recent events within default 7 day window" recorded an issue: Caught error: PSQLError – Generic description to prevent accidental leakage of sensitive data. For debugging details, use `String(reflecting: error)`.
✘ Test "cancellation error is silent" recorded an issue: Caught error: PSQLError – Generic description to prevent accidental leakage of sensitive data. For debugging details, use `String(reflecting: error)`.
✘ Test "push side effect invokes APNS sender on success" recorded an issue: Caught error: PSQLError – Generic description to prevent accidental leakage of sensitive data. For debugging details, use `String(reflecting: error)`.
◇ Test "allows http to public host when not requiring https" started.
✘ Test "POST complete with unknown session returns 404" recorded an issue: Caught error: PSQLError – Generic description to prevent accidental leakage of sensitive data. For debugging details, use `String(reflecting: error)`.
◇ Test "readwise is in the catalog with a secret access_token field" started.
✘ Test "filters by type" recorded an issue: Caught error: PSQLError – Generic description to prevent accidental leakage of sensitive data. For debugging details, use `String(reflecting: error)`.
✘ Test "clamps limit to bounds" recorded an issue: Caught error: PSQLError – Generic description to prevent accidental leakage of sensitive data. For debugging details, use `String(reflecting: error)`.
◇ Test "requestAuthorizeURL extracts URL from Authorize prefix line" started.
✘ Test "non-cancellation error is logged not swallowed" recorded an issue: Caught error: PSQLError – Generic description to prevent accidental leakage of sensitive data. For debugging details, use `String(reflecting: error)`.
✘ Test "applies from to window" recorded an issue: Caught error: PSQLError – Generic description to prevent accidental leakage of sensitive data. For debugging details, use `String(reflecting: error)`.
◇ Test "validate rejects unknown plugin, missing required, and unknown field" started.
✘ Test "brain configured starts false on new user" recorded an issue: Caught error: PSQLError – Generic description to prevent accidental leakage of sensitive data. For debugging details, use `String(reflecting: error)`.
◇ Test "catalog filters by category and sorts by slug" started.
◇ Test "credit exhaustion fires failover notice and falls over" started.
✘ Test "patch rejects false values" recorded an issue: Caught error: PSQLError – Generic description to prevent accidental leakage of sensitive data. For debugging details, use `String(reflecting: error)`.
◇ Test "buildPrompt with no hits surfaces fallback context" started.
✘ Test "offset paginates stably" recorded an issue: Caught error: PSQLError – Generic description to prevent accidental leakage of sensitive data. For debugging details, use `String(reflecting: error)`.
◇ Test "buildPrompt embeds hits as numbered context block" started.
✘ Test "patch sets flag and timestamp" recorded an issue: Caught error: PSQLError – Generic description to prevent accidental leakage of sensitive data. For debugging details, use `String(reflecting: error)`.
◇ Test "SSE token event encodes as data colon json double newline" started.
◇ Test "done event has no payload key on wire" started.
✘ Test "dispatch returns a Task handle for awaitable completion" recorded an issue: Caught error: PSQLError – Generic description to prevent accidental leakage of sensitive data. For debugging details, use `String(reflecting: error)`.
✘ Test "patch latches brainConfiguredCompleted" recorded an issue: Caught error: PSQLError – Generic description to prevent accidental leakage of sensitive data. For debugging details, use `String(reflecting: error)`.
◇ Test "SSE source event round-trips through wire format" started.
◇ Test "filter is no op when toggle off" started.
◇ Test "filter excludes CN origin when toggle on" started.
✘ Test "migration creates table and indexes" recorded an issue: Caught error: PSQLError – Generic description to prevent accidental leakage of sensitive data. For debugging details, use `String(reflecting: error)`.
✘ Test "patch is idempotent does not overwrite timestamp" recorded an issue: Caught error: PSQLError – Generic description to prevent accidental leakage of sensitive data. For debugging details, use `String(reflecting: error)`.
✘ Test "get is stable across calls" recorded an issue: Caught error: PSQLError – Generic description to prevent accidental leakage of sensitive data. For debugging details, use `String(reflecting: error)`.
✘ Test "get returns fresh state for new user" recorded an issue: Caught error: PSQLError – Generic description to prevent accidental leakage of sensitive data. For debugging details, use `String(reflecting: error)`.
✘ Test "patch rejects brainConfiguredCompleted false" recorded an issue: Caught error: PSQLError – Generic description to prevent accidental leakage of sensitive data. For debugging details, use `String(reflecting: error)`.
✘ Test "lineage 404 for unknown memory" recorded an issue: Caught error: PSQLError – Generic description to prevent accidental leakage of sensitive data. For debugging details, use `String(reflecting: error)`.
◇ Test "classifies known CN origin model identifiers" started.
◇ Test "filter on empty candidates returns empty" started.
✘ Test "lineage returns null source for unlinked memory" recorded an issue: Caught error: PSQLError – Generic description to prevent accidental leakage of sensitive data. For debugging details, use `String(reflecting: error)`.
◇ Test "does not flag US or EU origin models" started.
✘ Test "lineage returns source when linked" recorded an issue: Caught error: PSQLError – Generic description to prevent accidental leakage of sensitive data. For debugging details, use `String(reflecting: error)`.
✘ Test "unauthenticated returns 401" recorded an issue: Caught error: PSQLError – Generic description to prevent accidental leakage of sensitive data. For debugging details, use `String(reflecting: error)`.
◇ Test "beliefs requires a topic" started.
✘ Test "lineage 404 for cross tenant memory" recorded an issue: Caught error: PSQLError – Generic description to prevent accidental leakage of sensitive data. For debugging details, use `String(reflecting: error)`.
✘ Test "migration is idempotent" recorded an issue: Caught error: PSQLError – Generic description to prevent accidental leakage of sensitive data. For debugging details, use `String(reflecting: error)`.
◇ Test "non slash is ignored" started.
◇ Test "known synthesis aliases preserve topic input" started.
◇ Test "kb ingest aliases route to kb compile" started.
◇ Test "generic slash maps to skill name" started.
◇ Test "URLRequest carries explicit 90s timeout interval" started.
2026-06-11T11:26:45+0100 warning test.capture.hooks: [App] capture-hook reading-time failed at post_enrich tenant=ACDF87FD-4EDD-4322-B70C-00FF85578D45; skipping: CaptureTestError()
2026-06-11T11:26:45+0100 critical lv.hermes: [App] hermes profiles bootstrap failed: Hermes profiles directory not writable at /app/data/hermes/profiles. could not create profiles directory: Error Domain=NSCocoaErrorDomain Code=642 "You can’t save the file “profiles” because the volume is read only." UserInfo={NSFilePath=/app/data/hermes/profiles, NSURL=file:///app/data/hermes/profiles, NSUnderlyingError=0x7959d0060 {Error Domain=NSPOSIXErrorDomain Code=30 "Read-only file system"}} Ensure data/hermes/profiles exists and is writable by the hummingbird user (see docs/startup.md and docker/hermes-entrypoint.sh).
2026-06-11T11:26:45+0100 critical lv.hermes: [App] hermes profiles bootstrap failed: Hermes profiles directory not writable at /app/data/hermes/profiles. could not create profiles directory: Error Domain=NSCocoaErrorDomain Code=642 "You can’t save the file “profiles” because the volume is read only." UserInfo={NSFilePath=/app/data/hermes/profiles, NSURL=file:///app/data/hermes/profiles, NSUnderlyingError=0x7959d01b0 {Error Domain=NSPOSIXErrorDomain Code=30 "Read-only file system"}} Ensure data/hermes/profiles exists and is writable by the hummingbird user (see docs/startup.md and docker/hermes-entrypoint.sh).
✘ Test "recent endpoint rejects unauthenticated request" recorded an issue at AchievementsFlowTests.swift:27:6: Caught error: Hermes profiles directory not writable at /app/data/hermes/profiles. could not create profiles directory: Error Domain=NSCocoaErrorDomain Code=642 "You can’t save the file “profiles” because the volume is read only." UserInfo={NSFilePath=/app/data/hermes/profiles, NSURL=file:///app/data/hermes/profiles, NSUnderlyingError=0x7959d0060 {Error Domain=NSPOSIXErrorDomain Code=30 "Read-only file system"}} Ensure data/hermes/profiles exists and is writable by the hummingbird user (see docs/startup.md and docker/hermes-entrypoint.sh).
◇ Test "all seven providers env loadable from config" started.
✘ Test "list endpoint rejects unauthenticated request" recorded an issue at AchievementsFlowTests.swift:14:6: Caught error: Hermes profiles directory not writable at /app/data/hermes/profiles. could not create profiles directory: Error Domain=NSCocoaErrorDomain Code=642 "You can’t save the file “profiles” because the volume is read only." UserInfo={NSFilePath=/app/data/hermes/profiles, NSURL=file:///app/data/hermes/profiles, NSUnderlyingError=0x7959d01b0 {Error Domain=NSPOSIXErrorDomain Code=30 "Read-only file system"}} Ensure data/hermes/profiles exists and is writable by the hummingbird user (see docs/startup.md and docker/hermes-entrypoint.sh).
✘ Test "tasks list requires auth" recorded an issue: Caught error: PSQLError – Generic description to prevent accidental leakage of sensitive data. For debugging details, use `String(reflecting: error)`.
✘ Test "dashboard stats returns zero counters for a fresh tenant" recorded an issue: Caught error: PSQLError – Generic description to prevent accidental leakage of sensitive data. For debugging details, use `String(reflecting: error)`.
✘ Test "insights list returns empty list and accepts section and limit query params" recorded an issue: Caught error: PSQLError – Generic description to prevent accidental leakage of sensitive data. For debugging details, use `String(reflecting: error)`.
✘ Test "dashboard profile returns zero counters and level one for a fresh tenant" recorded an issue: Caught error: PSQLError – Generic description to prevent accidental leakage of sensitive data. For debugging details, use `String(reflecting: error)`.
✘ Test "dashboard stats requires auth" recorded an issue: Caught error: PSQLError – Generic description to prevent accidental leakage of sensitive data. For debugging details, use `String(reflecting: error)`.
✘ Test "tasks list returns empty list and accepts state and limit query params" recorded an issue: Caught error: PSQLError – Generic description to prevent accidental leakage of sensitive data. For debugging details, use `String(reflecting: error)`.
✘ Test "insights list requires auth" recorded an issue: Caught error: PSQLError – Generic description to prevent accidental leakage of sensitive data. For debugging details, use `String(reflecting: error)`.
✘ Test "dashboard profile requires auth" recorded an issue: Caught error: PSQLError – Generic description to prevent accidental leakage of sensitive data. For debugging details, use `String(reflecting: error)`.
✘ Test "ensureIndex is idempotent" recorded an issue: Caught error: PSQLError – Generic description to prevent accidental leakage of sensitive data. For debugging details, use `String(reflecting: error)`.
✘ Test "dropIndex removes the index and is idempotent" recorded an issue: Caught error: PSQLError – Generic description to prevent accidental leakage of sensitive data. For debugging details, use `String(reflecting: error)`.
✘ Test "ensureIndex creates a partial hnsw index for the tenant" recorded an issue: Caught error: PSQLError – Generic description to prevent accidental leakage of sensitive data. For debugging details, use `String(reflecting: error)`.
✘ Test "index name is deterministic and quote-safe" recorded an issue: Caught error: PSQLError – Generic description to prevent accidental leakage of sensitive data. For debugging details, use `String(reflecting: error)`.
2026-06-11T11:26:45+0100 warning test.followups: [App] follow-up generator upstream failed: upstream
2026-06-11T11:26:45+0100 info test: [App] rss connector tenant=8C4205C5-F65E-45A5-8F71-B5FD50E78037 urls=1
2026-06-11T11:26:45+0100 info test: [App] provider config enabled: anthropic
2026-06-11T11:26:45+0100 info test: [App] provider config enabled: openai
2026-06-11T11:26:45+0100 info test: [App] provider registered: hermesGateway
◇ Test case passing 1 argument raw → "http://localhost/admin" to "private and non-http urls are rejected" started.
◇ Test case passing 1 argument raw → "http://127.0.0.1:5432" to "private and non-http urls are rejected" started.
◇ Test case passing 1 argument raw → "http://10.0.0.1/" to "private and non-http urls are rejected" started.
◇ Test case passing 1 argument raw → "http://192.168.1.10/api" to "private and non-http urls are rejected" started.
◇ Test case passing 1 argument raw → "http://169.254.169.254/latest/meta-data/" to "private and non-http urls are rejected" started.
◇ Test case passing 1 argument raw → "http://172.16.0.1/" to "private and non-http urls are rejected" started.
◇ Test case passing 1 argument raw → "http://172.31.255.255/" to "private and non-http urls are rejected" started.
◇ Test case passing 1 argument raw → "http://0.0.0.0/" to "private and non-http urls are rejected" started.
◇ Test case passing 1 argument raw → "http://[::1]/" to "private and non-http urls are rejected" started.
◇ Test case passing 1 argument raw → "http://[fc00::1]/" to "private and non-http urls are rejected" started.
◇ Test case passing 1 argument raw → "http://[fe80::1]/" to "private and non-http urls are rejected" started.
◇ Test case passing 1 argument raw → "http://metadata.google.internal/" to "private and non-http urls are rejected" started.
◇ Test case passing 1 argument raw → "http://server.internal/" to "private and non-http urls are rejected" started.
◇ Test case passing 1 argument raw → "http://printer.local/" to "private and non-http urls are rejected" started.
◇ Test case passing 1 argument raw → "ftp://example.com/" to "private and non-http urls are rejected" started.
◇ Test case passing 1 argument raw → "file:///etc/passwd" to "private and non-http urls are rejected" started.
◇ Test case passing 1 argument raw → "javascript:alert(1)" to "private and non-http urls are rejected" started.
✘ Test "skips malformed rows with empty externalID" recorded an issue: Caught error: PSQLError – Generic description to prevent accidental leakage of sensitive data. For debugging details, use `String(reflecting: error)`.
✘ Test "tenant isolation keeps each user's rows independent" recorded an issue: Caught error: PSQLError – Generic description to prevent accidental leakage of sensitive data. For debugging details, use `String(reflecting: error)`.
✘ Test "403 when reminders consent not granted" recorded an issue: Caught error: PSQLError – Generic description to prevent accidental leakage of sensitive data. For debugging details, use `String(reflecting: error)`.
✘ Test "idempotent re-sync updates existing rows" recorded an issue: Caught error: PSQLError – Generic description to prevent accidental leakage of sensitive data. For debugging details, use `String(reflecting: error)`.
◇ Test "uses per-tenant service when resolver returns one" started.
✘ Test "happy path inserts two reminders" recorded an issue: Caught error: PSQLError – Generic description to prevent accidental leakage of sensitive data. For debugging details, use `String(reflecting: error)`.
◇ Test "falls through to global when resolver returns nil" started.
◇ Test "logging sender does not throw" started.
✘ Test "last writer wins on remoteUpdatedAt" recorded an issue: Caught error: PSQLError – Generic description to prevent accidental leakage of sensitive data. For debugging details, use `String(reflecting: error)`.
◇ Test case passing 1 argument raw → "https://youtube.com/watch?v=abc" to "public hosts pass" started.
◇ Test case passing 1 argument raw → "https://www.youtube.com/watch?v=abc" to "public hosts pass" started.
◇ Test case passing 1 argument raw → "https://youtu.be/abc" to "public hosts pass" started.
◇ Test case passing 1 argument raw → "https://x.com/jack/status/20" to "public hosts pass" started.
◇ Test case passing 1 argument raw → "https://twitter.com/jack/status/20" to "public hosts pass" started.
◇ Test case passing 1 argument raw → "https://example.com/page" to "public hosts pass" started.
◇ Test case passing 1 argument raw → "http://172.32.0.1/" to "public hosts pass" started.
◇ Test case passing 1 argument raw → "http://172.15.0.1/" to "public hosts pass" started.
2026-06-11T11:26:45+0100 info test: [App] readwise connector tenant=9F5D191E-BA51-429C-8070-65E6CA82CC6D urls=2
2026-06-11T11:26:45+0100 info test.hermes: [App] hermes profile provisioned at /var/folders/b5/3sk3494566xfsjdnngqdmrnr0000gn/T/lv-hermes-test-3CDF66BA-1F85-44F7-8C0F-C81B682FBC55/profiles/bob
2026-06-11T11:26:45+0100 info test.hermes: [App] hermes profile provisioned at /var/folders/b5/3sk3494566xfsjdnngqdmrnr0000gn/T/lv-hermes-test-EE28F20F-B912-41D8-93AE-58B9796446F3/profiles/alice
2026-06-11T11:26:45+0100 info test.hermes: [App] hermes profile already provisioned at /var/folders/b5/3sk3494566xfsjdnngqdmrnr0000gn/T/lv-hermes-test-3CDF66BA-1F85-44F7-8C0F-C81B682FBC55/profiles/bob
2026-06-11T11:26:45+0100 info test.hermes: [App] hermes profile provisioned at /var/folders/b5/3sk3494566xfsjdnngqdmrnr0000gn/T/lv-hermes-test-27CD8406-724F-40B9-AB92-E33105164887/profiles/carol
2026-06-11T11:26:45+0100 info test.hermes: [App] hermes profile provisioned at /var/folders/b5/3sk3494566xfsjdnngqdmrnr0000gn/T/lv-hermes-test-44D976F5-B864-4E1B-BB6F-0CEA5BF2EDE6/profiles/dave
2026-06-11T11:26:45+0100 info test.hermes: [App] hermes profile soft-deleted: dave -> _deleted_1781173605_dave
2026-06-11T11:26:45+0100 critical lv.hermes: [App] hermes profiles bootstrap failed: Hermes profiles directory not writable at /app/data/hermes/profiles. could not create profiles directory: Error Domain=NSCocoaErrorDomain Code=642 "You can’t save the file “profiles” because the volume is read only." UserInfo={NSFilePath=/app/data/hermes/profiles, NSURL=file:///app/data/hermes/profiles, NSUnderlyingError=0x7959d0450 {Error Domain=NSPOSIXErrorDomain Code=30 "Read-only file system"}} Ensure data/hermes/profiles exists and is writable by the hummingbird user (see docs/startup.md and docker/hermes-entrypoint.sh).
2026-06-11T11:26:45+0100 critical lv.hermes: [App] hermes profiles bootstrap failed: Hermes profiles directory not writable at /app/data/hermes/profiles. could not create profiles directory: Error Domain=NSCocoaErrorDomain Code=642 "You can’t save the file “profiles” because the volume is read only." UserInfo={NSFilePath=/app/data/hermes/profiles, NSURL=file:///app/data/hermes/profiles, NSUnderlyingError=0x7959d0c90 {Error Domain=NSPOSIXErrorDomain Code=30 "Read-only file system"}} Ensure data/hermes/profiles exists and is writable by the hummingbird user (see docs/startup.md and docker/hermes-entrypoint.sh).
✘ Test "hello route serves" recorded an issue at AppTests.swift:9:6: Caught error: Hermes profiles directory not writable at /app/data/hermes/profiles. could not create profiles directory: Error Domain=NSCocoaErrorDomain Code=642 "You can’t save the file “profiles” because the volume is read only." UserInfo={NSFilePath=/app/data/hermes/profiles, NSURL=file:///app/data/hermes/profiles, NSUnderlyingError=0x7959d0c90 {Error Domain=NSPOSIXErrorDomain Code=30 "Read-only file system"}} Ensure data/hermes/profiles exists and is writable by the hummingbird user (see docs/startup.md and docker/hermes-entrypoint.sh).
2026-06-11T11:26:45+0100 info test: [App] provider registered: hermesGateway
✘ Test "health route returns OK" recorded an issue at AppTests.swift:19:6: Caught error: Hermes profiles directory not writable at /app/data/hermes/profiles. could not create profiles directory: Error Domain=NSCocoaErrorDomain Code=642 "You can’t save the file “profiles” because the volume is read only." UserInfo={NSFilePath=/app/data/hermes/profiles, NSURL=file:///app/data/hermes/profiles, NSUnderlyingError=0x7959d0450 {Error Domain=NSPOSIXErrorDomain Code=30 "Read-only file system"}} Ensure data/hermes/profiles exists and is writable by the hummingbird user (see docs/startup.md and docker/hermes-entrypoint.sh).
2026-06-11T11:26:45+0100 warning lv.embedding.fallback: [App] embedding recoverable failure: provider=openai err=transient(reason: "p")
2026-06-11T11:26:45+0100 warning lv.embedding.fallback: [App] embedding recoverable failure: provider=deterministic err=network(reason: "f")
2026-06-11T11:26:45+0100 warning test.ratelimit: [App] rateLimit.storageKind=redis requested but Redis driver not yet wired; falling back to memory
2026-06-11T11:26:45+0100 warning lv.embedding.fallback: [App] embedding permanent failure: provider=openai err=permanent(reason: App.EmbeddingProviderError.PermanentReason.authRejected)
2026-06-11T11:26:45+0100 warning test.ratelimit: [App] rateLimit.storageKind=redis requested but Redis driver not yet wired; falling back to memory
2026-06-11T11:26:45+0100 warning lv.embedding.fallback: [App] embedding recoverable failure: provider=openai err=transient(reason: "503")
2026-06-11T11:26:45+0100 info lv.embedding.fallback: [App] embedding recovered via fallback: deterministic
2026-06-11T11:26:45+0100 warning test.eventbus: [App] skills.eventbus dropped event vault_file_created for subscriber 5EDB3FC8-5429-41E6-8BC6-22A4613FC63D
2026-06-11T11:26:45+0100 warning test.eventbus: [App] skills.eventbus dropped event vault_file_created for subscriber 5EDB3FC8-5429-41E6-8BC6-22A4613FC63D
2026-06-11T11:26:45+0100 warning test.eventbus: [App] skills.eventbus dropped event vault_file_created for subscriber 5EDB3FC8-5429-41E6-8BC6-22A4613FC63D
2026-06-11T11:26:45+0100 warning test.eventbus: [App] skills.eventbus dropped event vault_file_created for subscriber 5EDB3FC8-5429-41E6-8BC6-22A4613FC63D
2026-06-11T11:26:45+0100 warning test.eventbus: [App] skills.eventbus dropped event vault_file_created for subscriber 5EDB3FC8-5429-41E6-8BC6-22A4613FC63D
2026-06-11T11:26:45+0100 warning test.eventbus: [App] skills.eventbus dropped event vault_file_created for subscriber 5EDB3FC8-5429-41E6-8BC6-22A4613FC63D
2026-06-11T11:26:45+0100 warning test.eventbus: [App] skills.eventbus dropped event vault_file_created for subscriber 5EDB3FC8-5429-41E6-8BC6-22A4613FC63D
2026-06-11T11:26:45+0100 warning test.eventbus: [App] skills.eventbus dropped event vault_file_created for subscriber 5EDB3FC8-5429-41E6-8BC6-22A4613FC63D
2026-06-11T11:26:45+0100 warning test.eventbus: [App] skills.eventbus dropped event vault_file_created for subscriber 5EDB3FC8-5429-41E6-8BC6-22A4613FC63D
2026-06-11T11:26:45+0100 warning test.eventbus: [App] skills.eventbus dropped event vault_file_created for subscriber 5EDB3FC8-5429-41E6-8BC6-22A4613FC63D
2026-06-11T11:26:45+0100 warning test.eventbus: [App] skills.eventbus dropped event vault_file_created for subscriber 5EDB3FC8-5429-41E6-8BC6-22A4613FC63D
2026-06-11T11:26:45+0100 warning test.eventbus: [App] skills.eventbus dropped event vault_file_created for subscriber 5EDB3FC8-5429-41E6-8BC6-22A4613FC63D
2026-06-11T11:26:45+0100 warning test.eventbus: [App] skills.eventbus dropped event vault_file_created for subscriber 5EDB3FC8-5429-41E6-8BC6-22A4613FC63D
2026-06-11T11:26:45+0100 warning test.eventbus: [App] skills.eventbus dropped event vault_file_created for subscriber 5EDB3FC8-5429-41E6-8BC6-22A4613FC63D
2026-06-11T11:26:45+0100 warning test.eventbus: [App] skills.eventbus dropped event vault_file_created for subscriber 5EDB3FC8-5429-41E6-8BC6-22A4613FC63D
2026-06-11T11:26:45+0100 warning test.eventbus: [App] skills.eventbus dropped event vault_file_created for subscriber 5EDB3FC8-5429-41E6-8BC6-22A4613FC63D
2026-06-11T11:26:45+0100 warning test.eventbus: [App] skills.eventbus dropped event vault_file_created for subscriber 5EDB3FC8-5429-41E6-8BC6-22A4613FC63D
2026-06-11T11:26:45+0100 warning test.eventbus: [App] skills.eventbus dropped event vault_file_created for subscriber 5EDB3FC8-5429-41E6-8BC6-22A4613FC63D
2026-06-11T11:26:45+0100 warning test.eventbus: [App] skills.eventbus dropped event vault_file_created for subscriber 5EDB3FC8-5429-41E6-8BC6-22A4613FC63D
2026-06-11T11:26:45+0100 warning test.eventbus: [App] skills.eventbus dropped event vault_file_created for subscriber 5EDB3FC8-5429-41E6-8BC6-22A4613FC63D
2026-06-11T11:26:45+0100 warning test.eventbus: [App] skills.eventbus dropped event vault_file_created for subscriber 5EDB3FC8-5429-41E6-8BC6-22A4613FC63D
2026-06-11T11:26:45+0100 warning test.eventbus: [App] skills.eventbus dropped event vault_file_created for subscriber 5EDB3FC8-5429-41E6-8BC6-22A4613FC63D
2026-06-11T11:26:45+0100 warning test.eventbus: [App] skills.eventbus dropped event vault_file_created for subscriber 5EDB3FC8-5429-41E6-8BC6-22A4613FC63D
2026-06-11T11:26:45+0100 warning test.eventbus: [App] skills.eventbus dropped event vault_file_created for subscriber 5EDB3FC8-5429-41E6-8BC6-22A4613FC63D
2026-06-11T11:26:45+0100 warning test.eventbus: [App] skills.eventbus dropped event vault_file_created for subscriber 5EDB3FC8-5429-41E6-8BC6-22A4613FC63D
2026-06-11T11:26:45+0100 warning test.eventbus: [App] skills.eventbus dropped event vault_file_created for subscriber 5EDB3FC8-5429-41E6-8BC6-22A4613FC63D
2026-06-11T11:26:45+0100 warning test.eventbus: [App] skills.eventbus dropped event vault_file_created for subscriber 5EDB3FC8-5429-41E6-8BC6-22A4613FC63D
2026-06-11T11:26:45+0100 warning test.eventbus: [App] skills.eventbus dropped event vault_file_created for subscriber 5EDB3FC8-5429-41E6-8BC6-22A4613FC63D
2026-06-11T11:26:45+0100 warning test.eventbus: [App] skills.eventbus dropped event vault_file_created for subscriber 5EDB3FC8-5429-41E6-8BC6-22A4613FC63D
2026-06-11T11:26:45+0100 warning test.eventbus: [App] skills.eventbus dropped event vault_file_created for subscriber 5EDB3FC8-5429-41E6-8BC6-22A4613FC63D
2026-06-11T11:26:45+0100 warning test.eventbus: [App] skills.eventbus dropped event vault_file_created for subscriber 5EDB3FC8-5429-41E6-8BC6-22A4613FC63D
2026-06-11T11:26:45+0100 warning test.eventbus: [App] skills.eventbus dropped event vault_file_created for subscriber 5EDB3FC8-5429-41E6-8BC6-22A4613FC63D
2026-06-11T11:26:45+0100 warning test.eventbus: [App] skills.eventbus dropped event vault_file_created for subscriber 5EDB3FC8-5429-41E6-8BC6-22A4613FC63D
2026-06-11T11:26:45+0100 warning test.eventbus: [App] skills.eventbus dropped event vault_file_created for subscriber 5EDB3FC8-5429-41E6-8BC6-22A4613FC63D
2026-06-11T11:26:45+0100 warning test.eventbus: [App] skills.eventbus dropped event vault_file_created for subscriber 5EDB3FC8-5429-41E6-8BC6-22A4613FC63D
2026-06-11T11:26:45+0100 warning test.eventbus: [App] skills.eventbus dropped event vault_file_created for subscriber 5EDB3FC8-5429-41E6-8BC6-22A4613FC63D
2026-06-11T11:26:45+0100 error lv.test.hermes-stream: code=400 message=Provider returned error [App] hermes stream upstream error payload
◇ Test case passing 1 argument status → 500 to "5xx maps to transient" started.
◇ Test case passing 1 argument status → 502 to "5xx maps to transient" started.
◇ Test case passing 1 argument status → 503 to "5xx maps to transient" started.
◇ Test case passing 1 argument status → 504 to "5xx maps to transient" started.
◇ Test case passing 1 argument status → 599 to "5xx maps to transient" started.
◇ Test case passing 1 argument status → 408 to "transient retry codes" started.
◇ Test case passing 1 argument status → 425 to "transient retry codes" started.
◇ Test case passing 1 argument status → 429 to "transient retry codes" started.
◇ Test case passing 1 argument body → "{"error":{"type":"insufficient_quota"}}" to "403 with credit marker maps to creditExhausted" started.
◇ Test case passing 1 argument body → "Quota exceeded for organization xyz" to "403 with credit marker maps to creditExhausted" started.
◇ Test case passing 1 argument body → "Out of credits — top up your balance" to "403 with credit marker maps to creditExhausted" started.
◇ Test case passing 1 argument body → "Your billing subscription has lapsed" to "403 with credit marker maps to creditExhausted" started.
◇ Test case passing 1 argument body → "Payment required to continue" to "403 with credit marker maps to creditExhausted" started.
◇ Test case passing 1 argument body → "insufficient_balance" to "403 with credit marker maps to creditExhausted" started.
2026-06-11T11:26:45+0100 info test: [App] provider registered: hermesGateway
2026-06-11T11:26:45+0100 info test: [App] raindrop connector tenant=004E7274-BB3A-4ACE-A641-09AC5FA449B6 urls=2
2026-06-11T11:26:45+0100 critical lv.hermes: [App] hermes profiles bootstrap failed: Hermes profiles directory not writable at /app/data/hermes/profiles. could not create profiles directory: Error Domain=NSCocoaErrorDomain Code=642 "You can’t save the file “profiles” because the volume is read only." UserInfo={NSFilePath=/app/data/hermes/profiles, NSURL=file:///app/data/hermes/profiles, NSUnderlyingError=0x7959d14a0 {Error Domain=NSPOSIXErrorDomain Code=30 "Read-only file system"}} Ensure data/hermes/profiles exists and is writable by the hummingbird user (see docs/startup.md and docker/hermes-entrypoint.sh).
2026-06-11T11:26:45+0100 warning test: [App] provider hermesGateway failed (upstream_timeout): network(provider: App.ProviderKind.hermesGateway, underlying: Error Domain=NSURLErrorDomain Code=-1001 "(null)")
✘ Test "unauthenticated request is rejected" recorded an issue at SkillsControllerTests.swift:13:6: Caught error: Hermes profiles directory not writable at /app/data/hermes/profiles. could not create profiles directory: Error Domain=NSCocoaErrorDomain Code=642 "You can’t save the file “profiles” because the volume is read only." UserInfo={NSFilePath=/app/data/hermes/profiles, NSURL=file:///app/data/hermes/profiles, NSUnderlyingError=0x7959d14a0 {Error Domain=NSPOSIXErrorDomain Code=30 "Read-only file system"}} Ensure data/hermes/profiles exists and is writable by the hummingbird user (see docs/startup.md and docker/hermes-entrypoint.sh).
2026-06-11T11:26:45+0100 error test: [App] all providers exhausted for decision [App.ModelRoute(provider: App.ProviderKind.hermesGateway, modelID: "hermes-3")]
2026-06-11T11:26:45+0100 info test.devicerpc: [App] device.command sent tenant=7DDDB397-6C77-4F1E-8500-4ABE5E3BB4E1 id=E2653FCA-58BE-4B0C-89EF-5ED2AE6FC385 kind=ping
2026-06-11T11:26:45+0100 info test: [App] provider registered: xai
2026-06-11T11:26:45+0100 info test: [App] provider registered: openRouter
2026-06-11T11:26:45+0100 warning test: [App] provider xai failed (credit_exhausted): creditExhausted(provider: App.ProviderKind.xai, status: 403, body: Optional("insufficient_quota"))
✔ Test "slug is namespaced and filesystem-safe" passed after 0.042 seconds.
✔ Test "parseMappings reads the canonical object" passed after 0.041 seconds.
✔ Test "classifier tolerates a json fence, rejects non-jobs and garbage" passed after 0.042 seconds.
✔ Test "error recoverability matrix" passed after 0.041 seconds.
✔ Test "body strips frontmatter and trims surrounding whitespace" passed after 0.042 seconds.
✔ Test "unclosed frontmatter is rejected with descriptive error" passed after 0.042 seconds.
✔ Test "parseBookmarksHTML extracts http(s) links, dedupes, drops non-http" passed after 0.042 seconds.
✔ Test "missing required description is rejected" passed after 0.042 seconds.
✔ Test "one-shot SKILL.md omits the schedule (run_at lives on skills_state)" passed after 0.042 seconds.
✔ Test "authored SKILL.md parses as a valid scheduled vault skill" passed after 0.042 seconds.
✔ Test "outputs and daily run cap decode correctly" passed after 0.042 seconds.
✔ Test "allowed-tools accepts yaml array" passed after 0.042 seconds.
✔ Test "parseMappings tolerates code fences and surrounding prose" passed after 0.042 seconds.
✔ Test "allowed-tools accepts space separated string" passed after 0.042 seconds.
✔ Test "reading-time is a captureHook entry in the catalog" passed after 0.042 seconds.
✔ Test "not installed leaves metadata unchanged" passed after 0.042 seconds.
✔ Test "parseMappings returns empty on garbage" passed after 0.042 seconds.
✔ Test "kind init accepts canonical + aliased + case-insensitive inputs" passed after 0.042 seconds.
✔ Test "reading-time hook installed transforms metadata at postEnrich" passed after 0.042 seconds.
✔ Test "permission denied maps to permissionDenied" passed after 0.042 seconds.
✔ Test "invalid capability value is rejected" passed after 0.042 seconds.
✔ Test "timeout error maps to timeout category" passed after 0.042 seconds.
✔ Test "sanitize message keeps role and tool_calls" passed after 0.042 seconds.
✔ Test "ensure creates profiles and accepts writes" passed after 0.042 seconds.
✔ Test "bash stderr line is stripped" passed after 0.042 seconds.
✔ Test "python no module named line is stripped" passed after 0.042 seconds.
✔ Test "clean assistant content returns empty array" passed after 0.042 seconds.
✔ Test "multiple stderr lines all stripped" passed after 0.042 seconds.
✔ Test "throwing hook is isolated and capture is unaffected" passed after 0.042 seconds.
✔ Test "missing frontmatter is rejected" passed after 0.042 seconds.
✔ Test "same_tool_failure_warning parses loop exhausted" passed after 0.042 seconds.
✔ Test "tool returned error parses tool name and message" passed after 0.042 seconds.
✔ Test "builtin resources are present and non empty" passed after 0.043 seconds.
✔ Test "empty input yields empty list" passed after 0.042 seconds.
✔ Test "invalid output kind is rejected" passed after 0.043 seconds.
✔ Test "parseBookmarksHTML returns empty for no links" passed after 0.042 seconds.
✔ Test "classifier parses a recurring job" passed after 0.043 seconds.
✔ Test "missing required name is rejected" passed after 0.043 seconds.
✔ Test "missing required capability is rejected" passed after 0.043 seconds.
✔ Test "sanitize message collapses empty content to empty string" passed after 0.042 seconds.
✔ Test "generic network code maps to 502 Bad Gateway" passed after 0.042 seconds.
✔ Test "sanitize collapses to nil when content was only noise" passed after 0.042 seconds.
✔ Test "hook for a different point does not run" passed after 0.043 seconds.
✔ Test "sanitize preserves nil and empty inputs" passed after 0.042 seconds.
✔ Test "non-captureHook install is ignored" passed after 0.042 seconds.
✔ Test "empty content returns empty array" passed after 0.042 seconds.
✔ Test "rejects empty kid" passed after 0.042 seconds.
✔ Test "youtube-transcript-api missing maps to notInstalled" passed after 0.042 seconds.
✔ Test "upstream_rejected maps to 502 Bad Gateway" passed after 0.042 seconds.
✔ Test "access and query hits dominate old row" passed after 0.042 seconds.
✔ Test "recency decays at halflife" passed after 0.042 seconds.
✔ Test "fresh untouched memory scores one" passed after 0.042 seconds.
✔ Test "zero age never negative" passed after 0.042 seconds.
✔ Test "timeout code maps to 504 Gateway Timeout" passed after 0.042 seconds.
✔ Test "retry_after_ms omitted when nil" passed after 0.042 seconds.
✔ Test "rejects short secret" passed after 0.042 seconds.
✔ Test "nil created at treated as now" passed after 0.042 seconds.
✔ Test "parses csv into ordered kid/secret pairs" passed after 0.042 seconds.
2026-06-11T11:26:45+0100 info test: [App] provider config enabled: anthropic
2026-06-11T11:26:45+0100 info test: [App] provider config enabled: openai
2026-06-11T11:26:45+0100 info test: [App] provider config enabled: gemini
2026-06-11T11:26:45+0100 info test: [App] provider config enabled: together
✔ Test "slugify produces a valid Space slug" passed after 0.043 seconds.
2026-06-11T11:26:45+0100 info test: [App] provider config enabled: groq
2026-06-11T11:26:45+0100 info test: [App] provider config enabled: fireworks
2026-06-11T11:26:45+0100 info test: [App] provider config enabled: deepseekDirect
✔ Test "tirith spawn error maps to notInstalled" passed after 0.042 seconds.
✔ Test "body serializes to error envelope JSON" passed after 0.043 seconds.
✔ Test "dnsLookupFailed URLError maps to upstream_unreachable" passed after 0.041 seconds.
✔ Test "timeout URLError maps to upstream_timeout reason code" passed after 0.042 seconds.
✔ Test "rejects duplicate kids" passed after 0.042 seconds.
✔ Test "cannotConnectToHost URLError maps to upstream_unreachable" passed after 0.042 seconds.
✔ Test "rejects entry without colon" passed after 0.042 seconds.
✔ Test "networkConnectionLost URLError maps to upstream_unreachable" passed after 0.042 seconds.
✔ Test "tolerates whitespace around entries" passed after 0.042 seconds.
✘ Test "recent endpoint rejects unauthenticated request" failed after 0.044 seconds with 1 issue.
✔ Test "unreachable code maps to 502 Bad Gateway" passed after 0.042 seconds.
✔ Test "unknown URLError falls through to generic network code" passed after 0.042 seconds.
✔ Test "notConnectedToInternet URLError maps to upstream_unreachable" passed after 0.042 seconds.
✘ Test "list endpoint rejects unauthenticated request" failed after 0.044 seconds with 1 issue.
✔ Test "parser succeeds on every builtin manifest" passed after 0.044 seconds.
✔ Test "creditExhausted carries provider name" passed after 0.042 seconds.
✔ Test "non-URLError underlying falls through to generic network code" passed after 0.042 seconds.
✔ Test "cannotFindHost URLError maps to upstream_unreachable" passed after 0.042 seconds.
✔ Test "returns empty array on transport failure" passed after 0.041 seconds.
✔ Test "loaded collection verifies token signed by active kid" passed after 0.043 seconds.
✔ Test "returns empty array on malformed assistant JSON" passed after 0.041 seconds.
✔ Test "tokens signed by retired kid still verify after rotation" passed after 0.043 seconds.
✔ Test "returns empty array on empty assistant content" passed after 0.041 seconds.
✔ Test "user extension post init defaults are trial" passed after 0.041 seconds.
✔ Test "user extension decodes unrecognized override as none" passed after 0.041 seconds.
✔ Test "caps output at maxFollowUps soft ceiling" passed after 0.042 seconds.
✔ Test "override pro raises lapsed to pro" passed after 0.041 seconds.
✔ Test "chat allowed for active tiers" passed after 0.041 seconds.
✔ Test "memory compile allowed for active tiers" passed after 0.041 seconds.
✔ Test "context router ultimate only" passed after 0.041 seconds.
✔ Test "override ultimate unlocks everything" passed after 0.041 seconds.
✔ Test "byo key ultimate only" passed after 0.041 seconds.
✔ Test "skill builtin run allowed for active tiers" passed after 0.041 seconds.
✔ Test "lapsed gets only vault read and export" passed after 0.041 seconds.
✔ Test "override none is passthrough" passed after 0.041 seconds.
✔ Test "archived gets nothing" passed after 0.040 seconds.
✔ Test "mlx on device ultimate only" passed after 0.040 seconds.
✔ Test "vault read allowed everywhere except archived" passed after 0.040 seconds.
✔ Test "effective tier none is passthrough" passed after 0.041 seconds.
✔ Test "vault skill run ultimate only" passed after 0.041 seconds.
✔ Test "effective tier pro raises floor" passed after 0.041 seconds.
✔ Test "kb compile allowed for active tiers" passed after 0.041 seconds.
✔ Test "effective tier ultimate always wins" passed after 0.041 seconds.
✔ Test "vault export allowed everywhere except archived" passed after 0.041 seconds.
✔ Test "user extension decodes unrecognized tier as lapsed" passed after 0.040 seconds.
✔ Test "job config round-trips through JSON" passed after 0.041 seconds.
✔ Test "padToTarget truncates oversize vectors (defensive)" passed after 0.040 seconds.
✔ Test "cost is per-million-token rate applied to in and out" passed after 0.040 seconds.
✔ Test "placeholder matches pattern" passed after 0.041 seconds.
✔ Test "tokens signed by fully removed kid fail verification" passed after 0.044 seconds.
✔ Test "zero and negative tokens clamp to zero cost" passed after 0.041 seconds.
✔ Test "validates good slug" passed after 0.041 seconds.
✔ Test "override pro does not downgrade ultimate" passed after 0.041 seconds.
✔ Test "retry hint is positive and within a day" passed after 0.041 seconds.
✔ Test "padToTarget passes through exact-length vectors unchanged" passed after 0.041 seconds.
✔ Test "parses canonical {memories:[...]}" passed after 0.041 seconds.
✔ Test "builtin SKILL md is bundled and declares belief-evolution" passed after 0.041 seconds.
✔ Test "small token counts round down (integer micro-USD)" passed after 0.041 seconds.
✔ Test "padToTarget zero-pads short vectors to 1536" passed after 0.041 seconds.
✔ Test "parses JSON follow-up array from upstream assistant message" passed after 0.042 seconds.
✔ Test "buildPrompt with no sources still produces a valid prompt" passed after 0.042 seconds.
✔ Test "defaults are non empty" passed after 0.042 seconds.
✔ Test "defaults are all non blank" passed after 0.042 seconds.
✔ Test "trims whitespace and drops empty entries" passed after 0.042 seconds.
✔ Test "short-circuits without an upstream call when summary and sources are empty" passed after 0.042 seconds.
✔ Test "network error mentions provider" passed after 0.043 seconds.
✔ Test "buildPrompt truncates long source contents to keep tokens bounded" passed after 0.043 seconds.
✔ Test "extractLinks parses RSS <link> + Atom href, dedupes, drops non-http" passed after 0.040 seconds.
✔ Test "unknown tier defaults to trial cap" passed after 0.040 seconds.
✔ Test "record increments counter with reason_code dimension" passed after 0.040 seconds.
✔ Test "fetchURLs returns links for a public feed" passed after 0.040 seconds.
✔ Test "zero ultimate cap encodes the unlimited contract" passed after 0.040 seconds.
✔ Test "canHandle returns true for any url" passed after 0.042 seconds.
✔ Test "tier strings are case insensitive" passed after 0.040 seconds.
✔ Test "publish encodes envelope and broadcasts" passed after 0.040 seconds.
✔ Test "tier strings map to their declared caps" passed after 0.040 seconds.
✔ Test "read returns default template when file absent" passed after 0.041 seconds.
✔ Test "encoded shape is tagged envelope" passed after 0.040 seconds.
✔ Test "youtube enricher routes only youtube hosts" passed after 0.040 seconds.
✔ Test "missing feed_url throws missingConfig" passed after 0.040 seconds.
✔ Test "prompt body documents required structural contract" passed after 0.041 seconds.
✔ Test "empty memories yields empty" passed after 0.041 seconds.
✔ Test "generic og enricher is the catch all" passed after 0.040 seconds.
✔ Test "streak is zero with no activity and one for a single day" passed after 0.040 seconds.
✔ Test "parses a bare array" passed after 0.041 seconds.
✔ Test "strips code fences and prose" passed after 0.041 seconds.
✔ Test "rejects too long" passed after 0.042 seconds.
✔ Test "x enricher routes twitter and x hosts" passed after 0.040 seconds.
✔ Test "rejects too short" passed after 0.042 seconds.
✔ Test "retry hint from a known instant points at next UTC midnight" passed after 0.042 seconds.
✔ Test "wikiSlug sanitizes a path basename" passed after 0.041 seconds.
✔ Test "parses an array of {content} objects" passed after 0.041 seconds.
✔ Test "pro high routes sonnet then opus then gpt5" passed after 0.041 seconds.
2026-06-11T11:26:45+0100 warning test.sms.logging: [App] sms OTP (dev only): purpose=login to=+15555550100 code=123456
✔ Test "fixture memories are chronologically ordered and span 3 months" passed after 0.041 seconds.
✔ Test "streak spans month boundaries" passed after 0.040 seconds.
✔ Test "level follows floor sqrt plus one" passed after 0.040 seconds.
✔ Test "streak counts the most recent unbroken run" passed after 0.040 seconds.
✔ Test "streak is order-independent and dedupes" passed after 0.040 seconds.
✔ Test "non-public feed_url is rejected as invalidConfig (SSRF guard)" passed after 0.041 seconds.
✔ Test "rejects invalid chars" passed after 0.042 seconds.
✔ Test "daily 7am Lisbon matches 0700 local" passed after 0.040 seconds.
✔ Test "private and non-http urls are rejected" with 17 test cases passed after 0.040 seconds.
✔ Test "byok-embeddings is a memory plugin with a required secret key" passed after 0.039 seconds.
✔ Test "tz aware 0700 lisbon does not match 0700 utc when offset differs" passed after 0.039 seconds.
✔ Test "comma list of minutes" passed after 0.040 seconds.
✔ Test "memory entry surfaces under .memory and does not change connector slugs" passed after 0.039 seconds.
✔ Test "source defaults to vault" passed after 0.040 seconds.
✔ Test "xp weights memories, sessions, jobs, and badges" passed after 0.040 seconds.
✔ Test "dow only weekly memo monday 9am" passed after 0.040 seconds.
✔ Test "new xp terms default to zero for the legacy call shape" passed after 0.040 seconds.
✔ Test "severity number mapping covers swift-log levels" passed after 0.040 seconds.
✔ Test "level is at least one for zero xp" passed after 0.041 seconds.
✔ Test "xp adds connections, spaces, and streak" passed after 0.040 seconds.
✔ Test "nil resolver → permanent endpointMissing" passed after 0.040 seconds.
✔ Test "encodes OTLP logs request matching collector schema" passed after 0.040 seconds.
✔ Test "nvidia NIM adapter returns a completion" passed after 0.039 seconds.
✔ Test "respects max URL cap" passed after 0.040 seconds.
✔ Test "lowercases scheme and host during normalization" passed after 0.039 seconds.
✔ Test "featured and premium filters select the right entries" passed after 0.039 seconds.
✔ Test "extracts multiple distinct URLs in order" passed after 0.039 seconds.
✔ Test "step expression every 15 minutes" passed after 0.039 seconds.
✔ Test "capture allowed for active tiers" passed after 0.040 seconds.
✔ Test "returns empty for empty text" passed after 0.040 seconds.
✔ Test "int AnyValue is encoded as JSON string per OTLP spec" passed after 0.040 seconds.
✔ Test "readwise is featured, byok-embeddings is premium" passed after 0.040 seconds.
✔ Test "dedupes the same URL repeated" passed after 0.040 seconds.
✔ Test "range expression office hours" passed after 0.040 seconds.
✔ Test "dom or dow semantics" passed after 0.040 seconds.
✔ Test "public hosts pass" with 8 test cases passed after 0.040 seconds.
✔ Test "extracts single url" passed after 0.039 seconds.
✔ Test "caps at 5 urls per message" passed after 0.039 seconds.
✔ Test "extracts multiple distinct urls preserving order" passed after 0.039 seconds.
✔ Test "dedupes identical urls" passed after 0.039 seconds.
✔ Test "strips trailing punctuation" passed after 0.039 seconds.
✔ Test "empty extra round-trips with nil job" passed after 0.040 seconds.
✔ Test "401 maps to unauthorized" passed after 0.039 seconds.
✔ Test "strips default ports during normalization" passed after 0.040 seconds.
✔ Test "out of range integer rejected" passed after 0.041 seconds.
✔ Test "keeps URLs that differ in query string" passed after 0.040 seconds.
✔ Test "accepts valid E 164" passed after 0.039 seconds.
✔ Test "missing token throws missingConfig before any request" passed after 0.039 seconds.
✔ Test "rss + raindrop are in the catalog with the right field kinds" passed after 0.039 seconds.
✔ Test "nil model defaults to hermesGateway" passed after 0.038 seconds.
✔ Test "maps source_url, dedupes, drops non-http and null sources" passed after 0.039 seconds.
✔ Test "strips trailing right-paren and bracket" passed after 0.039 seconds.
✔ Test "rejects reserved" passed after 0.043 seconds.
✔ Test "gemini-2.5-pro routes to gemini" passed after 0.039 seconds.
✔ Test "non-gemini model goes to hermesGateway" passed after 0.038 seconds.
✔ Test "empty model defaults to hermesGateway" passed after 0.039 seconds.
✔ Test "claude model goes to hermesGateway" passed after 0.038 seconds.
✔ Test "500 maps to upstreamFailure" passed after 0.039 seconds.
✔ Test "same tenant same username is idempotent" passed after 0.039 seconds.
✔ Test "custom fallbacks are appended" passed after 0.038 seconds.
✔ Test "fromMemory builds DTO non-throwing on hydrated model" passed after 0.039 seconds.
✔ Test "fromMemory normalizes nil tags to empty array" passed after 0.038 seconds.
✔ Test "delete renames dir" passed after 0.039 seconds.
✔ Test "savedID returns id when memory was fetched (id set)" passed after 0.038 seconds.
✔ Test "drops non-public hosts via URLEnricherGuard" passed after 0.040 seconds.
✔ Test "case insensitive gemini routing" passed after 0.039 seconds.
✔ Test "empty input returns empty array" passed after 0.040 seconds.
✔ Test "ignores non-http schemes" passed after 0.040 seconds.
✔ Test "parses 5 fields" passed after 0.041 seconds.
✔ Test "rejects wrong field count" passed after 0.041 seconds.
✔ Test "fromMemory preserves createdAt when populated" passed after 0.039 seconds.
✔ Test "different destinations are independent" passed after 0.038 seconds.
✔ Test "different tenant same username throws" passed after 0.039 seconds.
✔ Test "bare gemini keyword routes to gemini" passed after 0.038 seconds.
✔ Test "consume typed returns wrong code then locked out" passed after 0.038 seconds.
✔ Test "provisions profile directory and config" passed after 0.039 seconds.
✔ Test "consume typed returns ok on happy path" passed after 0.038 seconds.
✔ Test "consume typed returns not found for unknown destination" passed after 0.038 seconds.
✔ Test "drops non-HTTP schemes" passed after 0.041 seconds.
✔ Test "dedupes URLs that differ only in fragment" passed after 0.041 seconds.
✔ Test "extracts a single bare URL" passed after 0.041 seconds.
✔ Test "primary success returns data" passed after 0.038 seconds.
✔ Test "JSON object with non-string type is rejected" passed after 0.038 seconds.
✘ Test "health route returns OK" failed after 0.040 seconds with 1 issue.
✔ Test "oversize message is rejected" passed after 0.038 seconds.
✔ Test "gemini-2.5-flash routes to gemini" passed after 0.039 seconds.
✔ Test "issued code consumes once" passed after 0.038 seconds.
✔ Test "reissue burns prior challenge" passed after 0.038 seconds.
✘ Test "hello route serves" failed after 0.040 seconds with 1 issue.
✔ Test "plain text is rejected as invalid JSON" passed after 0.038 seconds.
✔ Test "wrong code fails and counts" passed after 0.039 seconds.
✔ Test "message at exact size cap is allowed if JSON is valid" passed after 0.038 seconds.
✔ Test "JSON array at top level is rejected" passed after 0.038 seconds.
✔ Test "extra fields are tolerated" passed after 0.038 seconds.
✔ Test "titleize and summarize format display fields" passed after 0.037 seconds.
✔ Test "rejects invalid" passed after 0.040 seconds.
✔ Test "valid JSON with type field is allowed" passed after 0.037 seconds.
✔ Test "lv skill slug round-trips and rejects non-skill slugs" passed after 0.038 seconds.
✔ Test "empty string is rejected" passed after 0.038 seconds.
✔ Test "consume typed returns expired" passed after 0.039 seconds.
✔ Test "subscriber removed on stream termination" passed after 0.037 seconds.
✔ Test "unknown kind defaults to memory" passed after 0.037 seconds.
✔ Test "subscriber receives published event of matching type" passed after 0.037 seconds.
✔ Test "kind matching is case insensitive" passed after 0.037 seconds.
✔ Test "JSON object missing type field is rejected" passed after 0.038 seconds.
✔ Test "redis kind falls back to memory until driver lands" passed after 0.037 seconds.
✔ Test "memory kind returns MemoryPersistDriver" passed after 0.037 seconds.
✔ Test "round trips through HMAC" passed after 0.039 seconds.
✔ Test "bearer + session headers are sent when apiKey and sessionID are non-empty" passed after 0.037 seconds.
✔ Test "subscriber ignores events of different type" passed after 0.037 seconds.
✔ Test "publish with no subscribers is noop" passed after 0.036 seconds.
✔ Test "bearer header is omitted when apiKey is empty" passed after 0.037 seconds.
✔ Test "empty kind defaults to memory" passed after 0.037 seconds.
✔ Test "drops markdown extension" passed after 0.037 seconds.
✔ Test "bounded buffer drops oldest when consumer lags" passed after 0.037 seconds.
✔ Test "nil body never matches credit marker" passed after 0.037 seconds.
✔ Test "single word slug stays single word" passed after 0.037 seconds.
✔ Test "multiple subscribers all receive event" passed after 0.037 seconds.
✔ Test "titlecases slug segments" passed after 0.037 seconds.
✔ Test "402 maps to creditExhausted" passed after 0.036 seconds.
✔ Test "404 maps to permanent" passed after 0.036 seconds.
✔ Test "empty assistant completion maps to stream error event" passed after 0.037 seconds.
✔ Test "session id header is omitted when sessionID is empty string" passed after 0.037 seconds.
✔ Test "permanent error from primary rethrows immediately — no fallback" passed after 0.039 seconds.
✔ Test "all-recoverable chain rethrows last error" passed after 0.039 seconds.
✔ Test "403 plain maps to permanent" passed after 0.037 seconds.
✔ Test "transient retry codes" with 3 test cases passed after 0.036 seconds.
✔ Test "5xx maps to transient" with 5 test cases passed after 0.037 seconds.
✔ Test "unknown 4xx maps to permanent" passed after 0.037 seconds.
✔ Test "403 with credit marker maps to creditExhausted" with 6 test cases passed after 0.037 seconds.
✔ Test "429 reasonCode is rate_limit not upstream_error" passed after 0.036 seconds.
✔ Test "401 maps to permanent" passed after 0.036 seconds.
✔ Test "5xx reasonCode is upstream_error" passed after 0.037 seconds.
✔ Test "rejects empty, whitespace-internal, control chars, leading dash, and overlong" passed after 0.041 seconds.
✔ Test "HER-200 H1 dropped stream before any publish unregisters cleanly" passed after 0.037 seconds.
✔ Test "emits QR frame once block ends" passed after 0.036 seconds.
✔ Test "handles paths without date segment" passed after 0.037 seconds.
✔ Test "detects expiry" passed after 0.036 seconds.
✔ Test "ansi only and blank lines are inert" passed after 0.036 seconds.
✔ Test "ignores short block noise" passed after 0.036 seconds.
✔ Test "strips ANSI before classifying" passed after 0.036 seconds.
✔ Test "emits fresh QR frame after refresh" passed after 0.036 seconds.
✔ Test "detects linked success" passed after 0.036 seconds.
✔ Test "stream parser throws when upstream sends error payload" passed after 0.037 seconds.
✔ Test "seed writes config and env at volume root" passed after 0.039 seconds.
✔ Test "RateLimitStorageKind enum maps known values" passed after 0.038 seconds.
2026-06-11T11:26:45+0100 info test.devicerpc: [App] device.command sent tenant=B92BC07C-5E9C-4DF6-A405-A9A6AD534C9F id=4CECDAEF-3091-4CFB-8524-302DC814BA0F kind=ping
✔ Test "init rejects malformed base64" passed after 0.036 seconds.
✔ Test "model conforms to TenantModel" passed after 0.036 seconds.
✔ Test "detects error" passed after 0.036 seconds.
✔ Test "model uses expected schema name" passed after 0.036 seconds.
✔ Test "HER-200 H1 subscribe registers synchronously without Task hop" passed after 0.038 seconds.
✔ Test "non-empty assistant completion does not map to stream error event" passed after 0.038 seconds.
✔ Test "parseHermesSkills accepts object, array, and string forms; dedupes" passed after 0.039 seconds.
✔ Test "transient primary advances to fallback" passed after 0.040 seconds.
✔ Test "hpid claim round trips" passed after 0.041 seconds.
✔ Test "exhausted timeout throws UpstreamErrorResponse with upstream_timeout" passed after 0.036 seconds.
✔ Test "parseIPv4 rejects out-of-range octet" passed after 0.035 seconds.
✔ Test "rejects host resolving to RFC1918 10dot8" passed after 0.035 seconds.
✔ Test "rejects host resolving to IPv6 loopback" passed after 0.035 seconds.
✔ Test "allows bare public IP over http when not requiring https" passed after 0.035 seconds.
✔ Test "rejects host resolving to IPv6 unique-local" passed after 0.035 seconds.
✘ Test "unauthenticated request is rejected" failed after 0.037 seconds with 1 issue.
✔ Test "init rejects empty master key" passed after 0.037 seconds.
✔ Test "missing token throws missingConfig" passed after 0.036 seconds.
✔ Test "maps items.link, dedupes, drops non-http; short page stops pagination" passed after 0.036 seconds.
✔ Test "401 maps to unauthorized" passed after 0.036 seconds.
✔ Test "accepts public host" passed after 0.035 seconds.
✔ Test "parseIPv4 accepts dotted quad" passed after 0.035 seconds.
✔ Test "rejects ftp scheme" passed after 0.035 seconds.
✔ Test "rejects EC2 metadata 169dot254dot169dot254" passed after 0.035 seconds.
✔ Test "rejects literal localhost" passed after 0.035 seconds.
✔ Test "rejects host resolving to RFC1918 172dot16to31" passed after 0.035 seconds.
✔ Test "validate accepts a complete config" passed after 0.035 seconds.
✔ Test "allows http to public host when not requiring https" passed after 0.035 seconds.
✔ Test "readwise is in the catalog with a secret access_token field" passed after 0.035 seconds.
✔ Test "prepends system when no system present" passed after 0.036 seconds.
✔ Test "re-resolves on every call (DNS rebinding defense)" passed after 0.036 seconds.
✔ Test "rejects 0dot0dot0dot0" passed after 0.036 seconds.
✔ Test "rejects host resolving to RFC1918 192dot168" passed after 0.036 seconds.
✔ Test "unresolvable host throws unresolvable" passed after 0.036 seconds.
✔ Test "allowPrivateRanges opens loopback" passed after 0.036 seconds.
✔ Test "done event has no payload key on wire" passed after 0.035 seconds.
✔ Test "accepts hub ids and urls, trimming whitespace" passed after 0.036 seconds.
✔ Test "buildPrompt embeds hits as numbered context block" passed after 0.035 seconds.
✔ Test "buildPrompt with no hits surfaces fallback context" passed after 0.035 seconds.
✔ Test "catalog filters by category and sorts by slug" passed after 0.035 seconds.
✔ Test "validate rejects unknown plugin, missing required, and unknown field" passed after 0.035 seconds.
✔ Test "different inputs produce different hashes" passed after 0.036 seconds.
✔ Test "still rejects private IP over http when not requiring https" passed after 0.036 seconds.
✔ Test "parseIPv4 rejects non-numeric" passed after 0.036 seconds.
✔ Test "non slash is ignored" passed after 0.034 seconds.
✔ Test "known synthesis aliases preserve topic input" passed after 0.034 seconds.
✔ Test "beliefs requires a topic" passed after 0.034 seconds.
✔ Test "SSE token event encodes as data colon json double newline" passed after 0.035 seconds.
✔ Test "classifies known CN origin model identifiers" passed after 0.035 seconds.
✔ Test "does not flag US or EU origin models" passed after 0.035 seconds.
✔ Test "SSE source event round-trips through wire format" passed after 0.035 seconds.
✔ Test "kb ingest aliases route to kb compile" passed after 0.034 seconds.
✔ Test "filter on empty candidates returns empty" passed after 0.035 seconds.
✔ Test "filter is no op when toggle off" passed after 0.035 seconds.
✔ Test "rejects http when requireHTTPS" passed after 0.036 seconds.
✔ Test "rejects literal 127dot0dot0dot1" passed after 0.036 seconds.
✔ Test "hash and verify round trip" passed after 0.036 seconds.
✔ Test "all seven providers env loadable from config" passed after 0.029 seconds.
✔ Test "rejects expired token" passed after 0.042 seconds.
2026-06-11T11:26:45+0100 info test.resend: [App] email OTP delivered via resend: purpose=login to=user@example.com
✔ Test "generic slash maps to skill name" passed after 0.035 seconds.
✔ Test "falls through to global when resolver returns nil" passed after 0.023 seconds.
✔ Test "200 response returns audio data with correct content type" passed after 0.040 seconds.
✔ Test "no resolution dispatches to managed baseURL without authorization" passed after 0.043 seconds.
✔ Test "request shape: POST /v1/embeddings, model + dimensions, Bearer auth" passed after 0.040 seconds.
✔ Suite "Import logic" passed after 0.056 seconds.
✔ Test "bearer header is sent when apiKey is non-empty" passed after 0.042 seconds.
✔ Suite HermesToolErrorClassifierTests passed after 0.056 seconds.
✔ Suite JWTKeyLoaderTests passed after 0.055 seconds.
✔ Suite SkillManifestTests passed after 0.056 seconds.
✔ Suite MemoryScoringTests passed after 0.055 seconds.
✔ Suite "EmbeddingProviderKind + Error" passed after 0.056 seconds.
✔ Suite UpstreamErrorResponseTests passed after 0.056 seconds.
✔ Suite "Capture hook dispatcher" passed after 0.056 seconds.
✔ Suite EntitlementCheckerTests passed after 0.056 seconds.
✔ Suite ProviderErrorReasonCodeTests passed after 0.056 seconds.
✔ Suite FollowUpGeneratorTests passed after 0.056 seconds.
✔ Suite CostLedgerServiceTests passed after 0.056 seconds.
✔ Suite UsernamePolicyTests passed after 0.056 seconds.
✔ Suite ProviderErrorSurfaceTests passed after 0.056 seconds.
✔ Suite "NomicEmbeddingService" passed after 0.056 seconds.
✔ Suite CardExtraTests passed after 0.056 seconds.
✔ Suite JobsTests passed after 0.056 seconds.
✔ Test "logging sender does not throw" passed after 0.024 seconds.
✔ Suite DailyRunCapTests passed after 0.056 seconds.
✔ Test "uses per-tenant service when resolver returns one" passed after 0.024 seconds.
✔ Suite "RSS connector" passed after 0.056 seconds.
✔ Test "filter excludes CN origin when toggle on" passed after 0.036 seconds.
✔ Suite SuggestionsControllerTests passed after 0.056 seconds.
✔ Suite PowerLevelTests passed after 0.056 seconds.
✔ Suite OTLPHTTPLogExporterTests passed after 0.056 seconds.
✔ Suite URLEnricherGuardTests passed after 0.056 seconds.
✔ Suite "Compile extraction parse" passed after 0.056 seconds.
✘ Suite AchievementsFlowTests failed after 0.057 seconds with 2 issues.
✔ Suite "Plugin marketplace curation" passed after 0.056 seconds.
✔ Suite BeliefEvolutionTests passed after 0.056 seconds.
✔ Suite "Memory provider plugin (BYO embeddings)" passed after 0.056 seconds.
✔ Suite URLExtractionServiceTests passed after 0.056 seconds.
✔ Suite CronExpressionTests passed after 0.056 seconds.
✔ Suite FilesystemHermesGatewayTests passed after 0.056 seconds.
✔ Suite MemorySavedIDTests passed after 0.056 seconds.
✔ Suite "RoutingModelRouterTests" passed after 0.056 seconds.
✔ Suite "WebSocketMemoryCompileProgressPublisher" passed after 0.056 seconds.
✔ Suite "Plugin catalog slice 2" passed after 0.056 seconds.
✔ Suite UpstreamErrorTelemetryTests passed after 0.056 seconds.
✔ Suite PhoneE164ValidatorTests passed after 0.056 seconds.
✔ Suite "Readwise connector" passed after 0.056 seconds.
✔ Suite HermesLLMStreamServiceTests passed after 0.056 seconds.
✔ Suite SessionTokenTests passed after 0.056 seconds.
✔ Suite RateLimitStorageFactoryTests passed after 0.056 seconds.
✔ Suite "Skill plugin catalog bridge" passed after 0.056 seconds.
✘ Suite AppTests failed after 0.056 seconds with 2 issues.
✔ Suite WebSocketBroadcastGuardTests passed after 0.056 seconds.
✔ Suite PreAuthChallengeStoreTests passed after 0.056 seconds.
✔ Suite WhatsAppPairParserTests passed after 0.056 seconds.
✔ Suite UserHermesConfigTests passed after 0.056 seconds.
✔ Suite SecretBoxTests passed after 0.056 seconds.
✔ Suite "Hermes hub skill ref validation" passed after 0.056 seconds.
✘ Suite SkillsControllerTests failed after 0.056 seconds with 1 issue.
✔ Suite SSRFGuardTests passed after 0.056 seconds.
✔ Suite "Plugin catalog validation" passed after 0.056 seconds.
✔ Suite QueryStreamTests passed after 0.056 seconds.
✔ Suite "EmbeddingFallbackService" passed after 0.056 seconds.
✔ Suite ProviderErrorClassifierTests passed after 0.056 seconds.
✔ Suite SlashCommandParserTests passed after 0.056 seconds.
✔ Test "URLRequest carries explicit 90s timeout interval" passed after 0.037 seconds.
✔ Test "posts JSON body with code, from, to, subject" passed after 0.046 seconds.
✔ Suite MemoControllerTitleTests passed after 0.056 seconds.
✔ Suite URLExtractorTests passed after 0.057 seconds.
2026-06-11T11:26:45+0100 info test.her240c: container=hermes-tenant-test sessionID=sess-1 [App] xai-oauth authorize URL emitted
◇ Test "ensure fails when profiles is not writable" started.
✔ Suite "Tenant-aware embedding routing" passed after 0.056 seconds.
◇ Test "pro medium routes sonnet then gemini 25 pro" started.
✔ Suite PasswordHasherTests passed after 0.056 seconds.
◇ Test "404 from container → permanent endpointMissing" started.
◇ Test "transient failovers to next" started.
◇ Test "write round trips through read" started.
◇ Test "non-timeout exhaustion does NOT include retry_after_ms" started.
◇ Test "merges into existing system" started.
✔ Suite "Raindrop connector" passed after 0.057 seconds.
2026-06-11T11:26:45+0100 info test: [App] provider config enabled: anthropic
2026-06-11T11:26:45+0100 info test: [App] provider config enabled: gemini
2026-06-11T11:26:45+0100 info test: [App] provider registered: hermesGateway
◇ Test "missing api key disables provider" started.
✔ Suite ModelOriginTests passed after 0.057 seconds.
✔ Test "valid token returns identity" passed after 0.043 seconds.
2026-06-11T11:26:45+0100 info test: [App] provider registered: together
2026-06-11T11:26:45+0100 info test: [App] provider registered: groq
◇ Test "seed is idempotent on identical re-call" started.
2026-06-11T11:26:45+0100 warning test: [App] provider together failed (rate_limit): transient(provider: App.ProviderKind.together, status: 429, body: nil)
2026-06-11T11:26:45+0100 info test: [App] provider registered: hermesGateway
◇ Test "enrich populates body with jina markdown" started.
✔ Test "requestAuthorizeURL extracts URL from Authorize prefix line" passed after 0.039 seconds.
2026-06-11T11:26:45+0100 warning test: [App] provider hermesGateway failed (upstream_unreachable): network(provider: App.ProviderKind.hermesGateway, underlying: Error Domain=NSURLErrorDomain Code=-1004 "(null)")
2026-06-11T11:26:45+0100 error test: [App] all providers exhausted for decision [App.ModelRoute(provider: App.ProviderKind.hermesGateway, modelID: "hermes-3")]
◇ Test "missing API key throws .permanent(.missingAPIKey)" started.
◇ Test "nvidia default base URL is the NIM integrate host" started.
2026-06-11T11:26:45+0100 info test: [App] provider config enabled: anthropic
◇ Test "request body carries lumina-to-alloy mapping and mp3 response_format" started.
◇ Test "non-stream payload retries once on URLError timedOut" started.
◇ Test "bearer header is omitted when apiKey is empty" started.
✔ Test "pro medium routes sonnet then gemini 25 pro" passed after 0.001 seconds.
◇ Test "defaultAuthHeader sends Authorization when no override is in scope" started.
✔ Test "transient failovers to next" passed after 0.001 seconds.
◇ Test "omits reply_to when not configured" started.
◇ Test "recording sender captures every call" started.
✔ Test "merges into existing system" passed after 0.001 seconds.
✔ Test "non-timeout exhaustion does NOT include retry_after_ms" passed after 0.001 seconds.
◇ Test "wrong audience throws invalid token" started.
◇ Test "requestAuthorizeURL accepts bare https x_ai URL on its own line" started.
✔ Test "missing api key disables provider" passed after 0.001 seconds.
✔ Test "404 from container → permanent endpointMissing" passed after 0.001 seconds.
◇ Test "free high routes deepseek then kimi" started.
✔ Test "falls back to per IP when identity missing" passed after 0.051 seconds.
✔ Test "nvidia default base URL is the NIM integrate host" passed after 0.001 seconds.
◇ Test "network error failovers to next" started.
2026-06-11T11:26:45+0100 info test: [App] provider config enabled: together
2026-06-11T11:26:45+0100 info test: [App] provider config enabled: groq
2026-06-11T11:26:45+0100 info test: [App] provider registered: hermesGateway
✔ Test "per user buckets are isolated behind shared IP" passed after 0.051 seconds.
✔ Test "HER-200 H1 concurrent subscribe and publish does not deadlock" passed after 0.045 seconds.
2026-06-11T11:26:45+0100 info test: [App] provider registered: together
2026-06-11T11:26:45+0100 info test: [App] provider registered: groq
2026-06-11T11:26:45+0100 info test.resend: [App] email OTP delivered via resend: purpose=verify to=user@example.com
✔ Test "enrich populates body with jina markdown" passed after 0.001 seconds.
✔ Test "recording sender captures every call" passed after 0.001 seconds.
2026-06-11T11:26:45+0100 warning lv.test.timeout: [App] hermes upstream timed out; retrying once after 2s
2026-06-11T11:26:45+0100 info test.soul: [App] soul.write tenant=08317CA0-6EBF-41AC-B188-E93B37FA70B7 bytes=31
✔ Suite RateLimitMiddlewareTests passed after 0.060 seconds.
◇ Test "latest user content walks backwards" started.
✔ Suite NvidiaNIMLiveTests passed after 0.060 seconds.
◇ Test "exhausted unreachable throws UpstreamErrorResponse with upstream_unreachable" started.
◇ Test "whitespace only api key counts as missing" started.
✔ Test "missing API key throws .permanent(.missingAPIKey)" passed after 0.001 seconds.
✔ Test "bearer header is omitted when apiKey is empty" passed after 0.001 seconds.
◇ Test "768-dim response zero-pads to 1536" started.
✔ Suite EventBusTests passed after 0.060 seconds.
2026-06-11T11:26:45+0100 info test: [App] provider registered: hermesGateway
✔ Test "free high routes deepseek then kimi" passed after 0.001 seconds.
2026-06-11T11:26:45+0100 info test.her240c: container=hermes-tenant-test sessionID=sess-2 [App] xai-oauth authorize URL emitted
✔ Test "request body carries lumina-to-alloy mapping and mp3 response_format" passed after 0.002 seconds.
✔ Test "write round trips through read" passed after 0.002 seconds.
◇ Test "enrich without api key omits Authorization header" started.
2026-06-11T11:26:45+0100 warning test: [App] provider hermesGateway failed (upstream_unreachable): network(provider: App.ProviderKind.hermesGateway, underlying: Error Domain=NSURLErrorDomain Code=-1004 "(null)")
◇ Test "twilio sender posts correct request" started.
2026-06-11T11:26:45+0100 error test: [App] all providers exhausted for decision [App.ModelRoute(provider: App.ProviderKind.hermesGateway, modelID: "hermes-3")]
2026-06-11T11:26:45+0100 warning test: [App] provider together failed (network): network(provider: App.ProviderKind.together, underlying: Error Domain=test Code=-1 "(null)")
◇ Test "HTTP 429 → .transient (fallback eligible)" started.
◇ Test "non-2xx upstream surfaces HTTPError badGateway" started.
✔ Test "latest user content walks backwards" passed after 0.001 seconds.
◇ Test "free medium routes gemini flash then deepseek" started.
◇ Test "429 maps to ProviderError transient" started.
◇ Test "write mirrors to both vault and hermes profile paths" started.
2026-06-11T11:26:45+0100 info test: [App] provider config enabled: gemini
2026-06-11T11:26:45+0100 info test: [App] provider config enabled: together
2026-06-11T11:26:45+0100 info test: [App] provider registered: hermesGateway
✔ Test "whitespace only api key counts as missing" passed after 0.001 seconds.
✔ Test "omits reply_to when not configured" passed after 0.002 seconds.
✔ Test "requestAuthorizeURL accepts bare https x_ai URL on its own line" passed after 0.001 seconds.
2026-06-11T11:26:45+0100 info test.twilio: [App] sms delivered via twilio: purpose=login to=+15555550199
2026-06-11T11:26:45+0100 error test.tts.openai: [App] openai tts transient 429: rate limited
✔ Test "exhausted unreachable throws UpstreamErrorResponse with upstream_unreachable" passed after 0.001 seconds.
◇ Test "disabled user is no op" started.
✔ Test "free medium routes gemini flash then deepseek" passed after 0.001 seconds.
◇ Test "optional base url is honored" started.
◇ Test "throws when API key empty" started.
2026-06-11T11:26:45+0100 error lv.test.memory.transport: [App] hermes upstream chat failed: unauthorized
◇ Test "requestAuthorizeURL throws when no matching line is emitted" started.
✔ Test "enrich without api key omits Authorization header" passed after 0.001 seconds.
✔ Test "defaultAuthHeader sends Authorization when no override is in scope" passed after 0.003 seconds.
2026-06-11T11:26:45+0100 info test: [App] provider config enabled: together
✔ Test "network error failovers to next" passed after 0.002 seconds.
◇ Test "permanent error throws UpstreamErrorResponse with upstream_rejected" started.
◇ Test "privacy no CN origin drops deepseek and kimi from free high" started.
2026-06-11T11:26:45+0100 info test: [App] provider registered: hermesGateway
✔ Test "optional base url is honored" passed after 0.001 seconds.
◇ Test "enrich caps body at 1MB" started.
✔ Test "non-2xx upstream surfaces HTTPError badGateway" passed after 0.001 seconds.
◇ Test "user override masks the defaultAuthHeader" started.
✔ Test "HTTP 429 → .transient (fallback eligible)" passed after 0.001 seconds.
◇ Test "permanent does not failover" started.
2026-06-11T11:26:45+0100 error test: [App] provider hermesGateway permanent: permanent(provider: App.ProviderKind.hermesGateway, status: 400, body: Optional("bad json"))
2026-06-11T11:26:45+0100 info test: [App] provider config enabled: together
2026-06-11T11:26:45+0100 info test: [App] provider config enabled: groq
2026-06-11T11:26:45+0100 info test: [App] provider registered: hermesGateway
✔ Test "768-dim response zero-pads to 1536" passed after 0.001 seconds.
2026-06-11T11:26:45+0100 info test.soul: [App] soul.write tenant=410EB85E-2352-43BB-921B-4D93037AD3AC bytes=14
✔ Test "twilio sender posts correct request" passed after 0.001 seconds.
2026-06-11T11:26:45+0100 info test: [App] provider registered: together
2026-06-11T11:26:45+0100 info test: [App] provider registered: groq
2026-06-11T11:26:45+0100 error test: [App] provider together permanent: permanent(provider: App.ProviderKind.together, status: 400, body: nil)
✔ Test "disabled user is no op" passed after 0.001 seconds.
◇ Test "hermes gateway enabled iff adapter registered" started.
✔ Suite URLSessionHermesChatTransportTests passed after 0.062 seconds.
◇ Test "HTTP 401 → .permanent(.authRejected)" started.
✔ Test "ensure fails when profiles is not writable" passed after 0.005 seconds.
◇ Test "twilio sender throws when unconfigured" started.
✔ Test "permanent error throws UpstreamErrorResponse with upstream_rejected" passed after 0.001 seconds.
✔ Test "privacy no CN origin drops deepseek and kimi from free high" passed after 0.001 seconds.
2026-06-11T11:26:45+0100 info test: [App] provider registered: hermesGateway
✔ Test "write mirrors to both vault and hermes profile paths" passed after 0.002 seconds.
◇ Test "selector returning nil leaves body untouched" started.
✔ Test "throws when API key empty" passed after 0.001 seconds.
✔ Suite HermesDataPathServiceTests passed after 0.064 seconds.
✔ Test "429 maps to ProviderError transient" passed after 0.002 seconds.
◇ Test "no providers exhausted throws UpstreamErrorResponse with no_providers" started.
✔ Test "user override masks the defaultAuthHeader" passed after 0.001 seconds.
◇ Test "write rejects body above 64 ki B" started.
✔ Suite LocalHermesEmbeddingServiceTests passed after 0.063 seconds.
2026-06-11T11:26:45+0100 warning test: [App] router decision had unregistered provider: hermesGateway
2026-06-11T11:26:45+0100 error test: [App] all providers exhausted for decision [App.ModelRoute(provider: App.ProviderKind.hermesGateway, modelID: "hermes-3")]
◇ Test "privacy no CN origin keeps non CN routes intact for pro" started.
◇ Test "400 maps to ProviderError permanent (non-recoverable)" started.
2026-06-11T11:26:45+0100 info test: [App] provider config enabled: anthropic
2026-06-11T11:26:45+0100 info test: [App] provider config enabled: openai
2026-06-11T11:26:45+0100 info test: [App] provider registered: hermesGateway
◇ Test "throws when from address empty" started.
✔ Test "hermes gateway enabled iff adapter registered" passed after 0.001 seconds.
◇ Test "user override dispatches to override baseURL with authorization" started.
✔ Test "requestAuthorizeURL throws when no matching line is emitted" passed after 0.002 seconds.
✔ Test "HTTP 401 → .permanent(.authRejected)" passed after 0.001 seconds.
✔ Test "no providers exhausted throws UpstreamErrorResponse with no_providers" passed after 0.001 seconds.
◇ Test "submitCallback forwards captured query to loopback and awaits exit" started.
◇ Test "usage callback receives token count from response" started.
2026-06-11T11:26:45+0100 error test.tts.openai: [App] openai tts permanent 400: bad request
✔ Test "privacy no CN origin keeps non CN routes intact for pro" passed after 0.001 seconds.
✔ Suite ProviderRegistryTests passed after 0.063 seconds.
◇ Test "exhausted unclassified errors throw UpstreamErrorResponse with upstream_error" started.
2026-06-11T11:26:45+0100 info test: [App] provider registered: hermesGateway
◇ Test "disabled providers fall through to hermes" started.
✔ Test "user override dispatches to override baseURL with authorization" passed after 0.001 seconds.
2026-06-11T11:26:45+0100 info test: [App] provider registered: hermesGateway
✔ Test "throws when from address empty" passed after 0.001 seconds.
2026-06-11T11:26:45+0100 info test.her240c: container=hermes-tenant-test sessionID=sess-4 [App] xai-oauth authorize URL emitted
◇ Test "non-override resolution falls back to managed baseURL" started.
◇ Test "throws on non 2xx response" started.
2026-06-11T11:26:45+0100 warning test: [App] provider hermesGateway unclassified error: OpaqueError()
2026-06-11T11:26:45+0100 error test: [App] all providers exhausted for decision [App.ModelRoute(provider: App.ProviderKind.hermesGateway, modelID: "hermes-3")]
✔ Test "disabled providers fall through to hermes" passed after 0.001 seconds.
◇ Test "ultimate tier uses pro routing table" started.
2026-06-11T11:26:45+0100 info test: [App] provider config enabled: anthropic
2026-06-11T11:26:45+0100 info test: [App] provider registered: hermesGateway
✔ Test "permanent does not failover" passed after 0.002 seconds.
◇ Test "all candidates exhausted throws" started.
2026-06-11T11:26:45+0100 info test: [App] provider registered: together
2026-06-11T11:26:45+0100 info test: [App] provider registered: groq
✔ Test "exhausted unclassified errors throw UpstreamErrorResponse with upstream_error" passed after 0.001 seconds.
✔ Suite RoutedLLMTransportTimeoutEnvelopeTests passed after 0.064 seconds.
2026-06-11T11:26:45+0100 error test.resend: [App] resend 422: {"name":"validation_error","message":"unverified sender"}
2026-06-11T11:26:45+0100 warning test: [App] provider together failed (upstream_error): transient(provider: App.ProviderKind.together, status: 503, body: nil)
✔ Test "twilio sender throws when unconfigured" passed after 0.002 seconds.
◇ Test "twilio sender throws on non 2 xx" started.
2026-06-11T11:26:45+0100 warning test: [App] provider groq failed (upstream_error): transient(provider: App.ProviderKind.groq, status: 502, body: nil)
2026-06-11T11:26:45+0100 error test: [App] all providers exhausted for decision [App.ModelRoute(provider: App.ProviderKind.together, modelID: "stub"), App.ModelRoute(provider: App.ProviderKind.groq, modelID: "stub")]
✔ Test "non-override resolution falls back to managed baseURL" passed after 0.001 seconds.
◇ Test "user override with nil authHeader skips the header" started.
✔ Test "400 maps to ProviderError permanent (non-recoverable)" passed after 0.002 seconds.
◇ Test "unknown voice falls through to alloy" started.
✔ Test "ultimate tier uses pro routing table" passed after 0.001 seconds.
2026-06-11T11:26:45+0100 error test.twilio: [App] twilio 401: {"message":"bad creds"}
✔ Test "usage callback receives token count from response" passed after 0.001 seconds.
◇ Test "ultimate override on lapsed user still routes pro" started.
2026-06-11T11:26:45+0100 info test: [App] provider config enabled: anthropic
2026-06-11T11:26:45+0100 info test: [App] provider registered: hermesGateway
✔ Test "selector returning nil leaves body untouched" passed after 0.002 seconds.
◇ Test "selector match prepends system prompt" started.
✔ Test "write rejects body above 64 ki B" passed after 0.002 seconds.
◇ Test "write accepts body at exactly 64 ki B" started.
✔ Suite OpenAIEmbeddingServiceTests passed after 0.065 seconds.
✔ Test "all candidates exhausted throws" passed after 0.001 seconds.
◇ Test "unregistered provider is skipped" started.
2026-06-11T11:26:45+0100 info test: [App] context-routing matched skill=daily-brief tenant=1F25AA7B-6592-4F2F-8AE0-3970C55D9E34
2026-06-11T11:26:45+0100 info test: [App] provider registered: groq
2026-06-11T11:26:45+0100 warning test: [App] router decision had unregistered provider: together
✔ Test "unregistered provider is skipped" passed after 0.001 seconds.
◇ Test "routed model id is rewritten into the payload" started.
2026-06-11T11:26:45+0100 info test: [App] provider registered: hermesGateway
✘ Test «unknown» recorded an issue at OpenAITTSAdapterTests.swift:155:13: Expectation failed: (parsed["voice"] as? String → nil) == "alloy"
✘ Test «unknown» recorded an issue at OpenAITTSAdapterTests.swift:155:13: Expectation failed: (parsed["voice"] as? String → nil) == "alloy"
✘ Test «unknown» recorded an issue at OpenAITTSAdapterTests.swift:155:13: Expectation failed: (parsed["voice"] as? String → nil) == "alloy"
✘ Test «unknown» recorded an issue at OpenAITTSAdapterTests.swift:155:13: Expectation failed: (parsed["voice"] as? String → nil) == "alloy"
✘ Test «unknown» recorded an issue at OpenAITTSAdapterTests.swift:155:13: Expectation failed: (parsed["voice"] as? String → nil) == "alloy"
✘ Test «unknown» recorded an issue at OpenAITTSAdapterTests.swift:155:13: Expectation failed: (parsed["voice"] as? String → nil) == "alloy"
✘ Test «unknown» recorded an issue at OpenAITTSAdapterTests.swift:155:13: Expectation failed: (parsed["voice"] as? String → nil) == "alloy"
✔ Test "user override with nil authHeader skips the header" passed after 0.001 seconds.
✘ Test «unknown» recorded an issue at OpenAITTSAdapterTests.swift:155:13: Expectation failed: (parsed["voice"] as? String → nil) == "alloy"
✘ Test «unknown» recorded an issue at OpenAITTSAdapterTests.swift:155:13: Expectation failed: (parsed["voice"] as? String → nil) == "alloy"
✘ Test «unknown» recorded an issue at OpenAITTSAdapterTests.swift:155:13: Expectation failed: (parsed["voice"] as? String → nil) == "alloy"
✘ Test «unknown» recorded an issue at OpenAITTSAdapterTests.swift:155:13: Expectation failed: (parsed["voice"] as? String → nil) == "alloy"
✘ Test «unknown» recorded an issue at OpenAITTSAdapterTests.swift:155:13: Expectation failed: (parsed["voice"] as? String → nil) == "alloy"
◇ Test "user override with empty authHeader skips the header" started.
✘ Test «unknown» recorded an issue at OpenAITTSAdapterTests.swift:155:13: Expectation failed: (parsed["voice"] as? String → nil) == "alloy"
✘ Test «unknown» recorded an issue at OpenAITTSAdapterTests.swift:155:13: Expectation failed: (parsed["voice"] as? String → nil) == "alloy"
✘ Test «unknown» recorded an issue at OpenAITTSAdapterTests.swift:155:13: Expectation failed: (parsed["voice"] as? String → nil) == "alloy"
✔ Test "throws on non 2xx response" passed after 0.001 seconds.
✔ Test "routed model id is rewritten into the payload" passed after 0.001 seconds.
✔ Test "twilio sender throws on non 2 xx" passed after 0.001 seconds.
✔ Suite RoutedLLMTransportTests passed after 0.066 seconds.
✔ Test "unknown voice falls through to alloy" passed after 0.001 seconds.
✔ Suite SMSSenderTests passed after 0.066 seconds.
✔ Test "selector match prepends system prompt" passed after 0.001 seconds.
◇ Test "entitlement gate blocks when false" started.
✔ Test "user override with empty authHeader skips the header" passed after 0.001 seconds.
✔ Suite OpenAITTSAdapterTests passed after 0.066 seconds.
◇ Test "non-nil sessionID sets X-Hermes-Session-Id header" started.
✔ Suite ResendEmailOTPSenderTests passed after 0.067 seconds.
✔ Test "ultimate override on lapsed user still routes pro" passed after 0.001 seconds.
◇ Test "nil user defaults to free routing" started.
2026-06-11T11:26:45+0100 info test: [App] provider config enabled: gemini
2026-06-11T11:26:45+0100 info test: [App] provider config enabled: together
2026-06-11T11:26:45+0100 info test: [App] provider registered: hermesGateway
✔ Test "nil user defaults to free routing" passed after 0.001 seconds.
✔ Test "entitlement gate blocks when false" passed after 0.001 seconds.
✔ Suite ModelRouterTests passed after 0.067 seconds.
✔ Test "non-nil sessionID sets X-Hermes-Session-Id header" passed after 0.001 seconds.
◇ Test "empty sessionID omits the X-Hermes-Session-Id header" started.
✔ Suite ContextRouterTests passed after 0.066 seconds.
✔ Test "empty sessionID omits the X-Hermes-Session-Id header" passed after 0.001 seconds.
✔ Suite HermesGatewayAdapterTests passed after 0.067 seconds.
2026-06-11T11:26:45+0100 info test.soul: [App] soul.write tenant=C890F945-FE92-4304-99CF-6F7E6BD7FF0A bytes=65536
✔ Test "write accepts body at exactly 64 ki B" passed after 0.002 seconds.
◇ Test "reset writes default template and overwrites prior content" started.
2026-06-11T11:26:45+0100 info test.soul: [App] soul.write tenant=92950D66-AC53-497A-A8AF-F3DD961E29BE bytes=9
2026-06-11T11:26:45+0100 info test.soul: [App] soul.reset tenant=92950D66-AC53-497A-A8AF-F3DD961E29BE
✔ Test "wrong audience throws invalid token" passed after 0.010 seconds.
✔ Test "reset writes default template and overwrites prior content" passed after 0.002 seconds.
◇ Test "wrong issuer throws invalid token" started.
◇ Test "write is atomic no tmp files left behind" started.
2026-06-11T11:26:45+0100 info test.soul: [App] soul.write tenant=2329CF2E-15E8-4A63-9F5E-184DBC85C7F2 bytes=6
2026-06-11T11:26:45+0100 info test.soul: [App] soul.write tenant=2329CF2E-15E8-4A63-9F5E-184DBC85C7F2 bytes=7
✔ Test "write is atomic no tmp files left behind" passed after 0.001 seconds.
◇ Test "init if missing does not overwrite existing file" started.
2026-06-11T11:26:45+0100 info test.soul: [App] soul.write tenant=93F70960-AA4F-4FC0-9263-180FB2953F98 bytes=9
✔ Test "init if missing does not overwrite existing file" passed after 0.001 seconds.
✔ Suite SOULServiceTests passed after 0.074 seconds.
✔ Test "wrong issuer throws invalid token" passed after 0.006 seconds.
◇ Test "missing email throws missing claims" started.
✔ Test "missing email throws missing claims" passed after 0.005 seconds.
◇ Test "empty email throws missing claims" started.
✔ Test "enrich caps body at 1MB" passed after 0.023 seconds.
◇ Test "enrich retries once on 429 then succeeds" started.
2026-06-11T11:26:45+0100 warning test.jina: [App] jina rate-limited; retrying once after 2.0s
✔ Test "empty email throws missing claims" passed after 0.006 seconds.
◇ Test "unverified email throws unverified email" started.
✔ Test "credit exhaustion fires failover notice and falls over" passed after 0.075 seconds.
◇ Test "no notice when primary succeeds" started.
2026-06-11T11:26:45+0100 info test: [App] provider registered: anthropic
✔ Test "unverified email throws unverified email" passed after 0.006 seconds.
◇ Test "missing email verified claim throws unverified email" started.
✔ Test "missing email verified claim throws unverified email" passed after 0.008 seconds.
◇ Test "expired token throws" started.
✔ Test "expired token throws" passed after 0.005 seconds.
◇ Test "valid token accepts canonical issuer" started.
✔ Test "valid token accepts canonical issuer" passed after 0.005 seconds.
✔ Suite GoogleOAuthProviderTests passed after 0.114 seconds.
✔ Test "resolve completes a pending request" passed after 0.109 seconds.
✔ Test "no notice when primary succeeds" passed after 0.052 seconds.
◇ Test "chained failover only notices the last transition" started.
2026-06-11T11:26:45+0100 info test: [App] provider registered: xai
2026-06-11T11:26:45+0100 info test: [App] provider registered: anthropic
2026-06-11T11:26:45+0100 info test: [App] provider registered: openRouter
2026-06-11T11:26:45+0100 warning test: [App] provider xai failed (credit_exhausted): creditExhausted(provider: App.ProviderKind.xai, status: 402, body: nil)
2026-06-11T11:26:45+0100 warning test: [App] provider anthropic failed (rate_limit): transient(provider: App.ProviderKind.anthropic, status: 429, body: nil)
2026-06-11T11:26:45+0100 info test.her240c: exitCode=0 sessionID=sess-4 [App] xai-oauth CLI exited
✔ Test "submitCallback forwards captured query to loopback and awaits exit" passed after 0.107 seconds.
◇ Test "submitCallback throws sessionNotFound when registry is empty" started.
✔ Test "submitCallback throws sessionNotFound when registry is empty" passed after 0.001 seconds.
◇ Test "cancel removes registry entry" started.
2026-06-11T11:26:45+0100 info test.her240c: container=hermes-tenant-test sessionID=sess-5 [App] xai-oauth authorize URL emitted
✔ Test "cancel removes registry entry" passed after 0.001 seconds.
◇ Test "revoke shells out to hermes auth remove" started.
✔ Test "revoke shells out to hermes auth remove" passed after 0.001 seconds.
◇ Test "forwardURL preserves query string from captured URL" started.
✔ Test "forwardURL preserves query string from captured URL" passed after 0.001 seconds.
◇ Test "forwardURL returns base when captured has no query" started.
✔ Test "forwardURL returns base when captured has no query" passed after 0.001 seconds.
✔ Suite LiveXaiOAuthBackendTests passed after 0.171 seconds.
2026-06-11T11:26:45+0100 warning test.devicerpc: [App] device.command timed out id=E2653FCA-58BE-4B0C-89EF-5ED2AE6FC385
✔ Test "request times out without a result" passed after 0.163 seconds.
✔ Suite DeviceCommandBrokerTests passed after 0.180 seconds.
✔ Test "chained failover only notices the last transition" passed after 0.052 seconds.
✔ Suite RoutedLLMTransportFallbackTests passed after 0.198 seconds.
✔ Test "seed is idempotent on identical re-call" passed after 1.175 seconds.
◇ Test "seed rewrites on drift" started.
✔ Test "non-stream payload retries once on URLError timedOut" passed after 2.027 seconds.
◇ Test "non-stream payload throws after second timeout" started.
2026-06-11T11:26:47+0100 warning lv.test.timeout: [App] hermes upstream timed out; retrying once after 2s
✔ Test "enrich retries once on 429 then succeeds" passed after 2.002 seconds.
◇ Test "enrich throws JinaEnricherError after two 429s" started.
2026-06-11T11:26:47+0100 warning test.jina: [App] jina rate-limited; retrying once after 2.0s
✔ Test "seed rewrites on drift" passed after 1.177 seconds.
◇ Test "seed rewrites when api key rotates" started.
✔ Test "seed rewrites when api key rotates" passed after 0.003 seconds.
◇ Test "configYAML wires mnemosyne and disables native memory when enabled" started.
✔ Test "configYAML wires mnemosyne and disables native memory when enabled" passed after 0.001 seconds.
◇ Test "configYAML omits mnemosyne and leaves native memory when disabled" started.
✔ Test "configYAML omits mnemosyne and leaves native memory when disabled" passed after 0.001 seconds.
✔ Suite HermesTenantConfigSeedTests passed after 2.416 seconds.
✔ Test "enrich throws JinaEnricherError after two 429s" passed after 2.134 seconds.
◇ Test "enrich throws on network error" started.
✔ Test "non-stream payload throws after second timeout" passed after 2.136 seconds.
◇ Test "stream payload does NOT retry on timedOut" started.
✔ Test "stream payload does NOT retry on timedOut" passed after 0.002 seconds.
✔ Test "enrich throws on network error" passed after 0.002 seconds.
◇ Test "non-timeout URLError does NOT retry" started.
✔ Suite JinaEnricherTests passed after 4.227 seconds.
✔ Test "non-timeout URLError does NOT retry" passed after 0.001 seconds.
✔ Suite HermesGatewayTimeoutTests passed after 4.227 seconds.
✘ Test run with 476 tests in 86 suites failed after 4.229 seconds with 509 issues.
